Archive member included to satisfy reference by file (symbol)

app/libapp.a(main.c.obj)      (--whole-archive)
zephyr/libzephyr.a(cbprintf.c.obj)
                              (--whole-archive)
zephyr/libzephyr.a(crc32_sw.c.obj)
                              (--whole-archive)
zephyr/libzephyr.a(crc16_sw.c.obj)
                              (--whole-archive)
zephyr/libzephyr.a(crc8_sw.c.obj)
                              (--whole-archive)
zephyr/libzephyr.a(crc7_sw.c.obj)
                              (--whole-archive)
zephyr/libzephyr.a(dec.c.obj)
                              (--whole-archive)
zephyr/libzephyr.a(fdtable.c.obj)
                              (--whole-archive)
zephyr/libzephyr.a(hex.c.obj)
                              (--whole-archive)
zephyr/libzephyr.a(notify.c.obj)
                              (--whole-archive)
zephyr/libzephyr.a(printk.c.obj)
                              (--whole-archive)
zephyr/libzephyr.a(onoff.c.obj)
                              (--whole-archive)
zephyr/libzephyr.a(rb.c.obj)  (--whole-archive)
zephyr/libzephyr.a(sem.c.obj)
                              (--whole-archive)
zephyr/libzephyr.a(thread_entry.c.obj)
                              (--whole-archive)
zephyr/libzephyr.a(timeutil.c.obj)
                              (--whole-archive)
zephyr/libzephyr.a(work_q.c.obj)
                              (--whole-archive)
zephyr/libzephyr.a(heap.c.obj)
                              (--whole-archive)
zephyr/libzephyr.a(heap-validate.c.obj)
                              (--whole-archive)
zephyr/libzephyr.a(cbprintf_complete.c.obj)
                              (--whole-archive)
zephyr/libzephyr.a(configs.c.obj)
                              (--whole-archive)
zephyr/libzephyr.a(soc.c.obj)
                              (--whole-archive)
zephyr/libzephyr.a(power.c.obj)
                              (--whole-archive)
zephyr/libzephyr.a(validate_base_addresses.c.obj)
                              (--whole-archive)
zephyr/libzephyr.a(validate_enabled_instances.c.obj)
                              (--whole-archive)
zephyr/libzephyr.a(power.c.obj)
                              (--whole-archive)
zephyr/libzephyr.a(reboot.c.obj)
                              (--whole-archive)
zephyr/libzephyr.a(policy_residency.c.obj)
                              (--whole-archive)
zephyr/libzephyr.a(uart_console.c.obj)
                              (--whole-archive)
zephyr/libzephyr.a(clock_control_nrf.c.obj)
                              (--whole-archive)
zephyr/libzephyr.a(sys_clock_init.c.obj)
                              (--whole-archive)
zephyr/libzephyr.a(nrf_rtc_timer.c.obj)
                              (--whole-archive)
zephyr/libzephyr.a(nrf_cc3xx_platform_abort_zephyr.c.obj)
                              (--whole-archive)
zephyr/libzephyr.a(nrf_cc3xx_platform_mutex_zephyr.c.obj)
                              (--whole-archive)
zephyr/arch/common/libarch__common.a(sw_isr_common.c.obj)
                              (--whole-archive)
zephyr/arch/arch/arm/core/aarch32/libarch__arm__core__aarch32.a(swap.c.obj)
                              (--whole-archive)
zephyr/arch/arch/arm/core/aarch32/libarch__arm__core__aarch32.a(swap_helper.S.obj)
                              (--whole-archive)
zephyr/arch/arch/arm/core/aarch32/libarch__arm__core__aarch32.a(irq_manage.c.obj)
                              (--whole-archive)
zephyr/arch/arch/arm/core/aarch32/libarch__arm__core__aarch32.a(thread.c.obj)
                              (--whole-archive)
zephyr/arch/arch/arm/core/aarch32/libarch__arm__core__aarch32.a(cpu_idle.S.obj)
                              (--whole-archive)
zephyr/arch/arch/arm/core/aarch32/libarch__arm__core__aarch32.a(fatal.c.obj)
                              (--whole-archive)
zephyr/arch/arch/arm/core/aarch32/libarch__arm__core__aarch32.a(nmi.c.obj)
                              (--whole-archive)
zephyr/arch/arch/arm/core/aarch32/libarch__arm__core__aarch32.a(nmi_on_reset.S.obj)
                              (--whole-archive)
zephyr/arch/arch/arm/core/aarch32/libarch__arm__core__aarch32.a(prep_c.c.obj)
                              (--whole-archive)
zephyr/arch/arch/arm/core/aarch32/libarch__arm__core__aarch32.a(isr_wrapper.S.obj)
                              (--whole-archive)
zephyr/arch/arch/arm/core/aarch32/cortex_m/libarch__arm__core__aarch32__cortex_m.a(vector_table.S.obj)
                              (--whole-archive)
zephyr/arch/arch/arm/core/aarch32/cortex_m/libarch__arm__core__aarch32__cortex_m.a(reset.S.obj)
                              (--whole-archive)
zephyr/arch/arch/arm/core/aarch32/cortex_m/libarch__arm__core__aarch32__cortex_m.a(fault_s.S.obj)
                              (--whole-archive)
zephyr/arch/arch/arm/core/aarch32/cortex_m/libarch__arm__core__aarch32__cortex_m.a(fault.c.obj)
                              (--whole-archive)
zephyr/arch/arch/arm/core/aarch32/cortex_m/libarch__arm__core__aarch32__cortex_m.a(exc_exit.S.obj)
[...]
Memory Configuration

Name             Origin             Length             Attributes
FLASH            0x0000c200         0x00077e00         xr
SRAM             0x20000000         0x0007e000         xw
IDT_LIST         0x2007e000         0x00000800         xw
*default*        0x00000000         0xffffffff

Linker script and memory map

LOAD zephyr/CMakeFiles/zephyr_prebuilt.dir/misc/empty_file.c.obj
                0x00000020                _region_min_align = 0x20

.rel.plt        0x0000c200        0x0
 *(SORT_BY_ALIGNMENT(.rel.plt))
                [!provide]                PROVIDE (__rel_iplt_start = .)
 *(SORT_BY_ALIGNMENT(.rel.iplt))
 .rel.iplt      0x0000c200        0x0 app/libapp.a(main.c.obj)
                [!provide]                PROVIDE (__rel_iplt_end = .)

.rela.plt       0x00000000        0x0
 *(SORT_BY_ALIGNMENT(.rela.plt))
                [!provide]                PROVIDE (__rela_iplt_start = .)
 *(SORT_BY_ALIGNMENT(.rela.iplt))
                [!provide]                PROVIDE (__rela_iplt_end = .)

.rel.dyn
 *(SORT_BY_ALIGNMENT(.rel.*))

.rela.dyn
 *(SORT_BY_ALIGNMENT(.rela.*))

/DISCARD/
 *(SORT_BY_ALIGNMENT(.plt))
 *(SORT_BY_ALIGNMENT(.iplt))
 *(SORT_BY_ALIGNMENT(.got.plt))
 *(SORT_BY_ALIGNMENT(.igot.plt))
 *(SORT_BY_ALIGNMENT(.got))
 *(SORT_BY_ALIGNMENT(.igot))
 *(SORT_BY_ALIGNMENT(.note.GNU-stack))
                0x0000c200                _image_rom_start = 0xc200

rom_start       0x0000c200      0x154
                0x00000000                . = 0x0
                0x00000000                . = ALIGN (0x4)
                0x00000000                . = ALIGN (0x80)
                0x00000000                . = ALIGN (0x200)
                0x0000c200                _vector_start = .
 *(SORT_BY_ALIGNMENT(.exc_vector_table))
 *(SORT_BY_ALIGNMENT(.exc_vector_table.*))
 .exc_vector_table._vector_table_section
                0x0000c200       0x40 zephyr/arch/arch/arm/core/aarch32/cortex_m/libarch__arm__core__aarch32__cortex_m.a(vector_table.S.obj)
                0x0000c200                _vector_table
 *(SORT_BY_ALIGNMENT(.gnu.linkonce.irq_vector_table*))
 .gnu.linkonce.irq_vector_table*
                0x0000c240      0x114 zephyr/arch/common/libisr_tables.a(isr_tables.c.obj)
                0x0000c240                _irq_vector_table
 *(SORT_BY_ALIGNMENT(.vectors))
                0x0000c354                _vector_end = .
 *(SORT_BY_ALIGNMENT(.openocd_dbg))
 *(SORT_BY_ALIGNMENT(.openocd_dbg.*))

text            0x0000c354     0x4808
                0x0000c354                _image_text_start = .
 *(SORT_BY_ALIGNMENT(.text))
 .text          0x0000c354       0x30 c:/nrf/v1.9.1/toolchain/opt/bin/../lib/gcc/arm-none-eabi/9.2.1/thumb/v8-m.main/nofp\libgcc.a(_aeabi_uldivmod.o)
                0x0000c354                __aeabi_uldivmod
 .text          0x0000c384      0x2c8 c:/nrf/v1.9.1/toolchain/opt/bin/../lib/gcc/arm-none-eabi/9.2.1/thumb/v8-m.main/nofp\libgcc.a(_udivmoddi4.o)
                0x0000c384                __udivmoddi4
 .text          0x0000c64c        0x4 c:/nrf/v1.9.1/toolchain/opt/bin/../lib/gcc/arm-none-eabi/9.2.1/thumb/v8-m.main/nofp\libgcc.a(_dvmd_tls.o)
                0x0000c64c                __aeabi_idiv0
                0x0000c64c                __aeabi_ldiv0
 *(SORT_BY_ALIGNMENT(.text.*))
 .text.main     0x0000c650       0x10 app/libapp.a(main.c.obj)
                0x0000c650                main
 .text.char_out
                0x0000c660       0x10 zephyr/libzephyr.a(printk.c.obj)
 .text.__printk_hook_install
                0x0000c670        0xc zephyr/libzephyr.a(printk.c.obj)
                0x0000c670                __printk_hook_install
 .text.vprintk  0x0000c67c       0x1c zephyr/libzephyr.a(printk.c.obj)
                0x0000c67c                vprintk
 .text.process_event
                0x0000c698      0x1cc zephyr/libzephyr.a(onoff.c.obj)
 .text.cbvprintf
                0x0000c864      0x780 zephyr/libzephyr.a(cbprintf_complete.c.obj)
                0x0000c864                cbvprintf
 .text.check_erratum19
                0x0000cfe4       0x34 zephyr/libzephyr.a(soc.c.obj)
 .text.nrf_gpio_pin_mcu_select.constprop.0
                0x0000d018       0x30 zephyr/libzephyr.a(soc.c.obj)
 .text.nordicsemi_nrf53_init
                0x0000d048       0x4c zephyr/libzephyr.a(soc.c.obj)
 .text.arch_busy_wait
                0x0000d094       0x24 zephyr/libzephyr.a(soc.c.obj)
                0x0000d094                arch_busy_wait
 .text.sys_reboot
                0x0000d0b8       0x30 zephyr/libzephyr.a(reboot.c.obj)
                0x0000d0b8                sys_reboot
 .text.uart_console_init
                0x0000d0e8       0x2c zephyr/libzephyr.a(uart_console.c.obj)
 .text.console_out
                0x0000d114       0x28 zephyr/libzephyr.a(uart_console.c.obj)
 .text.onoff_stop
                0x0000d13c       0x48 zephyr/libzephyr.a(clock_control_nrf.c.obj)
 .text.onoff_start
                0x0000d184       0x58 zephyr/libzephyr.a(clock_control_nrf.c.obj)
 .text.clk_init
                0x0000d1dc       0x68 zephyr/libzephyr.a(clock_control_nrf.c.obj)
 .text.clkstarted_handle.constprop.0
                0x0000d244       0x34 zephyr/libzephyr.a(clock_control_nrf.c.obj)
 .text.clock_event_handler
                0x0000d278       0x30 zephyr/libzephyr.a(clock_control_nrf.c.obj)
 .text.generic_hfclk_start
                0x0000d2a8       0x64 zephyr/libzephyr.a(clock_control_nrf.c.obj)
 .text.generic_hfclk_stop
                0x0000d30c       0x24 zephyr/libzephyr.a(clock_control_nrf.c.obj)
 .text.api_blocking_start
                0x0000d330       0x34 zephyr/libzephyr.a(clock_control_nrf.c.obj)
 .text.z_nrf_clock_control_lf_on
                0x0000d364      0x10c zephyr/libzephyr.a(clock_control_nrf.c.obj)
                0x0000d364                z_nrf_clock_control_lf_on
 .text.sys_clock_timeout_handler
                0x0000d470       0x18 zephyr/libzephyr.a(nrf_rtc_timer.c.obj)
 .text.set_absolute_alarm
                0x0000d488       0x98 zephyr/libzephyr.a(nrf_rtc_timer.c.obj)
 .text.rtc_nrf_isr
                0x0000d520       0x50 zephyr/libzephyr.a(nrf_rtc_timer.c.obj)
                0x0000d520                rtc_nrf_isr
 .text.z_clock_driver_init
                0x0000d570       0x54 zephyr/libzephyr.a(nrf_rtc_timer.c.obj)
                0x0000d570                z_clock_driver_init
 .text.z_clock_set_timeout
                0x0000d5c4       0x64 zephyr/libzephyr.a(nrf_rtc_timer.c.obj)
                0x0000d5c4                z_clock_set_timeout
 .text.z_clock_elapsed
                0x0000d628       0x34 zephyr/libzephyr.a(nrf_rtc_timer.c.obj)
                0x0000d628                z_clock_elapsed
 .text.nrf_cc3xx_platform_abort_init
                0x0000d65c        0xc zephyr/libzephyr.a(nrf_cc3xx_platform_abort_zephyr.c.obj)
                0x0000d65c                nrf_cc3xx_platform_abort_init
 .text.mutex_unlock_platform
                0x0000d668       0x60 zephyr/libzephyr.a(nrf_cc3xx_platform_mutex_zephyr.c.obj)
 .text.mutex_free_platform
                0x0000d6c8       0x48 zephyr/libzephyr.a(nrf_cc3xx_platform_mutex_zephyr.c.obj)
 .text.mutex_init_platform
                0x0000d710       0x70 zephyr/libzephyr.a(nrf_cc3xx_platform_mutex_zephyr.c.obj)
 .text.mutex_lock_platform
                0x0000d780       0x68 zephyr/libzephyr.a(nrf_cc3xx_platform_mutex_zephyr.c.obj)
 .text.nrf_cc3xx_platform_mutex_init
                0x0000d7e8       0x2c zephyr/libzephyr.a(nrf_cc3xx_platform_mutex_zephyr.c.obj)
                0x0000d7e8                nrf_cc3xx_platform_mutex_init
 .text.arch_swap
                0x0000d814       0x34 zephyr/arch/arch/arm/core/aarch32/libarch__arm__core__aarch32.a(swap.c.obj)
                0x0000d814                arch_swap
 .text.z_arm_pendsv
                0x0000d848       0x58 zephyr/arch/arch/arm/core/aarch32/libarch__arm__core__aarch32.a(swap_helper.S.obj)
                0x0000d848                z_arm_pendsv
 .text.z_arm_svc
                0x0000d8a0       0x20 zephyr/arch/arch/arm/core/aarch32/libarch__arm__core__aarch32.a(swap_helper.S.obj)
                0x0000d8a0                z_arm_svc
 .text.arch_irq_enable
                0x0000d8c0       0x20 zephyr/arch/arch/arm/core/aarch32/libarch__arm__core__aarch32.a(irq_manage.c.obj)
                0x0000d8c0                arch_irq_enable
 .text.arch_irq_is_enabled
                0x0000d8e0       0x1c zephyr/arch/arch/arm/core/aarch32/libarch__arm__core__aarch32.a(irq_manage.c.obj)
                0x0000d8e0                arch_irq_is_enabled
 .text.z_arm_irq_priority_set
                0x0000d8fc       0x2c zephyr/arch/arch/arm/core/aarch32/libarch__arm__core__aarch32.a(irq_manage.c.obj)
                0x0000d8fc                z_arm_irq_priority_set
 .text.arch_new_thread
                0x0000d928       0x38 zephyr/arch/arch/arm/core/aarch32/libarch__arm__core__aarch32.a(thread.c.obj)
                0x0000d928                arch_new_thread
 .text.arch_switch_to_main_thread
                0x0000d960       0x34 zephyr/arch/arch/arm/core/aarch32/libarch__arm__core__aarch32.a(thread.c.obj)
                0x0000d960                arch_switch_to_main_thread
 .text.z_arm_cpu_idle_init
                0x0000d994        0xc zephyr/arch/arch/arm/core/aarch32/libarch__arm__core__aarch32.a(cpu_idle.S.obj)
                0x0000d994                z_arm_cpu_idle_init
 .text.arch_cpu_idle
                0x0000d9a0       0x1c zephyr/arch/arch/arm/core/aarch32/libarch__arm__core__aarch32.a(cpu_idle.S.obj)
                0x0000d9a0                arch_cpu_idle
 .text.arch_cpu_atomic_idle
                0x0000d9bc       0x14 zephyr/arch/arch/arm/core/aarch32/libarch__arm__core__aarch32.a(cpu_idle.S.obj)
                0x0000d9bc                arch_cpu_atomic_idle
 .text.z_SysNmiOnReset
                0x0000d9d0        0x8 zephyr/arch/arch/arm/core/aarch32/libarch__arm__core__aarch32.a(nmi_on_reset.S.obj)
                0x0000d9d0                z_SysNmiOnReset
 .text.z_arm_prep_c
                0x0000d9d8       0x44 zephyr/arch/arch/arm/core/aarch32/libarch__arm__core__aarch32.a(prep_c.c.obj)
                0x0000d9d8                z_arm_prep_c
 .text._isr_wrapper
                0x0000da1c       0x40 zephyr/arch/arch/arm/core/aarch32/libarch__arm__core__aarch32.a(isr_wrapper.S.obj)
                0x0000da1c                _isr_wrapper
 .text._reset_section
                0x0000da5c       0x60 zephyr/arch/arch/arm/core/aarch32/cortex_m/libarch__arm__core__aarch32__cortex_m.a(reset.S.obj)
                0x0000da5c                __start
                0x0000da5c                z_arm_reset
 .text.__fault  0x0000dabc       0x14 zephyr/arch/arch/arm/core/aarch32/cortex_m/libarch__arm__core__aarch32__cortex_m.a(fault_s.S.obj)
                0x0000dabc                z_arm_usage_fault
                0x0000dabc                z_arm_mpu_fault
                0x0000dabc                z_arm_exc_spurious
                0x0000dabc                z_arm_debug_monitor
                0x0000dabc                z_arm_hard_fault
                0x0000dabc                z_arm_bus_fault
 .text.mem_manage_fault.isra.0
                0x0000dad0       0x40 zephyr/arch/arch/arm/core/aarch32/cortex_m/libarch__arm__core__aarch32__cortex_m.a(fault.c.obj)
 .text.bus_fault.isra.0
                0x0000db10       0x3c zephyr/arch/arch/arm/core/aarch32/cortex_m/libarch__arm__core__aarch32__cortex_m.a(fault.c.obj)
 .text.usage_fault.isra.0
                0x0000db4c       0x2c zephyr/arch/arch/arm/core/aarch32/cortex_m/libarch__arm__core__aarch32__cortex_m.a(fault.c.obj)
 .text.z_arm_fault
                0x0000db78       0xe8 zephyr/arch/arch/arm/core/aarch32/cortex_m/libarch__arm__core__aarch32__cortex_m.a(fault.c.obj)
                0x0000db78                z_arm_fault
 .text.z_arm_fault_init
                0x0000dc60       0x18 zephyr/arch/arch/arm/core/aarch32/cortex_m/libarch__arm__core__aarch32__cortex_m.a(fault.c.obj)
                0x0000dc60                z_arm_fault_init
 .text._HandlerModeExit
                0x0000dc78       0x1c zephyr/arch/arch/arm/core/aarch32/cortex_m/libarch__arm__core__aarch32__cortex_m.a(exc_exit.S.obj)
                0x0000dc78                z_arm_int_exit
                0x0000dc78                z_arm_exc_exit
 .text.sys_arch_reboot
                0x0000dc94       0x24 zephyr/arch/arch/arm/core/aarch32/cortex_m/libarch__arm__core__aarch32__cortex_m.a(scb.c.obj)
                0x0000dc94                sys_arch_reboot
 .text.z_arm_clear_arm_mpu_config
                0x0000dcb8       0x20 zephyr/arch/arch/arm/core/aarch32/cortex_m/libarch__arm__core__aarch32__cortex_m.a(scb.c.obj)
                0x0000dcb8                z_arm_clear_arm_mpu_config
 .text.z_arm_init_arch_hw_at_boot
                0x0000dcd8       0x4c zephyr/arch/arch/arm/core/aarch32/cortex_m/libarch__arm__core__aarch32__cortex_m.a(scb.c.obj)
                0x0000dcd8                z_arm_init_arch_hw_at_boot
 .text.z_arm_interrupt_init
                0x0000dd24       0x18 zephyr/arch/arch/arm/core/aarch32/cortex_m/libarch__arm__core__aarch32__cortex_m.a(irq_init.c.obj)
                0x0000dd24                z_arm_interrupt_init
 .text.z_impl_k_thread_abort
                0x0000dd3c       0x44 zephyr/arch/arch/arm/core/aarch32/cortex_m/libarch__arm__core__aarch32__cortex_m.a(thread_abort.c.obj)
                0x0000dd3c                z_impl_k_thread_abort
 .text.z_arm_configure_static_mpu_regions
                0x0000dd80       0x38 zephyr/arch/arch/arm/core/aarch32/cortex_m/mpu/libarch__arm__core__aarch32__cortex_m__mpu.a(arm_core_mpu.c.obj)
                0x0000dd80                z_arm_configure_static_mpu_regions
 .text.region_init
                0x0000ddb8       0x30 zephyr/arch/arch/arm/core/aarch32/cortex_m/mpu/libarch__arm__core__aarch32__cortex_m__mpu.a(arm_mpu.c.obj)
 .text.mpu_configure_regions_and_partition.constprop.0
                0x0000dde8      0x13c zephyr/arch/arch/arm/core/aarch32/cortex_m/mpu/libarch__arm__core__aarch32__cortex_m__mpu.a(arm_mpu.c.obj)
 .text.arm_core_mpu_enable
                0x0000df24       0x14 zephyr/arch/arch/arm/core/aarch32/cortex_m/mpu/libarch__arm__core__aarch32__cortex_m__mpu.a(arm_mpu.c.obj)
                0x0000df24                arm_core_mpu_enable
 .text.arm_core_mpu_disable
                0x0000df38       0x10 zephyr/arch/arch/arm/core/aarch32/cortex_m/mpu/libarch__arm__core__aarch32__cortex_m__mpu.a(arm_mpu.c.obj)
                0x0000df38                arm_core_mpu_disable
 .text.arm_mpu_init
                0x0000df48       0x4c zephyr/arch/arch/arm/core/aarch32/cortex_m/mpu/libarch__arm__core__aarch32__cortex_m__mpu.a(arm_mpu.c.obj)
 .text.arm_core_mpu_configure_static_mpu_regions
                0x0000df94       0x14 zephyr/arch/arch/arm/core/aarch32/cortex_m/mpu/libarch__arm__core__aarch32__cortex_m__mpu.a(arm_mpu.c.obj)
                0x0000df94                arm_core_mpu_configure_static_mpu_regions
 .text.arm_core_mpu_mark_areas_for_dynamic_regions
                0x0000dfa8       0xac zephyr/arch/arch/arm/core/aarch32/cortex_m/mpu/libarch__arm__core__aarch32__cortex_m__mpu.a(arm_mpu.c.obj)
                0x0000dfa8                arm_core_mpu_mark_areas_for_dynamic_regions
 .text.__stdout_hook_install
                0x0000e054        0xc zephyr/lib/libc/minimal/liblib__libc__minimal.a(stdout_console.c.obj)
                0x0000e054                __stdout_hook_install
 .text.gpio_nrfx_init
                0x0000e060       0x30 zephyr/drivers/gpio/libdrivers__gpio.a(gpio_nrfx.c.obj)
 .text.gpio_nrfx_config
                0x0000e090       0xc0 zephyr/drivers/gpio/libdrivers__gpio.a(gpio_nrfx.c.obj)
 .text.nrf_gpio_cfg_sense_set
                0x0000e150       0x30 zephyr/drivers/gpio/libdrivers__gpio.a(gpio_nrfx.c.obj)
 .text.gpio_nrfx_pin_interrupt_configure
                0x0000e180      0x1a8 zephyr/drivers/gpio/libdrivers__gpio.a(gpio_nrfx.c.obj)
 .text.gpiote_event_handler
                0x0000e328       0xbc zephyr/drivers/gpio/libdrivers__gpio.a(gpio_nrfx.c.obj)
 .text.uarte_nrfx_configure
                0x0000e3e4      0x180 zephyr/drivers/serial/libdrivers__serial.a(uart_nrfx_uarte.c.obj)
 .text.uarte_nrfx_poll_out
                0x0000e564       0xb8 zephyr/drivers/serial/libdrivers__serial.a(uart_nrfx_uarte.c.obj)
 .text.nrf_gpio_cfg_output
                0x0000e61c       0x28 zephyr/drivers/serial/libdrivers__serial.a(uart_nrfx_uarte.c.obj)
 .text.nrf_gpio_pin_set
                0x0000e644       0x24 zephyr/drivers/serial/libdrivers__serial.a(uart_nrfx_uarte.c.obj)
 .text.uarte_0_init
                0x0000e668       0xf0 zephyr/drivers/serial/libdrivers__serial.a(uart_nrfx_uarte.c.obj)
 .text.nrf53_errata_42
                0x0000e758       0x28 modules/hal_nordic/libmodules__hal_nordic.a(system_nrf5340_application.c.obj)
 .text.SystemCoreClockUpdate
                0x0000e780       0x20 modules/hal_nordic/libmodules__hal_nordic.a(system_nrf5340_application.c.obj)
                0x0000e780                SystemCoreClockUpdate
 .text.SystemInit
                0x0000e7a0      0x104 modules/hal_nordic/libmodules__hal_nordic.a(system_nrf5340_application.c.obj)
                0x0000e7a0                SystemInit
 .text.nrfx_clock_init
                0x0000e8a4       0x20 modules/hal_nordic/libmodules__hal_nordic.a(nrfx_clock.c.obj)
                0x0000e8a4                nrfx_clock_init
 .text.nrfx_clock_start
                0x0000e8c4       0xa8 modules/hal_nordic/libmodules__hal_nordic.a(nrfx_clock.c.obj)
                0x0000e8c4                nrfx_clock_start
 .text.nrfx_clock_stop
                0x0000e96c       0xdc modules/hal_nordic/libmodules__hal_nordic.a(nrfx_clock.c.obj)
                0x0000e96c                nrfx_clock_stop
 .text.nrfx_power_clock_irq_handler
                0x0000ea48       0xb0 modules/hal_nordic/libmodules__hal_nordic.a(nrfx_clock.c.obj)
                0x0000ea48                nrfx_power_clock_irq_handler
 .text.nrfx_dppi_channel_alloc
                0x0000eaf8       0x38 modules/hal_nordic/libmodules__hal_nordic.a(nrfx_dppi.c.obj)
                0x0000eaf8                nrfx_dppi_channel_alloc
 .text.nrfx_gpiote_channel_free
                0x0000eb30       0x44 modules/hal_nordic/libmodules__hal_nordic.a(nrfx_gpiote.c.obj)
                0x0000eb30                nrfx_gpiote_channel_free
 .text.nrfx_gpiote_channel_alloc
                0x0000eb74       0x70 modules/hal_nordic/libmodules__hal_nordic.a(nrfx_gpiote.c.obj)
                0x0000eb74                nrfx_gpiote_channel_alloc
 .text.z_sys_init_run_level
                0x0000ebe4       0x50 zephyr/kernel/libkernel.a(device.c.obj)
                0x0000ebe4                z_sys_init_run_level
 .text.z_device_ready
                0x0000ec34       0x2c zephyr/kernel/libkernel.a(device.c.obj)
                0x0000ec34                z_device_ready
 .text.z_impl_device_get_binding
                0x0000ec60       0x50 zephyr/kernel/libkernel.a(device.c.obj)
                0x0000ec60                z_impl_device_get_binding
 .text.idle     0x0000ecb0       0x60 zephyr/kernel/libkernel.a(idle.c.obj)
                0x0000ecb0                idle
 .text.z_bss_zero
                0x0000ed10       0x14 zephyr/kernel/libkernel.a(init.c.obj)
                0x0000ed10                z_bss_zero
 .text.bg_thread_main
                0x0000ed24       0x34 zephyr/kernel/libkernel.a(init.c.obj)
 .text.z_cstart
                0x0000ed58      0x100 zephyr/kernel/libkernel.a(init.c.obj)
                0x0000ed58                z_cstart
 .text.init_mem_slab_module
                0x0000ee58       0x44 zephyr/kernel/libkernel.a(mem_slab.c.obj)
 .text.k_mem_slab_alloc
                0x0000ee9c       0x64 zephyr/kernel/libkernel.a(mem_slab.c.obj)
                0x0000ee9c                k_mem_slab_alloc
 .text.k_mem_slab_free
                0x0000ef00       0x54 zephyr/kernel/libkernel.a(mem_slab.c.obj)
                0x0000ef00                k_mem_slab_free
 .text.z_impl_k_mutex_lock
                0x0000ef54       0xf0 zephyr/kernel/libkernel.a(mutex.c.obj)
                0x0000ef54                z_impl_k_mutex_lock
 .text.z_impl_k_mutex_unlock
                0x0000f044       0x8c zephyr/kernel/libkernel.a(mutex.c.obj)
                0x0000f044                z_impl_k_mutex_unlock
 .text.z_reset_time_slice
                0x0000f0d0       0x2c zephyr/kernel/libkernel.a(sched.c.obj)
                0x0000f0d0                z_reset_time_slice
 .text.k_sched_time_slice_set
                0x0000f0fc       0x58 zephyr/kernel/libkernel.a(sched.c.obj)
                0x0000f0fc                k_sched_time_slice_set
 .text.z_reschedule
                0x0000f154       0x24 zephyr/kernel/libkernel.a(sched.c.obj)
                0x0000f154                z_reschedule
 .text.k_sched_lock
                0x0000f178       0x28 zephyr/kernel/libkernel.a(sched.c.obj)
                0x0000f178                k_sched_lock
 .text.z_priq_dumb_remove
                0x0000f1a0       0x2c zephyr/kernel/libkernel.a(sched.c.obj)
                0x0000f1a0                z_priq_dumb_remove
 .text.update_cache
                0x0000f1cc       0x50 zephyr/kernel/libkernel.a(sched.c.obj)
 .text.k_sched_unlock
                0x0000f21c       0x38 zephyr/kernel/libkernel.a(sched.c.obj)
                0x0000f21c                k_sched_unlock
 .text.ready_thread
                0x0000f254       0x70 zephyr/kernel/libkernel.a(sched.c.obj)
 .text.z_sched_start
                0x0000f2c4       0x3c zephyr/kernel/libkernel.a(sched.c.obj)
                0x0000f2c4                z_sched_start
 .text.move_thread_to_end_of_prio_q
                0x0000f300       0x74 zephyr/kernel/libkernel.a(sched.c.obj)
 .text.z_time_slice
                0x0000f374       0x84 zephyr/kernel/libkernel.a(sched.c.obj)
                0x0000f374                z_time_slice
 .text.z_impl_k_thread_suspend
                0x0000f3f8       0x68 zephyr/kernel/libkernel.a(sched.c.obj)
                0x0000f3f8                z_impl_k_thread_suspend
 .text.z_thread_single_abort
                0x0000f460      0x104 zephyr/kernel/libkernel.a(sched.c.obj)
                0x0000f460                z_thread_single_abort
 .text.unready_thread
                0x0000f564       0x34 zephyr/kernel/libkernel.a(sched.c.obj)
 .text.pend     0x0000f598       0x4c zephyr/kernel/libkernel.a(sched.c.obj)
 .text.z_pend_curr
                0x0000f5e4       0x28 zephyr/kernel/libkernel.a(sched.c.obj)
                0x0000f5e4                z_pend_curr
 .text.z_tick_sleep.part.0
                0x0000f60c       0x74 zephyr/kernel/libkernel.a(sched.c.obj)
 .text.z_set_prio
                0x0000f680       0x88 zephyr/kernel/libkernel.a(sched.c.obj)
                0x0000f680                z_set_prio
 .text.z_sched_init
                0x0000f708       0x18 zephyr/kernel/libkernel.a(sched.c.obj)
                0x0000f708                z_sched_init
 .text.z_impl_k_yield
                0x0000f720       0x9c zephyr/kernel/libkernel.a(sched.c.obj)
                0x0000f720                z_impl_k_yield
 .text.z_impl_k_sleep
                0x0000f7bc       0x44 zephyr/kernel/libkernel.a(sched.c.obj)
                0x0000f7bc                z_impl_k_sleep
 .text.z_impl_k_current_get
                0x0000f800        0xc zephyr/kernel/libkernel.a(sched.c.obj)
                0x0000f800                z_impl_k_current_get
 .text.z_impl_k_sem_give
                0x0000f80c       0x40 zephyr/kernel/libkernel.a(sem.c.obj)
                0x0000f80c                z_impl_k_sem_give
 .text.z_impl_k_sem_take
                0x0000f84c       0x54 zephyr/kernel/libkernel.a(sem.c.obj)
                0x0000f84c                z_impl_k_sem_take
 .text.z_setup_new_thread
                0x0000f8a0       0x60 zephyr/kernel/libkernel.a(thread.c.obj)
                0x0000f8a0                z_setup_new_thread
 .text.z_init_static_threads
                0x0000f900       0xbc zephyr/kernel/libkernel.a(thread.c.obj)
                0x0000f900                z_init_static_threads
 .text.z_self_abort
                0x0000f9bc       0x28 zephyr/kernel/libkernel.a(thread_abort.c.obj)
                0x0000f9bc                z_self_abort
 .text.boot_banner
                0x0000f9e4       0x18 zephyr/kernel/libkernel.a(banner.c.obj)
                0x0000f9e4                boot_banner
 .text.z_data_copy
                0x0000f9fc       0x34 zephyr/kernel/libkernel.a(xip.c.obj)
                0x0000f9fc                z_data_copy
 .text.elapsed  0x0000fa30       0x14 zephyr/kernel/libkernel.a(timeout.c.obj)
 .text.remove_timeout
                0x0000fa44       0x34 zephyr/kernel/libkernel.a(timeout.c.obj)
 .text.next_timeout
                0x0000fa78       0x58 zephyr/kernel/libkernel.a(timeout.c.obj)
 .text.z_add_timeout
                0x0000fad0      0x11c zephyr/kernel/libkernel.a(timeout.c.obj)
                0x0000fad0                z_add_timeout
 .text.z_clock_announce
                0x0000fbec       0xd4 zephyr/kernel/libkernel.a(timeout.c.obj)
                0x0000fbec                z_clock_announce
 .text.z_tick_get
                0x0000fcc0       0x34 zephyr/kernel/libkernel.a(timeout.c.obj)
                0x0000fcc0                z_tick_get
 .text.statics_init
                0x0000fcf4       0x24 zephyr/kernel/libkernel.a(kheap.c.obj)
 .text.nrf_cc3xx_platform_init_no_rng
                0x0000fd18       0x38 C:/nrf_workspace/test1_5/nrfxlib/crypto/nrf_cc312_platform/lib/cortex-m33/soft-float/no-interrupts/libnrf_cc312_platform_0.9.7.a(nrf_cc3xx_platform.c.obj)
                0x0000fd18                nrf_cc3xx_platform_init_no_rng
 .text.nrf_cc3xx_platform_abort
                0x0000fd50       0x24 C:/nrf_workspace/test1_5/nrfxlib/crypto/nrf_cc312_platform/lib/cortex-m33/soft-float/no-interrupts/libnrf_cc312_platform_0.9.7.a(nrf_cc3xx_platform_abort.c.obj)
 .text.CC_PalAbort
                0x0000fd74       0x40 C:/nrf_workspace/test1_5/nrfxlib/crypto/nrf_cc312_platform/lib/cortex-m33/soft-float/no-interrupts/libnrf_cc312_platform_0.9.7.a(nrf_cc3xx_platform_abort.c.obj)
                0x0000fd74                CC_PalAbort
 .text.nrf_cc3xx_platform_set_abort
                0x0000fdb4       0x10 C:/nrf_workspace/test1_5/nrfxlib/crypto/nrf_cc312_platform/lib/cortex-m33/soft-float/no-interrupts/libnrf_cc312_platform_0.9.7.a(nrf_cc3xx_platform_abort.c.obj)
                0x0000fdb4                nrf_cc3xx_platform_set_abort
 .text.mutex_unlock
                0x0000fdc4       0x20 C:/nrf_workspace/test1_5/nrfxlib/crypto/nrf_cc312_platform/lib/cortex-m33/soft-float/no-interrupts/libnrf_cc312_platform_0.9.7.a(nrf_cc3xx_platform_mutex.c.obj)
 .text.mutex_free
                0x0000fde4       0x24 C:/nrf_workspace/test1_5/nrfxlib/crypto/nrf_cc312_platform/lib/cortex-m33/soft-float/no-interrupts/libnrf_cc312_platform_0.9.7.a(nrf_cc3xx_platform_mutex.c.obj)
 .text.mutex_init
                0x0000fe08       0x20 C:/nrf_workspace/test1_5/nrfxlib/crypto/nrf_cc312_platform/lib/cortex-m33/soft-float/no-interrupts/libnrf_cc312_platform_0.9.7.a(nrf_cc3xx_platform_mutex.c.obj)
 .text.mutex_lock
                0x0000fe28       0x30 C:/nrf_workspace/test1_5/nrfxlib/crypto/nrf_cc312_platform/lib/cortex-m33/soft-float/no-interrupts/libnrf_cc312_platform_0.9.7.a(nrf_cc3xx_platform_mutex.c.obj)
 .text.nrf_cc3xx_platform_set_mutexes
                0x0000fe58       0x38 C:/nrf_workspace/test1_5/nrfxlib/crypto/nrf_cc312_platform/lib/cortex-m33/soft-float/no-interrupts/libnrf_cc312_platform_0.9.7.a(nrf_cc3xx_platform_mutex.c.obj)
                0x0000fe58                nrf_cc3xx_platform_set_mutexes
 .text.CC_LibInitNoRng
                0x0000fe90       0x24 C:/nrf_workspace/test1_5/nrfxlib/crypto/nrf_cc312_platform/lib/cortex-m33/soft-float/no-interrupts/libnrf_cc312_platform_0.9.7.a(cc_lib.c.obj)
                0x0000fe90                CC_LibInitNoRng
 .text.CC_HalInit
                0x0000feb4        0x4 C:/nrf_workspace/test1_5/nrfxlib/crypto/nrf_cc312_platform/lib/cortex-m33/soft-float/no-interrupts/libnrf_cc312_platform_0.9.7.a(cc_hal.c.obj)
                0x0000feb4                CC_HalInit
 .text.CC_PalInit
                0x0000feb8       0x5c C:/nrf_workspace/test1_5/nrfxlib/crypto/nrf_cc312_platform/lib/cortex-m33/soft-float/no-interrupts/libnrf_cc312_platform_0.9.7.a(cc_pal.c.obj)
                0x0000feb8                CC_PalInit
 .text.CC_PalTerminate
                0x0000ff14       0x34 C:/nrf_workspace/test1_5/nrfxlib/crypto/nrf_cc312_platform/lib/cortex-m33/soft-float/no-interrupts/libnrf_cc312_platform_0.9.7.a(cc_pal.c.obj)
                0x0000ff14                CC_PalTerminate
 .text.CC_PalDmaInit
                0x0000ff48        0x4 C:/nrf_workspace/test1_5/nrfxlib/crypto/nrf_cc312_platform/lib/cortex-m33/soft-float/no-interrupts/libnrf_cc312_platform_0.9.7.a(cc_pal_dma.c.obj)
                0x0000ff48                CC_PalDmaInit
 .text.CC_PalDmaTerminate
                0x0000ff4c        0x4 C:/nrf_workspace/test1_5/nrfxlib/crypto/nrf_cc312_platform/lib/cortex-m33/soft-float/no-interrupts/libnrf_cc312_platform_0.9.7.a(cc_pal_dma.c.obj)
                0x0000ff4c                CC_PalDmaTerminate
 .text.CC_PalMutexCreate
                0x0000ff50       0x14 C:/nrf_workspace/test1_5/nrfxlib/crypto/nrf_cc312_platform/lib/cortex-m33/soft-float/no-interrupts/libnrf_cc312_platform_0.9.7.a(cc_pal_mutex.c.obj)
                0x0000ff50                CC_PalMutexCreate
 .text.CC_PalMutexDestroy
                0x0000ff64       0x14 C:/nrf_workspace/test1_5/nrfxlib/crypto/nrf_cc312_platform/lib/cortex-m33/soft-float/no-interrupts/libnrf_cc312_platform_0.9.7.a(cc_pal_mutex.c.obj)
                0x0000ff64                CC_PalMutexDestroy
 .text.CC_PalPowerSaveModeInit
                0x0000ff78       0x3c C:/nrf_workspace/test1_5/nrfxlib/crypto/nrf_cc312_platform/lib/cortex-m33/soft-float/no-interrupts/libnrf_cc312_platform_0.9.7.a(cc_pal_pm.c.obj)
                0x0000ff78                CC_PalPowerSaveModeInit
 .text.sys_notify_validate
                0x0000ffb4       0x22 zephyr/libzephyr.a(notify.c.obj)
                0x0000ffb4                sys_notify_validate
 .text.sys_notify_finalize
                0x0000ffd6       0x1a zephyr/libzephyr.a(notify.c.obj)
                0x0000ffd6                sys_notify_finalize
 .text.arch_printk_char_out
                0x0000fff0        0x4 zephyr/libzephyr.a(printk.c.obj)
                0x0000fff0                arch_printk_char_out
 .text.printk   0x0000fff4       0x1a zephyr/libzephyr.a(printk.c.obj)
                0x0000fff4                printk
 .text.process_recheck
                0x0001000e       0x38 zephyr/libzephyr.a(onoff.c.obj)
 .text.notify_one
                0x00010046       0x2c zephyr/libzephyr.a(onoff.c.obj)
 .text.transition_complete
                0x00010072       0x1c zephyr/libzephyr.a(onoff.c.obj)
 .text.validate_args
                0x0001008e       0x1e zephyr/libzephyr.a(onoff.c.obj)
 .text.onoff_manager_init
                0x000100ac       0x26 zephyr/libzephyr.a(onoff.c.obj)
                0x000100ac                onoff_manager_init
 .text.onoff_request
                0x000100d2       0x92 zephyr/libzephyr.a(onoff.c.obj)
                0x000100d2                onoff_request
 .text.z_thread_entry
                0x00010164       0x14 zephyr/libzephyr.a(thread_entry.c.obj)
                0x00010164                z_thread_entry
 .text.chunk_field
                0x00010178       0x16 zephyr/libzephyr.a(heap.c.obj)
 .text.chunk_set
                0x0001018e       0x16 zephyr/libzephyr.a(heap.c.obj)
 .text.chunk_size
                0x000101a4        0xc zephyr/libzephyr.a(heap.c.obj)
 .text.set_chunk_used
                0x000101b0       0x30 zephyr/libzephyr.a(heap.c.obj)
 .text.set_chunk_size
                0x000101e0        0x8 zephyr/libzephyr.a(heap.c.obj)
 .text.bucket_idx
                0x000101e8       0x1a zephyr/libzephyr.a(heap.c.obj)
 .text.free_list_add
                0x00010202       0x8a zephyr/libzephyr.a(heap.c.obj)
 .text.sys_heap_init
                0x0001028c       0xa4 zephyr/libzephyr.a(heap.c.obj)
                0x0001028c                sys_heap_init
 .text.encode_uint
                0x00010330       0x96 zephyr/libzephyr.a(cbprintf_complete.c.obj)
 .text.outs     0x000103c6       0x2c zephyr/libzephyr.a(cbprintf_complete.c.obj)
 .text._ConfigAbsSyms
                0x000103f2        0x2 zephyr/libzephyr.a(configs.c.obj)
                0x000103f2                _ConfigAbsSyms
 .text.z_platform_init
                0x000103f4        0x4 zephyr/libzephyr.a(soc.c.obj)
                0x000103f4                z_platform_init
 .text.get_status
                0x000103f8       0x12 zephyr/libzephyr.a(clock_control_nrf.c.obj)
 .text.set_off_state
                0x0001040a       0x32 zephyr/libzephyr.a(clock_control_nrf.c.obj)
 .text.set_starting_state
                0x0001043c       0x3c zephyr/libzephyr.a(clock_control_nrf.c.obj)
 .text.set_on_state
                0x00010478       0x26 zephyr/libzephyr.a(clock_control_nrf.c.obj)
 .text.onoff_started_callback
                0x0001049e       0x12 zephyr/libzephyr.a(clock_control_nrf.c.obj)
 .text.hfclkaudio_start
                0x000104b0        0x6 zephyr/libzephyr.a(clock_control_nrf.c.obj)
 .text.hfclk192m_start
                0x000104b6        0x6 zephyr/libzephyr.a(clock_control_nrf.c.obj)
 .text.lfclk_start
                0x000104bc        0x6 zephyr/libzephyr.a(clock_control_nrf.c.obj)
 .text.hfclkaudio_stop
                0x000104c2        0x6 zephyr/libzephyr.a(clock_control_nrf.c.obj)
 .text.hfclk192m_stop
                0x000104c8        0x6 zephyr/libzephyr.a(clock_control_nrf.c.obj)
 .text.lfclk_stop
                0x000104ce        0x6 zephyr/libzephyr.a(clock_control_nrf.c.obj)
 .text.blocking_start_callback
                0x000104d4        0x6 zephyr/libzephyr.a(clock_control_nrf.c.obj)
 .text.api_stop
                0x000104da       0x28 zephyr/libzephyr.a(clock_control_nrf.c.obj)
 .text.api_start
                0x00010502       0x36 zephyr/libzephyr.a(clock_control_nrf.c.obj)
 .text.z_clock_isr
                0x00010538        0x2 zephyr/libzephyr.a(sys_clock_init.c.obj)
                0x00010538                z_clock_isr
 .text.z_clock_idle_exit
                0x0001053a        0x2 zephyr/libzephyr.a(sys_clock_init.c.obj)
                0x0001053a                z_clock_idle_exit
 .text.sys_clock_disable
                0x0001053c        0x2 zephyr/libzephyr.a(sys_clock_init.c.obj)
                0x0001053c                sys_clock_disable
 .text.abort_function
                0x0001053e        0x6 zephyr/libzephyr.a(nrf_cc3xx_platform_abort_zephyr.c.obj)
 .text.z_irq_spurious
                0x00010544        0x8 zephyr/arch/arch/arm/core/aarch32/libarch__arm__core__aarch32.a(irq_manage.c.obj)
                0x00010544                z_irq_spurious
 .text.configure_builtin_stack_guard
                0x0001054c        0x8 zephyr/arch/arch/arm/core/aarch32/libarch__arm__core__aarch32.a(thread.c.obj)
                0x0001054c                configure_builtin_stack_guard
 .text.z_arm_fatal_error
                0x00010554        0x4 zephyr/arch/arch/arm/core/aarch32/libarch__arm__core__aarch32.a(fatal.c.obj)
                0x00010554                z_arm_fatal_error
 .text.z_do_kernel_oops
                0x00010558        0x8 zephyr/arch/arch/arm/core/aarch32/libarch__arm__core__aarch32.a(fatal.c.obj)
                0x00010558                z_do_kernel_oops
 .text.z_arm_nmi
                0x00010560        0xe zephyr/arch/arch/arm/core/aarch32/libarch__arm__core__aarch32.a(nmi.c.obj)
                0x00010560                z_arm_nmi
 .text.mpu_configure_region
                0x0001056e       0x3a zephyr/arch/arch/arm/core/aarch32/cortex_m/mpu/libarch__arm__core__aarch32__cortex_m__mpu.a(arm_mpu.c.obj)
 .text.arm_cmse_mpu_region_get
                0x000105a8       0x12 zephyr/arch/arch/arm/core/aarch32/cortex_m/cmse/libarch__arm__core__aarch32__cortex_m__cmse.a(arm_core_cmse.c.obj)
                0x000105a8                arm_cmse_mpu_region_get
 .text.strlen   0x000105ba        0xe zephyr/lib/libc/minimal/liblib__libc__minimal.a(string.c.obj)
                0x000105ba                strlen
 .text.strnlen  0x000105c8       0x12 zephyr/lib/libc/minimal/liblib__libc__minimal.a(string.c.obj)
                0x000105c8                strnlen
 .text.strcmp   0x000105da       0x18 zephyr/lib/libc/minimal/liblib__libc__minimal.a(string.c.obj)
                0x000105da                strcmp
 .text.memcpy   0x000105f2       0x56 zephyr/lib/libc/minimal/liblib__libc__minimal.a(string.c.obj)
                0x000105f2                memcpy
 .text.memset   0x00010648       0x46 zephyr/lib/libc/minimal/liblib__libc__minimal.a(string.c.obj)
                0x00010648                memset
 .text._stdout_hook_default
                0x0001068e        0x6 zephyr/lib/libc/minimal/liblib__libc__minimal.a(stdout_console.c.obj)
 .text.gpio_fire_callbacks
                0x00010694       0x30 zephyr/drivers/gpio/libdrivers__gpio.a(gpio_nrfx.c.obj)
 .text.gpio_nrfx_port_get_raw
                0x000106c4        0xc zephyr/drivers/gpio/libdrivers__gpio.a(gpio_nrfx.c.obj)
 .text.gpio_nrfx_port_set_masked_raw
                0x000106d0       0x12 zephyr/drivers/gpio/libdrivers__gpio.a(gpio_nrfx.c.obj)
 .text.gpio_nrfx_port_set_bits_raw
                0x000106e2        0xa zephyr/drivers/gpio/libdrivers__gpio.a(gpio_nrfx.c.obj)
 .text.gpio_nrfx_port_clear_bits_raw
                0x000106ec        0xa zephyr/drivers/gpio/libdrivers__gpio.a(gpio_nrfx.c.obj)
 .text.gpio_nrfx_port_toggle_bits
                0x000106f6        0xe zephyr/drivers/gpio/libdrivers__gpio.a(gpio_nrfx.c.obj)
 .text.gpio_nrfx_manage_callback
                0x00010704       0x56 zephyr/drivers/gpio/libdrivers__gpio.a(gpio_nrfx.c.obj)
 .text.check_level_trigger_pins
                0x0001075a       0x50 zephyr/drivers/gpio/libdrivers__gpio.a(gpio_nrfx.c.obj)
 .text.cfg_level_pins
                0x000107aa       0x4c zephyr/drivers/gpio/libdrivers__gpio.a(gpio_nrfx.c.obj)
 .text.uarte_nrfx_isr_int
                0x000107f6       0x40 zephyr/drivers/serial/libdrivers__serial.a(uart_nrfx_uarte.c.obj)
 .text.uarte_nrfx_config_get
                0x00010836       0x10 zephyr/drivers/serial/libdrivers__serial.a(uart_nrfx_uarte.c.obj)
 .text.uarte_nrfx_err_check
                0x00010846        0xe zephyr/drivers/serial/libdrivers__serial.a(uart_nrfx_uarte.c.obj)
 .text.is_tx_ready
                0x00010854       0x1e zephyr/drivers/serial/libdrivers__serial.a(uart_nrfx_uarte.c.obj)
 .text.uarte_nrfx_poll_in
                0x00010872       0x26 zephyr/drivers/serial/libdrivers__serial.a(uart_nrfx_uarte.c.obj)
 .text.k_sys_fatal_error_handler
                0x00010898        0x8 modules/nrf/lib/fatal_error/lib..__nrf__lib__fatal_error.a(fatal_error.c.obj)
                0x00010898                k_sys_fatal_error_handler
 .text.hw_cc3xx_init
                0x000108a0       0x12 modules/nrf/drivers/hw_cc310/lib..__nrf__drivers__hw_cc310.a(hw_cc310.c.obj)
 .text.nrfx_isr
                0x000108b2        0x2 modules/hal_nordic/libmodules__hal_nordic.a(nrfx_glue.c.obj)
                0x000108b2                nrfx_isr
 .text.nrfx_busy_wait
                0x000108b4        0x4 modules/hal_nordic/libmodules__hal_nordic.a(nrfx_glue.c.obj)
                0x000108b4                nrfx_busy_wait
 .text.nrfx_clock_enable
                0x000108b8       0x20 modules/hal_nordic/libmodules__hal_nordic.a(nrfx_clock.c.obj)
                0x000108b8                nrfx_clock_enable
 .text.z_fatal_error
                0x000108d8       0x36 zephyr/kernel/libkernel.a(fatal.c.obj)
                0x000108d8                z_fatal_error
 .text.z_pm_save_idle_exit
                0x0001090e        0x4 zephyr/kernel/libkernel.a(idle.c.obj)
                0x0001090e                z_pm_save_idle_exit
 .text.k_mem_slab_init
                0x00010912       0x36 zephyr/kernel/libkernel.a(mem_slab.c.obj)
                0x00010912                k_mem_slab_init
 .text.z_impl_k_mutex_init
                0x00010948        0xe zephyr/kernel/libkernel.a(mutex.c.obj)
                0x00010948                z_impl_k_mutex_init
 .text.z_reschedule_irqlock
                0x00010956       0x18 zephyr/kernel/libkernel.a(sched.c.obj)
                0x00010956                z_reschedule_irqlock
 .text.z_reschedule_unlocked
                0x0001096e       0x14 zephyr/kernel/libkernel.a(sched.c.obj)
 .text.unpend_thread_no_timeout
                0x00010982       0x18 zephyr/kernel/libkernel.a(sched.c.obj)
 .text.z_priq_dumb_best
                0x0001099a       0x14 zephyr/kernel/libkernel.a(sched.c.obj)
                0x0001099a                z_priq_dumb_best
 .text.z_ready_thread
                0x000109ae       0x20 zephyr/kernel/libkernel.a(sched.c.obj)
                0x000109ae                z_ready_thread
 .text.z_thread_timeout
                0x000109ce       0x40 zephyr/kernel/libkernel.a(sched.c.obj)
                0x000109ce                z_thread_timeout
 .text.add_to_waitq_locked
                0x00010a0e       0x56 zephyr/kernel/libkernel.a(sched.c.obj)
 .text.z_unpend_first_thread
                0x00010a64       0x4a zephyr/kernel/libkernel.a(sched.c.obj)
                0x00010a64                z_unpend_first_thread
 .text.k_is_in_isr
                0x00010aae        0xc zephyr/kernel/libkernel.a(thread.c.obj)
                0x00010aae                k_is_in_isr
 .text.z_impl_k_busy_wait
                0x00010aba        0x8 zephyr/kernel/libkernel.a(thread.c.obj)
                0x00010aba                z_impl_k_busy_wait
 .text.z_abort_timeout
                0x00010ac2       0x2c zephyr/kernel/libkernel.a(timeout.c.obj)
                0x00010ac2                z_abort_timeout
 .text.z_get_next_timeout_expiry
                0x00010aee       0x20 zephyr/kernel/libkernel.a(timeout.c.obj)
                0x00010aee                z_get_next_timeout_expiry
 .text.z_set_timeout_expiry
                0x00010b0e       0x34 zephyr/kernel/libkernel.a(timeout.c.obj)
                0x00010b0e                z_set_timeout_expiry
 .text.z_tick_get_32
                0x00010b42        0x8 zephyr/kernel/libkernel.a(timeout.c.obj)
                0x00010b42                z_tick_get_32
 .text.k_heap_init
                0x00010b4a       0x10 zephyr/kernel/libkernel.a(kheap.c.obj)
                0x00010b4a                k_heap_init
 .text._OffsetAbsSyms
                0x00010b5a        0x2 zephyr/CMakeFiles/offsets.dir/./arch/arm/core/offsets/offsets.c.obj
                0x00010b5a                _OffsetAbsSyms
 *(SORT_BY_ALIGNMENT(.TEXT.*))
 *(SORT_BY_ALIGNMENT(.gnu.linkonce.t.*))
 *(SORT_BY_ALIGNMENT(.glue_7t))
 .glue_7t       0x00010b5c        0x0 linker stubs
 *(SORT_BY_ALIGNMENT(.glue_7))
 .glue_7        0x00010b5c        0x0 linker stubs
 *(SORT_BY_ALIGNMENT(.vfp11_veneer))
 .vfp11_veneer  0x00010b5c        0x0 linker stubs
 *(SORT_BY_ALIGNMENT(.v4_bx))
 .v4_bx         0x00010b5c        0x0 linker stubs
                0x00010b5c                _image_text_end = .

.ARM.exidx      0x00010b5c        0x8
                0x00010b5c                __exidx_start = .
 *(SORT_BY_ALIGNMENT(.ARM.exidx*) SORT_BY_ALIGNMENT(gnu.linkonce.armexidx.*))
 .ARM.exidx     0x00010b5c        0x8 c:/nrf/v1.9.1/toolchain/opt/bin/../lib/gcc/arm-none-eabi/9.2.1/thumb/v8-m.main/nofp\libgcc.a(_udivmoddi4.o)
                0x00010b64                __exidx_end = .
                0x00010b64                _image_rodata_start = .

initlevel       0x00010b64       0x60
                0x00010b64                __init_start = .
                0x00010b64                __init_PRE_KERNEL_1_start = .
 *(SORT_BY_NAME(SORT_BY_ALIGNMENT(.init_PRE_KERNEL_1[0-9]*)))
 .init_PRE_KERNEL_10
                0x00010b64        0x8 zephyr/libzephyr.a(soc.c.obj)
 .init_PRE_KERNEL_130
                0x00010b6c        0x8 zephyr/kernel/libkernel.a(mem_slab.c.obj)
 .init_PRE_KERNEL_130
                0x00010b74        0x8 zephyr/kernel/libkernel.a(kheap.c.obj)
 .init_PRE_KERNEL_140
                0x00010b7c        0x8 zephyr/arch/arch/arm/core/aarch32/cortex_m/mpu/libarch__arm__core__aarch32__cortex_m__mpu.a(arm_mpu.c.obj)
 .init_PRE_KERNEL_150
                0x00010b84        0x8 zephyr/libzephyr.a(clock_control_nrf.c.obj)
 .init_PRE_KERNEL_150
                0x00010b8c        0x8 zephyr/drivers/serial/libdrivers__serial.a(uart_nrfx_uarte.c.obj)
 .init_PRE_KERNEL_160
                0x00010b94        0x8 zephyr/libzephyr.a(uart_console.c.obj)
 *(SORT_BY_NAME(SORT_BY_ALIGNMENT(.init_PRE_KERNEL_1[1-9][0-9]*)))
                0x00010b9c                __init_PRE_KERNEL_2_start = .
 *(SORT_BY_NAME(SORT_BY_ALIGNMENT(.init_PRE_KERNEL_2[0-9]*)))
 .init_PRE_KERNEL_20
                0x00010b9c        0x8 zephyr/libzephyr.a(sys_clock_init.c.obj)
 *(SORT_BY_NAME(SORT_BY_ALIGNMENT(.init_PRE_KERNEL_2[1-9][0-9]*)))
                0x00010ba4                __init_POST_KERNEL_start = .
 *(SORT_BY_NAME(SORT_BY_ALIGNMENT(.init_POST_KERNEL[0-9]*)))
 .init_POST_KERNEL40
                0x00010ba4       0x10 zephyr/drivers/gpio/libdrivers__gpio.a(gpio_nrfx.c.obj)
 .init_POST_KERNEL40
                0x00010bb4        0x8 modules/nrf/drivers/hw_cc310/lib..__nrf__drivers__hw_cc310.a(hw_cc310.c.obj)
 .init_POST_KERNEL90
                0x00010bbc        0x8 zephyr/libzephyr.a(soc.c.obj)
 *(SORT_BY_NAME(SORT_BY_ALIGNMENT(.init_POST_KERNEL[1-9][0-9]*)))
                0x00010bc4                __init_APPLICATION_start = .
 *(SORT_BY_NAME(SORT_BY_ALIGNMENT(.init_APPLICATION[0-9]*)))
 *(SORT_BY_NAME(SORT_BY_ALIGNMENT(.init_APPLICATION[1-9][0-9]*)))
                0x00010bc4                __init_SMP_start = .
 *(SORT_BY_NAME(SORT_BY_ALIGNMENT(.init_SMP[0-9]*)))
 *(SORT_BY_NAME(SORT_BY_ALIGNMENT(.init_SMP[1-9][0-9]*)))
                0x00010bc4                __init_end = .

sw_isr_table    0x00010bc4      0x228
                0x00010bc4                . = ALIGN (0x0)
 *(SORT_BY_ALIGNMENT(.gnu.linkonce.sw_isr_table*))
 .gnu.linkonce.sw_isr_table*
                0x00010bc4      0x228 zephyr/arch/common/libisr_tables.a(isr_tables.c.obj)
                0x00010bc4                _sw_isr_table

initlevel_error
                0x00010b64        0x0
 *(SORT_BY_NAME(SORT_BY_ALIGNMENT(.init_[_A-Z0-9]*)))
                0x00000001                ASSERT ((SIZEOF (initlevel_error) == 0x0), Undefined initialization levels used.)

app_shmem_regions
                0x00010dec        0x0
                0x00010dec                __app_shmem_regions_start = .
 *(SORT_BY_NAME(SORT_BY_ALIGNMENT(.app_regions.*)))
                0x00010dec                __app_shmem_regions_end = .

bt_l2cap_fixed_chan_area
                0x00010dec        0x0
                0x00010dec                _bt_l2cap_fixed_chan_list_start = .
 *(SORT_BY_NAME(SORT_BY_ALIGNMENT(._bt_l2cap_fixed_chan.static.*)))
                0x00010dec                _bt_l2cap_fixed_chan_list_end = .

bt_gatt_service_static_area
                0x00010dec        0x0
                0x00010dec                _bt_gatt_service_static_list_start = .
 *(SORT_BY_NAME(SORT_BY_ALIGNMENT(._bt_gatt_service_static.static.*)))
                0x00010dec                _bt_gatt_service_static_list_end = .

k_p4wq_initparam_area
                0x00010dec        0x0
                0x00010dec                _k_p4wq_initparam_list_start = .
 *(SORT_BY_NAME(SORT_BY_ALIGNMENT(._k_p4wq_initparam.static.*)))
                0x00010dec                _k_p4wq_initparam_list_end = .

log_const_sections
                0x00010dec        0x0
                0x00010dec                __log_const_start = .
 *(SORT_BY_NAME(SORT_BY_ALIGNMENT(.log_const_*)))
                0x00010dec                __log_const_end = .

log_backends_sections
                0x00010dec        0x0
                0x00010dec                __log_backends_start = .
 *(SORT_BY_ALIGNMENT(._log_backend.*))
                0x00010dec                __log_backends_end = .

shell_area      0x00010dec        0x0
                0x00010dec                _shell_list_start = .
 *(SORT_BY_NAME(SORT_BY_ALIGNMENT(._shell.static.*)))
                0x00010dec                _shell_list_end = .

shell_root_cmds_sections
                0x00010dec        0x0
                0x00010dec                __shell_root_cmds_start = .
 *(SORT_BY_NAME(SORT_BY_ALIGNMENT(.shell_root_cmd_*)))
                0x00010dec                __shell_root_cmds_end = .

font_entry_sections
                0x00010dec        0x0
                0x00010dec                __font_entry_start = .
 *(SORT_BY_NAME(SORT_BY_ALIGNMENT(._cfb_font.*)))
                0x00010dec                __font_entry_end = .

tracing_backend_area
                0x00010dec        0x0
                0x00010dec                _tracing_backend_list_start = .
 *(SORT_BY_NAME(SORT_BY_ALIGNMENT(._tracing_backend.static.*)))
                0x00010dec                _tracing_backend_list_end = .

tdata           0x00010dec        0x0
 *(SORT_BY_ALIGNMENT(.tdata) SORT_BY_ALIGNMENT(.tdata.*) SORT_BY_ALIGNMENT(.gnu.linkonce.td.*))

tbss            0x00010dec        0x0
 *(SORT_BY_ALIGNMENT(.tbss) SORT_BY_ALIGNMENT(.tbss.*) SORT_BY_ALIGNMENT(.gnu.linkonce.tb.*) SORT_BY_ALIGNMENT(.tcommon))
                [!provide]                PROVIDE (__tdata_start = LOADADDR (tdata))
                [!provide]                PROVIDE (__tdata_size = SIZEOF (tdata))
                [!provide]                PROVIDE (__tdata_end = (__tdata_start + __tdata_size))
                [!provide]                PROVIDE (__tbss_start = LOADADDR (tbss))
                [!provide]                PROVIDE (__tbss_size = SIZEOF (tbss))
                [!provide]                PROVIDE (__tbss_end = (__tbss_start + __tbss_size))
                [!provide]                PROVIDE (__tls_start = __tdata_start)
                [!provide]                PROVIDE (__tls_end = __tbss_end)
                [!provide]                PROVIDE (__tls_size = (__tbss_end - __tdata_start))

rodata          0x00010df0      0x2d4
 *(SORT_BY_ALIGNMENT(.rodata))
 *(SORT_BY_ALIGNMENT(.rodata.*))
 .rodata.delay_machine_code.9210
                0x00010df0        0x6 zephyr/libzephyr.a(soc.c.obj)
 *fill*         0x00010df6        0x2 
 .rodata.clock_control_api
                0x00010df8       0x14 zephyr/libzephyr.a(clock_control_nrf.c.obj)
 .rodata.config
                0x00010e0c       0x20 zephyr/libzephyr.a(clock_control_nrf.c.obj)
 .rodata.transitions.11355
                0x00010e2c        0xc zephyr/libzephyr.a(clock_control_nrf.c.obj)
 .rodata.apis   0x00010e38        0x8 zephyr/libzephyr.a(nrf_cc3xx_platform_abort_zephyr.c.obj)
 .rodata.mutex_apis
                0x00010e40       0x10 zephyr/libzephyr.a(nrf_cc3xx_platform_mutex_zephyr.c.obj)
 .rodata.mutexes
                0x00010e50       0x14 zephyr/libzephyr.a(nrf_cc3xx_platform_mutex_zephyr.c.obj)
 .rodata.static_regions
                0x00010e64        0xc zephyr/arch/arch/arm/core/aarch32/cortex_m/mpu/libarch__arm__core__aarch32__cortex_m__mpu.a(arm_core_mpu.c.obj)
 .rodata.mpu_config
                0x00010e70        0x8 zephyr/soc/arm/common/cortex_m/libsoc__arm__common__cortex_m.a(arm_mpu_regions.c.obj)
                0x00010e70                mpu_config
 .rodata.mpu_regions
                0x00010e78       0x20 zephyr/soc/arm/common/cortex_m/libsoc__arm__common__cortex_m.a(arm_mpu_regions.c.obj)
 .rodata.gpio_nrfx_drv_api_funcs
                0x00010e98       0x24 zephyr/drivers/gpio/libdrivers__gpio.a(gpio_nrfx.c.obj)
 .rodata.gpio_nrfx_p0_cfg
                0x00010ebc        0xc zephyr/drivers/gpio/libdrivers__gpio.a(gpio_nrfx.c.obj)
 .rodata.gpio_nrfx_p1_cfg
                0x00010ec8        0xc zephyr/drivers/gpio/libdrivers__gpio.a(gpio_nrfx.c.obj)
 .rodata.uart_nrfx_uarte_driver_api
                0x00010ed4       0x14 zephyr/drivers/serial/libdrivers__serial.a(uart_nrfx_uarte.c.obj)
 .rodata.uarte_0z_config
                0x00010ee8        0x8 zephyr/drivers/serial/libdrivers__serial.a(uart_nrfx_uarte.c.obj)
 .rodata.levels.9429
                0x00010ef0       0x14 zephyr/kernel/libkernel.a(device.c.obj)
 .rodata._k_neg_eagain
                0x00010f04        0x4 zephyr/kernel/libkernel.a(errno.c.obj)
                0x00010f04                _k_neg_eagain
 .rodata.CSWTCH.6
                0x00010f08       0x20 C:/nrf_workspace/test1_5/nrfxlib/crypto/nrf_cc312_platform/lib/cortex-m33/soft-float/no-interrupts/libnrf_cc312_platform_0.9.7.a(nrf_cc3xx_platform.c.obj)
 .rodata.mutex_free.str1.4
                0x00010f28       0x26 C:/nrf_workspace/test1_5/nrfxlib/crypto/nrf_cc312_platform/lib/cortex-m33/soft-float/no-interrupts/libnrf_cc312_platform_0.9.7.a(nrf_cc3xx_platform_mutex.c.obj)
 *fill*         0x00010f4e        0x2 
 .rodata.mutex_init.str1.4
                0x00010f50       0x23 C:/nrf_workspace/test1_5/nrfxlib/crypto/nrf_cc312_platform/lib/cortex-m33/soft-float/no-interrupts/libnrf_cc312_platform_0.9.7.a(nrf_cc3xx_platform_mutex.c.obj)
 *fill*         0x00010f73        0x1 
 .rodata.CC_PalPowerSaveModeInit.str1.4
                0x00010f74       0x20 C:/nrf_workspace/test1_5/nrfxlib/crypto/nrf_cc312_platform/lib/cortex-m33/soft-float/no-interrupts/libnrf_cc312_platform_0.9.7.a(cc_pal_pm.c.obj)
 .rodata.main.str1.1
                0x00010f94       0x2a app/libapp.a(main.c.obj)
 .rodata.cbvprintf.str1.1
                0x00010fbe        0x6 zephyr/libzephyr.a(cbprintf_complete.c.obj)
 .rodata.CSWTCH.15
                0x00010fc4        0x4 zephyr/libzephyr.a(soc.c.obj)
 .rodata.sys_reboot.str1.1
                0x00010fc8       0x29 zephyr/libzephyr.a(reboot.c.obj)
 .rodata.uart_console_init.str1.1
                0x00010ff1        0x7 zephyr/libzephyr.a(uart_console.c.obj)
 .rodata.str1.1
                0x00010ff8        0x6 zephyr/libzephyr.a(clock_control_nrf.c.obj)
 .rodata.str1.1
                0x00010ffe        0xa zephyr/libzephyr.a(sys_clock_init.c.obj)
 .rodata.mutex_free_platform.str1.1
                0x00011008       0x26 zephyr/libzephyr.a(nrf_cc3xx_platform_mutex_zephyr.c.obj)
 .rodata.mutex_init_platform.str1.1
                0x0001102e       0x2d zephyr/libzephyr.a(nrf_cc3xx_platform_mutex_zephyr.c.obj)
 .rodata.str1.1
                0x0001105b        0xf zephyr/soc/arm/common/cortex_m/libsoc__arm__common__cortex_m.a(arm_mpu_regions.c.obj)
 .rodata.str1.1
                0x0001106a        0xe zephyr/drivers/gpio/libdrivers__gpio.a(gpio_nrfx.c.obj)
 .rodata.str1.1
                0x00011078        0x7 zephyr/drivers/serial/libdrivers__serial.a(uart_nrfx_uarte.c.obj)
 .rodata.str1.1
                0x00011078        0xb modules/nrf/drivers/hw_cc310/lib..__nrf__drivers__hw_cc310.a(hw_cc310.c.obj)
 .rodata.CSWTCH.1
                0x00011083        0x4 modules/hal_nordic/libmodules__hal_nordic.a(system_nrf5340_application.c.obj)
 .rodata.z_cstart.str1.1
                0x00011087        0x5 zephyr/kernel/libkernel.a(init.c.obj)
 .rodata.boot_banner.str1.1
                0x0001108c       0x36 zephyr/kernel/libkernel.a(banner.c.obj)
                                 0x37 (size before relaxing)
 *(SORT_BY_ALIGNMENT(.gnu.linkonce.r.*))
                0x000110c4                . = ALIGN (0x4)
 *fill*         0x000110c2        0x2 
                0x000110c4                _image_rodata_end = .
                0x000110e0                . = ALIGN (_region_min_align)
                0x000110e0                _image_rom_end = .
                0x20000000                . = 0x20000000
                0x20000000                . = ALIGN (_region_min_align)
                0x20000000                _image_ram_start = .

.ramfunc        0x20000000        0x0 load address 0x000110c4
                0x20000000                . = ALIGN (_region_min_align)
                0x20000000                _ramfunc_ram_start = .
 *(SORT_BY_ALIGNMENT(.ramfunc))
 *(SORT_BY_ALIGNMENT(.ramfunc.*))
                0x20000000                . = ALIGN (_region_min_align)
                0x20000000                _ramfunc_ram_end = .
                0x00000000                _ramfunc_ram_size = (_ramfunc_ram_end - _ramfunc_ram_start)
                0x000110c4                _ramfunc_rom_start = LOADADDR (.ramfunc)

datas           0x20000000       0xa8 load address 0x000110c4
                0x20000000                __data_ram_start = .
 *(SORT_BY_ALIGNMENT(.data))
 *(SORT_BY_ALIGNMENT(.data.*))
 .data._char_out
                0x20000000        0x4 zephyr/libzephyr.a(printk.c.obj)
                0x20000000                _char_out
 .data.asym_mutex
                0x20000004        0x8 zephyr/libzephyr.a(nrf_cc3xx_platform_mutex_zephyr.c.obj)
 .data.power_mutex
                0x2000000c        0x8 zephyr/libzephyr.a(nrf_cc3xx_platform_mutex_zephyr.c.obj)
 .data.rng_mutex
                0x20000014        0x8 zephyr/libzephyr.a(nrf_cc3xx_platform_mutex_zephyr.c.obj)
 .data.sym_mutex
                0x2000001c        0x8 zephyr/libzephyr.a(nrf_cc3xx_platform_mutex_zephyr.c.obj)
 .data._stdout_hook
                0x20000024        0x4 zephyr/lib/libc/minimal/liblib__libc__minimal.a(stdout_console.c.obj)
 .data.uarte_0_data
                0x20000028       0x14 zephyr/drivers/serial/libdrivers__serial.a(uart_nrfx_uarte.c.obj)
 .data.SystemCoreClock
                0x2000003c        0x4 modules/hal_nordic/libmodules__hal_nordic.a(system_nrf5340_application.c.obj)
                0x2000003c                SystemCoreClock
 .data.timeout_list
                0x20000040        0x8 zephyr/kernel/libkernel.a(timeout.c.obj)
 .data.platform_abort_apis
                0x20000048        0x8 C:/nrf_workspace/test1_5/nrfxlib/crypto/nrf_cc312_platform/lib/cortex-m33/soft-float/no-interrupts/libnrf_cc312_platform_0.9.7.a(nrf_cc3xx_platform_abort.c.obj)
                0x20000048                platform_abort_apis
 .data.asym_mutex
                0x20000050        0x8 C:/nrf_workspace/test1_5/nrfxlib/crypto/nrf_cc312_platform/lib/cortex-m33/soft-float/no-interrupts/libnrf_cc312_platform_0.9.7.a(nrf_cc3xx_platform_mutex.c.obj)
 .data.platform_mutex_apis
                0x20000058       0x10 C:/nrf_workspace/test1_5/nrfxlib/crypto/nrf_cc312_platform/lib/cortex-m33/soft-float/no-interrupts/libnrf_cc312_platform_0.9.7.a(nrf_cc3xx_platform_mutex.c.obj)
                0x20000058                platform_mutex_apis
 .data.platform_mutexes
                0x20000068       0x14 C:/nrf_workspace/test1_5/nrfxlib/crypto/nrf_cc312_platform/lib/cortex-m33/soft-float/no-interrupts/libnrf_cc312_platform_0.9.7.a(nrf_cc3xx_platform_mutex.c.obj)
                0x20000068                platform_mutexes
 .data.power_mutex
                0x2000007c        0x8 C:/nrf_workspace/test1_5/nrfxlib/crypto/nrf_cc312_platform/lib/cortex-m33/soft-float/no-interrupts/libnrf_cc312_platform_0.9.7.a(nrf_cc3xx_platform_mutex.c.obj)
 .data.rng_mutex
                0x20000084        0x8 C:/nrf_workspace/test1_5/nrfxlib/crypto/nrf_cc312_platform/lib/cortex-m33/soft-float/no-interrupts/libnrf_cc312_platform_0.9.7.a(nrf_cc3xx_platform_mutex.c.obj)
 .data.sym_mutex
                0x2000008c        0x8 C:/nrf_workspace/test1_5/nrfxlib/crypto/nrf_cc312_platform/lib/cortex-m33/soft-float/no-interrupts/libnrf_cc312_platform_0.9.7.a(nrf_cc3xx_platform_mutex.c.obj)
 .data.CCAsymCryptoMutex
                0x20000094        0x4 C:/nrf_workspace/test1_5/nrfxlib/crypto/nrf_cc312_platform/lib/cortex-m33/soft-float/no-interrupts/libnrf_cc312_platform_0.9.7.a(cc_pal.c.obj)
                0x20000094                CCAsymCryptoMutex
 .data.CCPowerMutex
                0x20000098        0x4 C:/nrf_workspace/test1_5/nrfxlib/crypto/nrf_cc312_platform/lib/cortex-m33/soft-float/no-interrupts/libnrf_cc312_platform_0.9.7.a(cc_pal.c.obj)
                0x20000098                CCPowerMutex
 .data.CCRndCryptoMutex
                0x2000009c        0x4 C:/nrf_workspace/test1_5/nrfxlib/crypto/nrf_cc312_platform/lib/cortex-m33/soft-float/no-interrupts/libnrf_cc312_platform_0.9.7.a(cc_pal.c.obj)
                0x2000009c                CCRndCryptoMutex
 .data.CCSymCryptoMutex
                0x200000a0        0x4 C:/nrf_workspace/test1_5/nrfxlib/crypto/nrf_cc312_platform/lib/cortex-m33/soft-float/no-interrupts/libnrf_cc312_platform_0.9.7.a(cc_pal.c.obj)
                0x200000a0                CCSymCryptoMutex
 .data.pCCRndCryptoMutex
                0x200000a4        0x4 C:/nrf_workspace/test1_5/nrfxlib/crypto/nrf_cc312_platform/lib/cortex-m33/soft-float/no-interrupts/libnrf_cc312_platform_0.9.7.a(cc_pal.c.obj)
                0x200000a4                pCCRndCryptoMutex
 *(SORT_BY_ALIGNMENT(.kernel.*))
                0x000110c4                __data_rom_start = LOADADDR (datas)

devices         0x200000a8       0x64 load address 0x0001116c
                0x200000a8                __device_start = .
                0x200000a8                __device_PRE_KERNEL_1_start = .
 *(SORT_BY_NAME(SORT_BY_ALIGNMENT(.device_PRE_KERNEL_1[0-9]*)))
 .device_PRE_KERNEL_150
                0x200000a8       0x10 zephyr/libzephyr.a(clock_control_nrf.c.obj)
                0x200000a8                __device_DT_N_S_soc_S_peripheral_50000000_S_clock_5000
 .device_PRE_KERNEL_150
                0x200000b8       0x10 zephyr/drivers/serial/libdrivers__serial.a(uart_nrfx_uarte.c.obj)
                0x200000b8                __device_DT_N_S_soc_S_peripheral_50000000_S_uart_8000
 *(SORT_BY_NAME(SORT_BY_ALIGNMENT(.device_PRE_KERNEL_1[1-9][0-9]*)))
                0x200000c8                __device_PRE_KERNEL_2_start = .
 *(SORT_BY_NAME(SORT_BY_ALIGNMENT(.device_PRE_KERNEL_2[0-9]*)))
 .device_PRE_KERNEL_20
                0x200000c8       0x10 zephyr/libzephyr.a(sys_clock_init.c.obj)
 *(SORT_BY_NAME(SORT_BY_ALIGNMENT(.device_PRE_KERNEL_2[1-9][0-9]*)))
                0x200000d8                __device_POST_KERNEL_start = .
 *(SORT_BY_NAME(SORT_BY_ALIGNMENT(.device_POST_KERNEL[0-9]*)))
 .device_POST_KERNEL40
                0x200000d8       0x20 zephyr/drivers/gpio/libdrivers__gpio.a(gpio_nrfx.c.obj)
                0x200000d8                __device_DT_N_S_soc_S_peripheral_50000000_S_gpio_842500
                0x200000e8                __device_DT_N_S_soc_S_peripheral_50000000_S_gpio_842800
 .device_POST_KERNEL40
                0x200000f8       0x10 modules/nrf/drivers/hw_cc310/lib..__nrf__drivers__hw_cc310.a(hw_cc310.c.obj)
 *(SORT_BY_NAME(SORT_BY_ALIGNMENT(.device_POST_KERNEL[1-9][0-9]*)))
                0x20000108                __device_APPLICATION_start = .
 *(SORT_BY_NAME(SORT_BY_ALIGNMENT(.device_APPLICATION[0-9]*)))
 *(SORT_BY_NAME(SORT_BY_ALIGNMENT(.device_APPLICATION[1-9][0-9]*)))
                0x20000108                __device_SMP_start = .
 *(SORT_BY_NAME(SORT_BY_ALIGNMENT(.device_SMP[0-9]*)))
 *(SORT_BY_NAME(SORT_BY_ALIGNMENT(.device_SMP[1-9][0-9]*)))
                0x20000108                __device_end = .
 FILL mask 0x00
                0x20000108                __device_init_status_start = .
                0x2000010c                . = (. + (((((__device_end - __device_start) / 0x10) + 0x1f) / 0x20) * 0x4))
 *fill*         0x20000108        0x4 00
                0x2000010c                __device_init_status_end = .

initshell       0x2000010c        0x0 load address 0x000111d0
                0x2000010c                __shell_module_start = .
 *(SORT_BY_ALIGNMENT(.shell_module_*))
                0x2000010c                __shell_module_end = .
                0x2000010c                __shell_cmd_start = .
 *(SORT_BY_ALIGNMENT(.shell_cmd_*))
                0x2000010c                __shell_cmd_end = .

log_dynamic_sections
                0x2000010c        0x0 load address 0x000111d0
                0x2000010c                __log_dynamic_start = .
 *(SORT_BY_NAME(SORT_BY_ALIGNMENT(.log_dynamic_*)))
                0x2000010c                __log_dynamic_end = .

_static_thread_data_area
                0x2000010c        0x0 load address 0x000111d0
                0x2000010c                __static_thread_data_list_start = .
 *(SORT_BY_NAME(SORT_BY_ALIGNMENT(.__static_thread_data.static.*)))
                0x2000010c                __static_thread_data_list_end = .

k_timer_area    0x2000010c        0x0 load address 0x000111d0
                0x2000010c                _k_timer_list_start = .
 *(SORT_BY_NAME(SORT_BY_ALIGNMENT(._k_timer.static.*)))
                0x2000010c                _k_timer_list_end = .

k_mem_slab_area
                0x2000010c        0x0 load address 0x000111d0
                0x2000010c                _k_mem_slab_list_start = .
 *(SORT_BY_NAME(SORT_BY_ALIGNMENT(._k_mem_slab.static.*)))
                0x2000010c                _k_mem_slab_list_end = .

k_mem_pool_area
                0x2000010c        0x0 load address 0x000111d0
                0x2000010c                _k_mem_pool_list_start = .
 *(SORT_BY_NAME(SORT_BY_ALIGNMENT(._k_mem_pool.static.*)))
                0x2000010c                _k_mem_pool_list_end = .

k_heap_area     0x2000010c        0x0 load address 0x000111d0
                0x2000010c                _k_heap_list_start = .
 *(SORT_BY_NAME(SORT_BY_ALIGNMENT(._k_heap.static.*)))
                0x2000010c                _k_heap_list_end = .

k_mutex_area    0x2000010c       0x50 load address 0x000111d0
                0x2000010c                _k_mutex_list_start = .
 *(SORT_BY_NAME(SORT_BY_ALIGNMENT(._k_mutex.static.*)))
 ._k_mutex.static.asym_mutex_int
                0x2000010c       0x14 zephyr/libzephyr.a(nrf_cc3xx_platform_mutex_zephyr.c.obj)
                0x2000010c                asym_mutex_int
 ._k_mutex.static.power_mutex_int
                0x20000120       0x14 zephyr/libzephyr.a(nrf_cc3xx_platform_mutex_zephyr.c.obj)
                0x20000120                power_mutex_int
 ._k_mutex.static.rng_mutex_int
                0x20000134       0x14 zephyr/libzephyr.a(nrf_cc3xx_platform_mutex_zephyr.c.obj)
                0x20000134                rng_mutex_int
 ._k_mutex.static.sym_mutex_int
                0x20000148       0x14 zephyr/libzephyr.a(nrf_cc3xx_platform_mutex_zephyr.c.obj)
                0x20000148                sym_mutex_int
                0x2000015c                _k_mutex_list_end = .

k_stack_area    0x2000015c        0x0 load address 0x00011220
                0x2000015c                _k_stack_list_start = .
 *(SORT_BY_NAME(SORT_BY_ALIGNMENT(._k_stack.static.*)))
                0x2000015c                _k_stack_list_end = .

k_msgq_area     0x2000015c        0x0 load address 0x00011220
                0x2000015c                _k_msgq_list_start = .
 *(SORT_BY_NAME(SORT_BY_ALIGNMENT(._k_msgq.static.*)))
                0x2000015c                _k_msgq_list_end = .

k_mbox_area     0x2000015c        0x0 load address 0x00011220
                0x2000015c                _k_mbox_list_start = .
 *(SORT_BY_NAME(SORT_BY_ALIGNMENT(._k_mbox.static.*)))
                0x2000015c                _k_mbox_list_end = .

k_pipe_area     0x2000015c        0x0 load address 0x00011220
                0x2000015c                _k_pipe_list_start = .
 *(SORT_BY_NAME(SORT_BY_ALIGNMENT(._k_pipe.static.*)))
                0x2000015c                _k_pipe_list_end = .

k_sem_area      0x2000015c        0x0 load address 0x00011220
                0x2000015c                _k_sem_list_start = .
 *(SORT_BY_NAME(SORT_BY_ALIGNMENT(._k_sem.static.*)))
                0x2000015c                _k_sem_list_end = .

k_queue_area    0x2000015c        0x0 load address 0x00011220
                0x2000015c                _k_queue_list_start = .
 *(SORT_BY_NAME(SORT_BY_ALIGNMENT(._k_queue.static.*)))
                0x2000015c                _k_queue_list_end = .

k_condvar_area  0x2000015c        0x0 load address 0x00011220
                0x2000015c                _k_condvar_list_start = .
 *(SORT_BY_NAME(SORT_BY_ALIGNMENT(._k_condvar.static.*)))
                0x2000015c                _k_condvar_list_end = .

_net_buf_pool_area
                0x2000015c        0x0 load address 0x00011220
                0x2000015c                _net_buf_pool_list = .
 *(SORT_BY_NAME(SORT_BY_ALIGNMENT(._net_buf_pool.static.*)))
                0x2000015c                __data_ram_end = .

bss             0x20000160      0x807
                0x20000160                . = ALIGN (0x4)
                0x20000160                __bss_start = .
                0x20000160                __kernel_ram_start = .
 *(SORT_BY_ALIGNMENT(.bss))
 *(SORT_BY_ALIGNMENT(.bss.*))
 .bss.z_idle_threads
                0x20000160       0x80 zephyr/kernel/libkernel.a(init.c.obj)
                0x20000160                z_idle_threads
 .bss.z_main_thread
                0x200001e0       0x80 zephyr/kernel/libkernel.a(init.c.obj)
                0x200001e0                z_main_thread
 .bss.curr_tick
                0x20000260        0x8 zephyr/kernel/libkernel.a(timeout.c.obj)
 .bss.uart_console_dev
                0x20000268        0x4 zephyr/libzephyr.a(uart_console.c.obj)
 .bss.cli.11330
                0x2000026c       0x10 zephyr/libzephyr.a(clock_control_nrf.c.obj)
 .bss.data      0x2000027c       0xa0 zephyr/libzephyr.a(clock_control_nrf.c.obj)
 .bss.hfclk_users
                0x2000031c        0x4 zephyr/libzephyr.a(clock_control_nrf.c.obj)
 .bss.on.11329  0x20000320        0x4 zephyr/libzephyr.a(clock_control_nrf.c.obj)
 .bss.cc_data   0x20000324        0x8 zephyr/libzephyr.a(nrf_rtc_timer.c.obj)
 .bss.int_mask  0x2000032c        0x4 zephyr/libzephyr.a(nrf_rtc_timer.c.obj)
 .bss.last_count
                0x20000330        0x4 zephyr/libzephyr.a(nrf_rtc_timer.c.obj)
 .bss.mutex_slab
                0x20000334       0x1c zephyr/libzephyr.a(nrf_cc3xx_platform_mutex_zephyr.c.obj)
                0x20000334                mutex_slab
 .bss.mutex_slab_buffer
                0x20000350      0x500 zephyr/libzephyr.a(nrf_cc3xx_platform_mutex_zephyr.c.obj)
                0x20000350                mutex_slab_buffer
 .bss.dyn_reg_info
                0x20000850       0x14 zephyr/arch/arch/arm/core/aarch32/cortex_m/mpu/libarch__arm__core__aarch32__cortex_m__mpu.a(arm_mpu.c.obj)
 .bss.gpio_nrfx_p0_data
                0x20000864       0x1c zephyr/drivers/gpio/libdrivers__gpio.a(gpio_nrfx.c.obj)
 .bss.gpio_nrfx_p1_data
                0x20000880       0x1c zephyr/drivers/gpio/libdrivers__gpio.a(gpio_nrfx.c.obj)
 .bss.m_clock_cb
                0x2000089c        0x8 modules/hal_nordic/libmodules__hal_nordic.a(nrfx_clock.c.obj)
 .bss.m_allocated_channels
                0x200008a4        0x4 modules/hal_nordic/libmodules__hal_nordic.a(nrfx_dppi.c.obj)
 .bss.m_cb      0x200008a8       0x60 modules/hal_nordic/libmodules__hal_nordic.a(nrfx_gpiote.c.obj)
 .bss._kernel   0x20000908       0x34 zephyr/kernel/libkernel.a(sched.c.obj)
                0x20000908                _kernel
 .bss.pending_current
                0x2000093c        0x4 zephyr/kernel/libkernel.a(sched.c.obj)
 .bss.slice_max_prio
                0x20000940        0x4 zephyr/kernel/libkernel.a(sched.c.obj)
 .bss.slice_time
                0x20000944        0x4 zephyr/kernel/libkernel.a(sched.c.obj)
 .bss.announce_remaining
                0x20000948        0x4 zephyr/kernel/libkernel.a(timeout.c.obj)
 .bss.nrf_cc3xx_platform_initialized
                0x2000094c        0x4 C:/nrf_workspace/test1_5/nrfxlib/crypto/nrf_cc312_platform/lib/cortex-m33/soft-float/no-interrupts/libnrf_cc312_platform_0.9.7.a(nrf_cc3xx_platform.c.obj)
 .bss.asym_mutex_int
                0x20000950        0x4 C:/nrf_workspace/test1_5/nrfxlib/crypto/nrf_cc312_platform/lib/cortex-m33/soft-float/no-interrupts/libnrf_cc312_platform_0.9.7.a(nrf_cc3xx_platform_mutex.c.obj)
 .bss.power_mutex_int
                0x20000954        0x4 C:/nrf_workspace/test1_5/nrfxlib/crypto/nrf_cc312_platform/lib/cortex-m33/soft-float/no-interrupts/libnrf_cc312_platform_0.9.7.a(nrf_cc3xx_platform_mutex.c.obj)
 .bss.rng_mutex_int
                0x20000958        0x4 C:/nrf_workspace/test1_5/nrfxlib/crypto/nrf_cc312_platform/lib/cortex-m33/soft-float/no-interrupts/libnrf_cc312_platform_0.9.7.a(nrf_cc3xx_platform_mutex.c.obj)
 .bss.sym_mutex_int
                0x2000095c        0x4 C:/nrf_workspace/test1_5/nrfxlib/crypto/nrf_cc312_platform/lib/cortex-m33/soft-float/no-interrupts/libnrf_cc312_platform_0.9.7.a(nrf_cc3xx_platform_mutex.c.obj)
 .bss.use_count
                0x20000960        0x4 C:/nrf_workspace/test1_5/nrfxlib/crypto/nrf_cc312_platform/lib/cortex-m33/soft-float/no-interrupts/libnrf_cc312_platform_0.9.7.a(cc_pal_pm.c.obj)
 .bss.static_regions_num
                0x20000964        0x1 zephyr/arch/arch/arm/core/aarch32/cortex_m/mpu/libarch__arm__core__aarch32__cortex_m__mpu.a(arm_mpu.c.obj)
 .bss.gpio_initialized.10527
                0x20000965        0x1 zephyr/drivers/gpio/libdrivers__gpio.a(gpio_nrfx.c.obj)
 .bss.z_sys_post_kernel
                0x20000966        0x1 zephyr/kernel/libkernel.a(init.c.obj)
                0x20000966                z_sys_post_kernel
 .bss.lock      0x20000967        0x0 zephyr/kernel/libkernel.a(mem_slab.c.obj)
 .bss.lock      0x20000967        0x0 zephyr/kernel/libkernel.a(mutex.c.obj)
 .bss.sched_spinlock
                0x20000967        0x0 zephyr/kernel/libkernel.a(sched.c.obj)
 .bss.lock      0x20000967        0x0 zephyr/kernel/libkernel.a(sem.c.obj)
 *(SORT_BY_ALIGNMENT(COMMON))
 *(SORT_BY_ALIGNMENT(.kernel_bss.*))
                0x20000968                __bss_end = ALIGN (0x4)

noinit          0x20000968      0xd40
 *(SORT_BY_ALIGNMENT(.noinit))
 *(SORT_BY_ALIGNMENT(.noinit.*))
 .noinit."WEST_TOPDIR/zephyr/kernel/init.c".2
                0x20000968      0x400 zephyr/kernel/libkernel.a(init.c.obj)
                0x20000968                z_main_stack
 .noinit."WEST_TOPDIR/zephyr/kernel/init.c".3
                0x20000d68      0x140 zephyr/kernel/libkernel.a(init.c.obj)
 .noinit."WEST_TOPDIR/zephyr/kernel/init.c".4
                0x20000ea8      0x800 zephyr/kernel/libkernel.a(init.c.obj)
                0x20000ea8                z_interrupt_stacks
 *(SORT_BY_ALIGNMENT(.kernel_noinit.*))
                0x200016a8                _image_ram_end = .
                0x200016a8                _end = .
                0x2007e000                __kernel_ram_end = 0x2007e000
                0x0007dea0                __kernel_ram_size = (__kernel_ram_end - __kernel_ram_start)

.intList        0x2007e000       0x48
 *(SORT_BY_ALIGNMENT(.irq_info*))
 .irq_info      0x2007e000        0x8 zephyr/arch/common/libisr_tables.a(isr_tables.c.obj)
                0x2007e000                _iheader
 *(SORT_BY_ALIGNMENT(.intList*))
 .intList       0x2007e008       0x10 zephyr/libzephyr.a(clock_control_nrf.c.obj)
 .intList       0x2007e018       0x10 zephyr/libzephyr.a(nrf_rtc_timer.c.obj)
 .intList       0x2007e028       0x10 zephyr/drivers/gpio/libdrivers__gpio.a(gpio_nrfx.c.obj)
 .intList       0x2007e038       0x10 zephyr/drivers/serial/libdrivers__serial.a(uart_nrfx_uarte.c.obj)

.stab
 *(SORT_BY_ALIGNMENT(.stab))

.stabstr
 *(SORT_BY_ALIGNMENT(.stabstr))

.stab.excl
 *(SORT_BY_ALIGNMENT(.stab.excl))

.stab.exclstr
 *(SORT_BY_ALIGNMENT(.stab.exclstr))

.stab.index
 *(SORT_BY_ALIGNMENT(.stab.index))

.stab.indexstr
 *(SORT_BY_ALIGNMENT(.stab.indexstr))

.gnu.build.attributes
 *(SORT_BY_ALIGNMENT(.gnu.build.attributes) SORT_BY_ALIGNMENT(.gnu.build.attributes.*))

.comment        0x00000000       0x79
 *(SORT_BY_ALIGNMENT(.comment))
 .comment       0x00000000       0x79 app/libapp.a(main.c.obj)
                                 0x7a (size before relaxing)
 .comment       0x00000079       0x7a zephyr/libzephyr.a(notify.c.obj)
 .comment       0x00000079       0x7a zephyr/libzephyr.a(printk.c.obj)
 .comment       0x00000079       0x7a zephyr/libzephyr.a(onoff.c.obj)
 .comment       0x00000079       0x7a zephyr/libzephyr.a(thread_entry.c.obj)
 .comment       0x00000079       0x7a zephyr/libzephyr.a(heap.c.obj)
 .comment       0x00000079       0x7a zephyr/libzephyr.a(cbprintf_complete.c.obj)
 .comment       0x00000079       0x7a zephyr/libzephyr.a(configs.c.obj)
 .comment       0x00000079       0x7a zephyr/libzephyr.a(soc.c.obj)
 .comment       0x00000079       0x7a zephyr/libzephyr.a(reboot.c.obj)
 .comment       0x00000079       0x7a zephyr/libzephyr.a(uart_console.c.obj)
 .comment       0x00000079       0x7a zephyr/libzephyr.a(clock_control_nrf.c.obj)
 .comment       0x00000079       0x7a zephyr/libzephyr.a(sys_clock_init.c.obj)
 .comment       0x00000079       0x7a zephyr/libzephyr.a(nrf_rtc_timer.c.obj)
 .comment       0x00000079       0x7a zephyr/libzephyr.a(nrf_cc3xx_platform_abort_zephyr.c.obj)
 .comment       0x00000079       0x7a zephyr/libzephyr.a(nrf_cc3xx_platform_mutex_zephyr.c.obj)
 .comment       0x00000079       0x7a zephyr/arch/arch/arm/core/aarch32/libarch__arm__core__aarch32.a(swap.c.obj)
 .comment       0x00000079       0x7a zephyr/arch/arch/arm/core/aarch32/libarch__arm__core__aarch32.a(irq_manage.c.obj)
 .comment       0x00000079       0x7a zephyr/arch/arch/arm/core/aarch32/libarch__arm__core__aarch32.a(thread.c.obj)
 .comment       0x00000079       0x7a zephyr/arch/arch/arm/core/aarch32/libarch__arm__core__aarch32.a(fatal.c.obj)
 .comment       0x00000079       0x7a zephyr/arch/arch/arm/core/aarch32/libarch__arm__core__aarch32.a(nmi.c.obj)
 .comment       0x00000079       0x7a zephyr/arch/arch/arm/core/aarch32/libarch__arm__core__aarch32.a(prep_c.c.obj)
 .comment       0x00000079       0x7a zephyr/arch/arch/arm/core/aarch32/cortex_m/libarch__arm__core__aarch32__cortex_m.a(fault.c.obj)
 .comment       0x00000079       0x7a zephyr/arch/arch/arm/core/aarch32/cortex_m/libarch__arm__core__aarch32__cortex_m.a(scb.c.obj)
 .comment       0x00000079       0x7a zephyr/arch/arch/arm/core/aarch32/cortex_m/libarch__arm__core__aarch32__cortex_m.a(irq_init.c.obj)
 .comment       0x00000079       0x7a zephyr/arch/arch/arm/core/aarch32/cortex_m/libarch__arm__core__aarch32__cortex_m.a(thread_abort.c.obj)
 .comment       0x00000079       0x7a zephyr/arch/arch/arm/core/aarch32/cortex_m/mpu/libarch__arm__core__aarch32__cortex_m__mpu.a(arm_core_mpu.c.obj)
 .comment       0x00000079       0x7a zephyr/arch/arch/arm/core/aarch32/cortex_m/mpu/libarch__arm__core__aarch32__cortex_m__mpu.a(arm_mpu.c.obj)
 .comment       0x00000079       0x7a zephyr/arch/arch/arm/core/aarch32/cortex_m/cmse/libarch__arm__core__aarch32__cortex_m__cmse.a(arm_core_cmse.c.obj)
 .comment       0x00000079       0x7a zephyr/lib/libc/minimal/liblib__libc__minimal.a(string.c.obj)
 .comment       0x00000079       0x7a zephyr/lib/libc/minimal/liblib__libc__minimal.a(stdout_console.c.obj)
 .comment       0x00000079       0x7a zephyr/soc/arm/common/cortex_m/libsoc__arm__common__cortex_m.a(arm_mpu_regions.c.obj)
 .comment       0x00000079       0x7a zephyr/drivers/gpio/libdrivers__gpio.a(gpio_nrfx.c.obj)
 .comment       0x00000079       0x7a zephyr/drivers/serial/libdrivers__serial.a(uart_nrfx_uarte.c.obj)
 .comment       0x00000079       0x7a modules/nrf/lib/fatal_error/lib..__nrf__lib__fatal_error.a(fatal_error.c.obj)
 .comment       0x00000079       0x7a modules/nrf/drivers/hw_cc310/lib..__nrf__drivers__hw_cc310.a(hw_cc310.c.obj)
 .comment       0x00000079       0x7a modules/hal_nordic/libmodules__hal_nordic.a(system_nrf5340_application.c.obj)
 .comment       0x00000079       0x7a modules/hal_nordic/libmodules__hal_nordic.a(nrfx_glue.c.obj)
 .comment       0x00000079       0x7a modules/hal_nordic/libmodules__hal_nordic.a(nrfx_clock.c.obj)
 .comment       0x00000079       0x7a modules/hal_nordic/libmodules__hal_nordic.a(nrfx_dppi.c.obj)
 .comment       0x00000079       0x7a modules/hal_nordic/libmodules__hal_nordic.a(nrfx_gpiote.c.obj)
 .comment       0x00000079       0x7a zephyr/kernel/libkernel.a(device.c.obj)
 .comment       0x00000079       0x7a zephyr/kernel/libkernel.a(errno.c.obj)
 .comment       0x00000079       0x7a zephyr/kernel/libkernel.a(fatal.c.obj)
 .comment       0x00000079       0x7a zephyr/kernel/libkernel.a(idle.c.obj)
 .comment       0x00000079       0x7a zephyr/kernel/libkernel.a(init.c.obj)
 .comment       0x00000079       0x7a zephyr/kernel/libkernel.a(mem_slab.c.obj)
 .comment       0x00000079       0x7a zephyr/kernel/libkernel.a(mutex.c.obj)
 .comment       0x00000079       0x7a zephyr/kernel/libkernel.a(sched.c.obj)
 .comment       0x00000079       0x7a zephyr/kernel/libkernel.a(sem.c.obj)
 .comment       0x00000079       0x7a zephyr/kernel/libkernel.a(thread.c.obj)
 .comment       0x00000079       0x7a zephyr/kernel/libkernel.a(thread_abort.c.obj)
 .comment       0x00000079       0x7a zephyr/kernel/libkernel.a(banner.c.obj)
 .comment       0x00000079       0x7a zephyr/kernel/libkernel.a(xip.c.obj)
 .comment       0x00000079       0x7a zephyr/kernel/libkernel.a(timeout.c.obj)
 .comment       0x00000079       0x7a zephyr/kernel/libkernel.a(kheap.c.obj)
 .comment       0x00000079       0x7a zephyr/CMakeFiles/offsets.dir/./arch/arm/core/offsets/offsets.c.obj
 .comment       0x00000079       0x7a zephyr/arch/common/libisr_tables.a(isr_tables.c.obj)
 .comment       0x00000079       0x7a C:/nrf_workspace/test1_5/nrfxlib/crypto/nrf_cc312_platform/lib/cortex-m33/soft-float/no-interrupts/libnrf_cc312_platform_0.9.7.a(nrf_cc3xx_platform.c.obj)
 .comment       0x00000079       0x7a C:/nrf_workspace/test1_5/nrfxlib/crypto/nrf_cc312_platform/lib/cortex-m33/soft-float/no-interrupts/libnrf_cc312_platform_0.9.7.a(nrf_cc3xx_platform_abort.c.obj)
 .comment       0x00000079       0x7a C:/nrf_workspace/test1_5/nrfxlib/crypto/nrf_cc312_platform/lib/cortex-m33/soft-float/no-interrupts/libnrf_cc312_platform_0.9.7.a(nrf_cc3xx_platform_mutex.c.obj)
 .comment       0x00000079       0x7a C:/nrf_workspace/test1_5/nrfxlib/crypto/nrf_cc312_platform/lib/cortex-m33/soft-float/no-interrupts/libnrf_cc312_platform_0.9.7.a(cc_lib.c.obj)
 .comment       0x00000079       0x7a C:/nrf_workspace/test1_5/nrfxlib/crypto/nrf_cc312_platform/lib/cortex-m33/soft-float/no-interrupts/libnrf_cc312_platform_0.9.7.a(cc_hal.c.obj)
 .comment       0x00000079       0x7a C:/nrf_workspace/test1_5/nrfxlib/crypto/nrf_cc312_platform/lib/cortex-m33/soft-float/no-interrupts/libnrf_cc312_platform_0.9.7.a(cc_pal.c.obj)
 .comment       0x00000079       0x7a C:/nrf_workspace/test1_5/nrfxlib/crypto/nrf_cc312_platform/lib/cortex-m33/soft-float/no-interrupts/libnrf_cc312_platform_0.9.7.a(cc_pal_dma.c.obj)
 .comment       0x00000079       0x7a C:/nrf_workspace/test1_5/nrfxlib/crypto/nrf_cc312_platform/lib/cortex-m33/soft-float/no-interrupts/libnrf_cc312_platform_0.9.7.a(cc_pal_mutex.c.obj)
 .comment       0x00000079       0x7a C:/nrf_workspace/test1_5/nrfxlib/crypto/nrf_cc312_platform/lib/cortex-m33/soft-float/no-interrupts/libnrf_cc312_platform_0.9.7.a(cc_pal_pm.c.obj)

.debug
 *(SORT_BY_ALIGNMENT(.debug))

.line
 *(SORT_BY_ALIGNMENT(.line))

.debug_srcinfo
 *(SORT_BY_ALIGNMENT(.debug_srcinfo))

.debug_sfnames
 *(SORT_BY_ALIGNMENT(.debug_sfnames))

.debug_aranges  0x00000000     0x12c0
 *(SORT_BY_ALIGNMENT(.debug_aranges))
 .debug_aranges
                0x00000000       0x28 zephyr/arch/arch/arm/core/aarch32/libarch__arm__core__aarch32.a(swap_helper.S.obj)
 .debug_aranges
                0x00000028       0x30 zephyr/arch/arch/arm/core/aarch32/libarch__arm__core__aarch32.a(cpu_idle.S.obj)
 .debug_aranges
                0x00000058       0x20 zephyr/arch/arch/arm/core/aarch32/libarch__arm__core__aarch32.a(nmi_on_reset.S.obj)
 .debug_aranges
                0x00000078       0x20 zephyr/arch/arch/arm/core/aarch32/libarch__arm__core__aarch32.a(isr_wrapper.S.obj)
 .debug_aranges
                0x00000098       0x20 zephyr/arch/arch/arm/core/aarch32/cortex_m/libarch__arm__core__aarch32__cortex_m.a(reset.S.obj)
 .debug_aranges
                0x000000b8       0x20 zephyr/arch/arch/arm/core/aarch32/cortex_m/libarch__arm__core__aarch32__cortex_m.a(fault_s.S.obj)
 .debug_aranges
                0x000000d8       0x20 zephyr/arch/arch/arm/core/aarch32/cortex_m/libarch__arm__core__aarch32__cortex_m.a(exc_exit.S.obj)
 .debug_aranges
                0x000000f8       0x20 app/libapp.a(main.c.obj)
 .debug_aranges
                0x00000118       0x28 zephyr/libzephyr.a(notify.c.obj)
 .debug_aranges
                0x00000140       0x68 zephyr/libzephyr.a(printk.c.obj)
 .debug_aranges
                0x000001a8       0x88 zephyr/libzephyr.a(onoff.c.obj)
 .debug_aranges
                0x00000230       0x20 zephyr/libzephyr.a(thread_entry.c.obj)
 .debug_aranges
                0x00000250       0xa8 zephyr/libzephyr.a(heap.c.obj)
 .debug_aranges
                0x000002f8       0x30 zephyr/libzephyr.a(cbprintf_complete.c.obj)
 .debug_aranges
                0x00000328       0x20 zephyr/libzephyr.a(configs.c.obj)
 .debug_aranges
                0x00000348       0x40 zephyr/libzephyr.a(soc.c.obj)
 .debug_aranges
                0x00000388       0x20 zephyr/libzephyr.a(reboot.c.obj)
 .debug_aranges
                0x000003a8       0x28 zephyr/libzephyr.a(uart_console.c.obj)
 .debug_aranges
                0x000003d0       0xe8 zephyr/libzephyr.a(clock_control_nrf.c.obj)
 .debug_aranges
                0x000004b8       0x40 zephyr/libzephyr.a(sys_clock_init.c.obj)
 .debug_aranges
                0x000004f8       0x98 zephyr/libzephyr.a(nrf_rtc_timer.c.obj)
 .debug_aranges
                0x00000590       0x28 zephyr/libzephyr.a(nrf_cc3xx_platform_abort_zephyr.c.obj)
 .debug_aranges
                0x000005b8       0x40 zephyr/libzephyr.a(nrf_cc3xx_platform_mutex_zephyr.c.obj)
 .debug_aranges
                0x000005f8       0x20 zephyr/arch/arch/arm/core/aarch32/libarch__arm__core__aarch32.a(swap.c.obj)
 .debug_aranges
                0x00000618       0x48 zephyr/arch/arch/arm/core/aarch32/libarch__arm__core__aarch32.a(irq_manage.c.obj)
 .debug_aranges
                0x00000660       0x30 zephyr/arch/arch/arm/core/aarch32/libarch__arm__core__aarch32.a(thread.c.obj)
 .debug_aranges
                0x00000690       0x30 zephyr/arch/arch/arm/core/aarch32/libarch__arm__core__aarch32.a(fatal.c.obj)
 .debug_aranges
                0x000006c0       0x20 zephyr/arch/arch/arm/core/aarch32/libarch__arm__core__aarch32.a(nmi.c.obj)
 .debug_aranges
                0x000006e0       0x20 zephyr/arch/arch/arm/core/aarch32/libarch__arm__core__aarch32.a(prep_c.c.obj)
 .debug_aranges
                0x00000700       0x40 zephyr/arch/arch/arm/core/aarch32/cortex_m/libarch__arm__core__aarch32__cortex_m.a(fault.c.obj)
 .debug_aranges
                0x00000740       0x30 zephyr/arch/arch/arm/core/aarch32/cortex_m/libarch__arm__core__aarch32__cortex_m.a(scb.c.obj)
 .debug_aranges
                0x00000770       0x20 zephyr/arch/arch/arm/core/aarch32/cortex_m/libarch__arm__core__aarch32__cortex_m.a(irq_init.c.obj)
 .debug_aranges
                0x00000790       0x20 zephyr/arch/arch/arm/core/aarch32/cortex_m/libarch__arm__core__aarch32__cortex_m.a(thread_abort.c.obj)
 .debug_aranges
                0x000007b0       0x28 zephyr/arch/arch/arm/core/aarch32/cortex_m/mpu/libarch__arm__core__aarch32__cortex_m__mpu.a(arm_core_mpu.c.obj)
 .debug_aranges
                0x000007d8       0x60 zephyr/arch/arch/arm/core/aarch32/cortex_m/mpu/libarch__arm__core__aarch32__cortex_m__mpu.a(arm_mpu.c.obj)
 .debug_aranges
                0x00000838       0x40 zephyr/arch/arch/arm/core/aarch32/cortex_m/cmse/libarch__arm__core__aarch32__cortex_m__cmse.a(arm_core_cmse.c.obj)
 .debug_aranges
                0x00000878       0x98 zephyr/lib/libc/minimal/liblib__libc__minimal.a(string.c.obj)
 .debug_aranges
                0x00000910       0x58 zephyr/lib/libc/minimal/liblib__libc__minimal.a(stdout_console.c.obj)
 .debug_aranges
                0x00000968       0x18 zephyr/soc/arm/common/cortex_m/libsoc__arm__common__cortex_m.a(arm_mpu_regions.c.obj)
 .debug_aranges
                0x00000980       0x88 zephyr/drivers/gpio/libdrivers__gpio.a(gpio_nrfx.c.obj)
 .debug_aranges
                0x00000a08       0x68 zephyr/drivers/serial/libdrivers__serial.a(uart_nrfx_uarte.c.obj)
 .debug_aranges
                0x00000a70       0x20 modules/nrf/lib/fatal_error/lib..__nrf__lib__fatal_error.a(fatal_error.c.obj)
 .debug_aranges
                0x00000a90       0x20 modules/nrf/drivers/hw_cc310/lib..__nrf__drivers__hw_cc310.a(hw_cc310.c.obj)
 .debug_aranges
                0x00000ab0       0x30 modules/hal_nordic/libmodules__hal_nordic.a(system_nrf5340_application.c.obj)
 .debug_aranges
                0x00000ae0       0x30 modules/hal_nordic/libmodules__hal_nordic.a(nrfx_glue.c.obj)
 .debug_aranges
                0x00000b10       0x78 modules/hal_nordic/libmodules__hal_nordic.a(nrfx_clock.c.obj)
 .debug_aranges
                0x00000b88       0x78 modules/hal_nordic/libmodules__hal_nordic.a(nrfx_dppi.c.obj)
 .debug_aranges
                0x00000c00      0x148 modules/hal_nordic/libmodules__hal_nordic.a(nrfx_gpiote.c.obj)
 .debug_aranges
                0x00000d48       0x40 zephyr/kernel/libkernel.a(device.c.obj)
 .debug_aranges
                0x00000d88       0x20 zephyr/kernel/libkernel.a(errno.c.obj)
 .debug_aranges
                0x00000da8       0x50 zephyr/kernel/libkernel.a(fatal.c.obj)
 .debug_aranges
                0x00000df8       0x28 zephyr/kernel/libkernel.a(idle.c.obj)
 .debug_aranges
                0x00000e20       0x38 zephyr/kernel/libkernel.a(init.c.obj)
 .debug_aranges
                0x00000e58       0x38 zephyr/kernel/libkernel.a(mem_slab.c.obj)
 .debug_aranges
                0x00000e90       0x30 zephyr/kernel/libkernel.a(mutex.c.obj)
 .debug_aranges
                0x00000ec0      0x1d0 zephyr/kernel/libkernel.a(sched.c.obj)
 .debug_aranges
                0x00001090       0x30 zephyr/kernel/libkernel.a(sem.c.obj)
 .debug_aranges
                0x000010c0       0xa0 zephyr/kernel/libkernel.a(thread.c.obj)
 .debug_aranges
                0x00001160       0x20 zephyr/kernel/libkernel.a(thread_abort.c.obj)
 .debug_aranges
                0x00001180       0x20 zephyr/kernel/libkernel.a(banner.c.obj)
 .debug_aranges
                0x000011a0       0x20 zephyr/kernel/libkernel.a(xip.c.obj)
 .debug_aranges
                0x000011c0       0x90 zephyr/kernel/libkernel.a(timeout.c.obj)
 .debug_aranges
                0x00001250       0x38 zephyr/kernel/libkernel.a(kheap.c.obj)
 .debug_aranges
                0x00001288       0x20 zephyr/CMakeFiles/offsets.dir/./arch/arm/core/offsets/offsets.c.obj
 .debug_aranges
                0x000012a8       0x18 zephyr/arch/common/libisr_tables.a(isr_tables.c.obj)

.debug_pubnames
 *(SORT_BY_ALIGNMENT(.debug_pubnames))

.debug_info     0x00000000    0x4d7a6
 *(SORT_BY_ALIGNMENT(.debug_info) SORT_BY_ALIGNMENT(.gnu.linkonce.wi.*))
 .debug_info    0x00000000      0x840 app/libapp.a(main.c.obj)
 .debug_info    0x00000840      0xa15 zephyr/libzephyr.a(notify.c.obj)
 .debug_info    0x00001255      0xcf3 zephyr/libzephyr.a(printk.c.obj)
 .debug_info    0x00001f48     0x2919 zephyr/libzephyr.a(onoff.c.obj)
 .debug_info    0x00004861      0x949 zephyr/libzephyr.a(thread_entry.c.obj)
 .debug_info    0x000051aa     0x2bd6 zephyr/libzephyr.a(heap.c.obj)
 .debug_info    0x00007d80     0x1007 zephyr/libzephyr.a(cbprintf_complete.c.obj)
 .debug_info    0x00008d87       0x38 zephyr/libzephyr.a(configs.c.obj)
 .debug_info    0x00008dbf     0x15dc zephyr/libzephyr.a(soc.c.obj)
 .debug_info    0x0000a39b      0xd7a zephyr/libzephyr.a(reboot.c.obj)
 .debug_info    0x0000b115     0x10dd zephyr/libzephyr.a(uart_console.c.obj)
 .debug_info    0x0000c1f2     0x4f2d zephyr/libzephyr.a(clock_control_nrf.c.obj)
 .debug_info    0x0001111f      0xe85 zephyr/libzephyr.a(sys_clock_init.c.obj)
 .debug_info    0x00011fa4     0x2ac3 zephyr/libzephyr.a(nrf_rtc_timer.c.obj)
 .debug_info    0x00014a67      0x96c zephyr/libzephyr.a(nrf_cc3xx_platform_abort_zephyr.c.obj)
 .debug_info    0x000153d3     0x1196 zephyr/libzephyr.a(nrf_cc3xx_platform_mutex_zephyr.c.obj)
 .debug_info    0x00016569      0xbf8 zephyr/arch/arch/arm/core/aarch32/libarch__arm__core__aarch32.a(swap.c.obj)
 .debug_info    0x00017161       0x22 zephyr/arch/arch/arm/core/aarch32/libarch__arm__core__aarch32.a(swap_helper.S.obj)
 .debug_info    0x00017183     0x1065 zephyr/arch/arch/arm/core/aarch32/libarch__arm__core__aarch32.a(irq_manage.c.obj)
 .debug_info    0x000181e8      0xb97 zephyr/arch/arch/arm/core/aarch32/libarch__arm__core__aarch32.a(thread.c.obj)
 .debug_info    0x00018d7f       0x22 zephyr/arch/arch/arm/core/aarch32/libarch__arm__core__aarch32.a(cpu_idle.S.obj)
 .debug_info    0x00018da1      0xd44 zephyr/arch/arch/arm/core/aarch32/libarch__arm__core__aarch32.a(fatal.c.obj)
 .debug_info    0x00019ae5      0x842 zephyr/arch/arch/arm/core/aarch32/libarch__arm__core__aarch32.a(nmi.c.obj)
 .debug_info    0x0001a327       0x26 zephyr/arch/arch/arm/core/aarch32/libarch__arm__core__aarch32.a(nmi_on_reset.S.obj)
 .debug_info    0x0001a34d      0xe77 zephyr/arch/arch/arm/core/aarch32/libarch__arm__core__aarch32.a(prep_c.c.obj)
 .debug_info    0x0001b1c4       0x26 zephyr/arch/arch/arm/core/aarch32/libarch__arm__core__aarch32.a(isr_wrapper.S.obj)
 .debug_info    0x0001b1ea       0x26 zephyr/arch/arch/arm/core/aarch32/cortex_m/libarch__arm__core__aarch32__cortex_m.a(reset.S.obj)
 .debug_info    0x0001b210       0x26 zephyr/arch/arch/arm/core/aarch32/cortex_m/libarch__arm__core__aarch32__cortex_m.a(fault_s.S.obj)
 .debug_info    0x0001b236     0x188f zephyr/arch/arch/arm/core/aarch32/cortex_m/libarch__arm__core__aarch32__cortex_m.a(fault.c.obj)
 .debug_info    0x0001cac5       0x26 zephyr/arch/arch/arm/core/aarch32/cortex_m/libarch__arm__core__aarch32__cortex_m.a(exc_exit.S.obj)
 .debug_info    0x0001caeb     0x115c zephyr/arch/arch/arm/core/aarch32/cortex_m/libarch__arm__core__aarch32__cortex_m.a(scb.c.obj)
 .debug_info    0x0001dc47      0x812 zephyr/arch/arch/arm/core/aarch32/cortex_m/libarch__arm__core__aarch32__cortex_m.a(irq_init.c.obj)
 .debug_info    0x0001e459      0xcd1 zephyr/arch/arch/arm/core/aarch32/cortex_m/libarch__arm__core__aarch32__cortex_m.a(thread_abort.c.obj)
 .debug_info    0x0001f12a     0x10a6 zephyr/arch/arch/arm/core/aarch32/cortex_m/mpu/libarch__arm__core__aarch32__cortex_m__mpu.a(arm_core_mpu.c.obj)
 .debug_info    0x000201d0     0x20a2 zephyr/arch/arch/arm/core/aarch32/cortex_m/mpu/libarch__arm__core__aarch32__cortex_m__mpu.a(arm_mpu.c.obj)
 .debug_info    0x00022272      0xd66 zephyr/arch/arch/arm/core/aarch32/cortex_m/cmse/libarch__arm__core__aarch32__cortex_m__cmse.a(arm_core_cmse.c.obj)
 .debug_info    0x00022fd8      0x7bb zephyr/lib/libc/minimal/liblib__libc__minimal.a(string.c.obj)