Archive member included to satisfy reference by file (symbol)

app/libapp.a(main.c.obj)      (--whole-archive)
app/libapp.a(flash_map_extended.c.obj)
                              (--whole-archive)
app/libapp.a(os.c.obj)        (--whole-archive)
app/libapp.a(keys.c.obj)      (--whole-archive)
app/libapp.a(image_validate.c.obj)
                              (--whole-archive)
app/libapp.a(tlv.c.obj)       (--whole-archive)
app/libapp.a(encrypted.c.obj)
                              (--whole-archive)
app/libapp.a(image_rsa.c.obj)
                              (--whole-archive)
app/libapp.a(image_ec256.c.obj)
                              (--whole-archive)
app/libapp.a(image_ed25519.c.obj)
                              (--whole-archive)
app/libapp.a(bootutil_misc.c.obj)
                              (--whole-archive)
app/libapp.a(fault_injection_hardening.c.obj)
                              (--whole-archive)
app/libapp.a(loader.c.obj)    (--whole-archive)
app/libapp.a(swap_misc.c.obj)
                              (--whole-archive)
app/libapp.a(swap_scratch.c.obj)
                              (--whole-archive)
app/libapp.a(swap_move.c.obj)
                              (--whole-archive)
app/libapp.a(caps.c.obj)      (--whole-archive)
app/libapp.a(autogen-pubkey.c.obj)
                              (--whole-archive)
app/libapp.a(nrf_cleanup.c.obj)
                              (--whole-archive)
zephyr/libzephyr.a(cbprintf.c.obj)
                              (--whole-archive)
zephyr/libzephyr.a(crc32_sw.c.obj)
                              (--whole-archive)
zephyr/libzephyr.a(crc16_sw.c.obj)
                              (--whole-archive)
zephyr/libzephyr.a(crc8_sw.c.obj)
                              (--whole-archive)
zephyr/libzephyr.a(crc7_sw.c.obj)
                              (--whole-archive)
zephyr/libzephyr.a(dec.c.obj)
                              (--whole-archive)
zephyr/libzephyr.a(fdtable.c.obj)
                              (--whole-archive)
zephyr/libzephyr.a(hex.c.obj)
                              (--whole-archive)
zephyr/libzephyr.a(notify.c.obj)
                              (--whole-archive)
zephyr/libzephyr.a(printk.c.obj)
                              (--whole-archive)
zephyr/libzephyr.a(onoff.c.obj)
                              (--whole-archive)
zephyr/libzephyr.a(rb.c.obj)  (--whole-archive)
zephyr/libzephyr.a(sem.c.obj)
                              (--whole-archive)
zephyr/libzephyr.a(thread_entry.c.obj)
                              (--whole-archive)
zephyr/libzephyr.a(timeutil.c.obj)
                              (--whole-archive)
zephyr/libzephyr.a(work_q.c.obj)
                              (--whole-archive)
zephyr/libzephyr.a(heap.c.obj)
                              (--whole-archive)
zephyr/libzephyr.a(heap-validate.c.obj)
                              (--whole-archive)
zephyr/libzephyr.a(cbprintf_nano.c.obj)
                              (--whole-archive)
zephyr/libzephyr.a(configs.c.obj)
                              (--whole-archive)
zephyr/libzephyr.a(soc.c.obj)
                              (--whole-archive)
zephyr/libzephyr.a(power.c.obj)
                              (--whole-archive)
zephyr/libzephyr.a(validate_base_addresses.c.obj)
                              (--whole-archive)
zephyr/libzephyr.a(validate_enabled_instances.c.obj)
                              (--whole-archive)
zephyr/libzephyr.a(log_minimal.c.obj)
                              (--whole-archive)
zephyr/libzephyr.a(flash_map.c.obj)
                              (--whole-archive)
zephyr/libzephyr.a(flash_map_default.c.obj)
                              (--whole-archive)
zephyr/libzephyr.a(power.c.obj)
                              (--whole-archive)
zephyr/libzephyr.a(reboot.c.obj)
                              (--whole-archive)
zephyr/libzephyr.a(policy_residency.c.obj)
                              (--whole-archive)
zephyr/libzephyr.a(uart_console.c.obj)
                              (--whole-archive)
zephyr/libzephyr.a(clock_control_nrf.c.obj)
                              (--whole-archive)
zephyr/libzephyr.a(sys_clock_init.c.obj)
                              (--whole-archive)
zephyr/libzephyr.a(nrf_rtc_timer.c.obj)
                              (--whole-archive)
zephyr/libzephyr.a(nrf_cc3xx_platform_abort_zephyr.c.obj)
                              (--whole-archive)
zephyr/libzephyr.a(nrf_cc3xx_platform_mutex_zephyr.c.obj)
                              (--whole-archive)
zephyr/arch/common/libarch__common.a(sw_isr_common.c.obj)
                              (--whole-archive)
zephyr/arch/arch/arm/core/aarch32/libarch__arm__core__aarch32.a(swap.c.obj)
                              (--whole-archive)
zephyr/arch/arch/arm/core/aarch32/libarch__arm__core__aarch32.a(swap_helper.S.obj)
                              (--whole-archive)
zephyr/arch/arch/arm/core/aarch32/libarch__arm__core__aarch32.a(irq_manage.c.obj)
                              (--whole-archive)
[...]
Memory Configuration

Name             Origin             Length             Attributes
FLASH            0x00000000         0x0000c000         xr
SRAM             0x20000000         0x0007e000         xw
IDT_LIST         0x2007e000         0x00000800         xw
*default*        0x00000000         0xffffffff

Linker script and memory map

LOAD zephyr/CMakeFiles/zephyr_final.dir/misc/empty_file.c.obj
LOAD zephyr/CMakeFiles/zephyr_final.dir/isr_tables.c.obj
                0x00000020                _region_min_align = 0x20

.rel.plt        0x00000000        0x0
 *(SORT_BY_ALIGNMENT(.rel.plt))
                [!provide]                PROVIDE (__rel_iplt_start = .)
 *(SORT_BY_ALIGNMENT(.rel.iplt))
 .rel.iplt      0x00000000        0x0 zephyr/CMakeFiles/zephyr_final.dir/isr_tables.c.obj
                [!provide]                PROVIDE (__rel_iplt_end = .)

.rela.plt       0x00000000        0x0
 *(SORT_BY_ALIGNMENT(.rela.plt))
                [!provide]                PROVIDE (__rela_iplt_start = .)
 *(SORT_BY_ALIGNMENT(.rela.iplt))
                [!provide]                PROVIDE (__rela_iplt_end = .)

.rel.dyn
 *(SORT_BY_ALIGNMENT(.rel.*))

.rela.dyn
 *(SORT_BY_ALIGNMENT(.rela.*))

/DISCARD/
 *(SORT_BY_ALIGNMENT(.plt))
 *(SORT_BY_ALIGNMENT(.iplt))
 *(SORT_BY_ALIGNMENT(.got.plt))
 *(SORT_BY_ALIGNMENT(.igot.plt))
 *(SORT_BY_ALIGNMENT(.got))
 *(SORT_BY_ALIGNMENT(.igot))
 *(SORT_BY_ALIGNMENT(.irq_info*))
 *(SORT_BY_ALIGNMENT(.intList*))
 *(SORT_BY_ALIGNMENT(.note.GNU-stack))
                0x00000000                _image_rom_start = 0x0

rom_start       0x00000000      0x154
                0x00000000                . = 0x0
                0x00000000                . = ALIGN (0x4)
                0x00000000                . = ALIGN (0x80)
                0x00000000                . = ALIGN (0x200)
                0x00000000                _vector_start = .
 *(SORT_BY_ALIGNMENT(.exc_vector_table))
 *(SORT_BY_ALIGNMENT(.exc_vector_table.*))
 .exc_vector_table._vector_table_section
                0x00000000       0x40 zephyr/arch/arch/arm/core/aarch32/cortex_m/libarch__arm__core__aarch32__cortex_m.a(vector_table.S.obj)
                0x00000000                _vector_table
 *(SORT_BY_ALIGNMENT(.gnu.linkonce.irq_vector_table*))
 .gnu.linkonce.irq_vector_table*
                0x00000040      0x114 zephyr/CMakeFiles/zephyr_final.dir/isr_tables.c.obj
                0x00000040                _irq_vector_table
 *(SORT_BY_ALIGNMENT(.vectors))
                0x00000154                _vector_end = .
 *(SORT_BY_ALIGNMENT(.openocd_dbg))
 *(SORT_BY_ALIGNMENT(.openocd_dbg.*))

text            0x00000154     0x8084
                0x00000154                _image_text_start = .
 *(SORT_BY_ALIGNMENT(.text))
 .text          0x00000154       0x30 c:/nrf/v1.9.1/toolchain/opt/bin/../lib/gcc/arm-none-eabi/9.2.1/thumb/v8-m.main/nofp\libgcc.a(_aeabi_uldivmod.o)
                0x00000154                __aeabi_uldivmod
 .text          0x00000184      0x2c8 c:/nrf/v1.9.1/toolchain/opt/bin/../lib/gcc/arm-none-eabi/9.2.1/thumb/v8-m.main/nofp\libgcc.a(_udivmoddi4.o)
                0x00000184                __udivmoddi4
 .text          0x0000044c        0x4 c:/nrf/v1.9.1/toolchain/opt/bin/../lib/gcc/arm-none-eabi/9.2.1/thumb/v8-m.main/nofp\libgcc.a(_dvmd_tls.o)
                0x0000044c                __aeabi_idiv0
                0x0000044c                __aeabi_ldiv0
 *(SORT_BY_ALIGNMENT(.text.*))
 .text.main     0x00000450      0x118 app/libapp.a(main.c.obj)
                0x00000450                main
 .text.flash_device_get_binding
                0x00000568       0x18 app/libapp.a(flash_map_extended.c.obj)
                0x00000568                flash_device_get_binding
 .text.flash_device_base
                0x00000580       0x20 app/libapp.a(flash_map_extended.c.obj)
                0x00000580                flash_device_base
 .text.os_heap_init
                0x000005a0       0x10 app/libapp.a(os.c.obj)
                0x000005a0                os_heap_init
 .text.bootutil_img_validate
                0x000005b0      0x208 app/libapp.a(image_validate.c.obj)
                0x000005b0                bootutil_img_validate
 .text.bootutil_verify_sig
                0x000007b8      0x1c8 app/libapp.a(image_rsa.c.obj)
                0x000007b8                bootutil_verify_sig
 .text.boot_read_swap_size
                0x00000980       0x80 app/libapp.a(bootutil_misc.c.obj)
                0x00000980                boot_read_swap_size
 .text.boot_validate_slot.isra.0
                0x00000a00      0x104 app/libapp.a(loader.c.obj)
 .text.boot_swap_image
                0x00000b04       0x7c app/libapp.a(loader.c.obj)
 .text.boot_copy_region
                0x00000b80       0xac app/libapp.a(loader.c.obj)
                0x00000b80                boot_copy_region
 .text.context_boot_go
                0x00000c2c      0x248 app/libapp.a(loader.c.obj)
                0x00000c2c                context_boot_go
 .text.boot_go  0x00000e74       0x10 app/libapp.a(loader.c.obj)
                0x00000e74                boot_go
 .text.boot_read_image_header
                0x00000e84       0x9c app/libapp.a(swap_move.c.obj)
                0x00000e84                boot_read_image_header
 .text.swap_read_status_bytes
                0x00000f20       0xc8 app/libapp.a(swap_move.c.obj)
                0x00000f20                swap_read_status_bytes
 .text.boot_slots_compatible
                0x00000fe8       0x6c app/libapp.a(swap_move.c.obj)
                0x00000fe8                boot_slots_compatible
 .text.swap_status_source
                0x00001054       0xcc app/libapp.a(swap_move.c.obj)
                0x00001054                swap_status_source
 .text.fixup_revert
                0x00001120       0x98 app/libapp.a(swap_move.c.obj)
                0x00001120                fixup_revert
 .text.swap_run
                0x000011b8      0x1f8 app/libapp.a(swap_move.c.obj)
                0x000011b8                swap_run
 .text.nrf_cleanup_peripheral
                0x000013b0       0x58 app/libapp.a(nrf_cleanup.c.obj)
                0x000013b0                nrf_cleanup_peripheral
 .text.char_out
                0x00001408       0x10 zephyr/libzephyr.a(printk.c.obj)
 .text.__printk_hook_install
                0x00001418        0xc zephyr/libzephyr.a(printk.c.obj)
                0x00001418                __printk_hook_install
 .text.vprintk  0x00001424       0x1c zephyr/libzephyr.a(printk.c.obj)
                0x00001424                vprintk
 .text.process_event
                0x00001440      0x1cc zephyr/libzephyr.a(onoff.c.obj)
 .text.cbvprintf
                0x0000160c      0x2c4 zephyr/libzephyr.a(cbprintf_nano.c.obj)
                0x0000160c                cbvprintf
 .text.check_erratum19
                0x000018d0       0x5c zephyr/libzephyr.a(soc.c.obj)
 .text.nrf_gpio_pin_mcu_select.constprop.0
                0x0000192c       0x30 zephyr/libzephyr.a(soc.c.obj)
 .text.nordicsemi_nrf53_init
                0x0000195c       0x4c zephyr/libzephyr.a(soc.c.obj)
 .text.arch_busy_wait
                0x000019a8       0x24 zephyr/libzephyr.a(soc.c.obj)
                0x000019a8                arch_busy_wait
 .text.get_flash_area_from_id
                0x000019cc       0x30 zephyr/libzephyr.a(flash_map.c.obj)
 .text.flash_area_open
                0x000019fc       0x28 zephyr/libzephyr.a(flash_map.c.obj)
                0x000019fc                flash_area_open
 .text.flash_area_get_sectors
                0x00001a24       0x50 zephyr/libzephyr.a(flash_map.c.obj)
                0x00001a24                flash_area_get_sectors
 .text.sys_reboot
                0x00001a74       0x30 zephyr/libzephyr.a(reboot.c.obj)
                0x00001a74                sys_reboot
 .text.console_out
                0x00001aa4       0x24 zephyr/libzephyr.a(uart_console.c.obj)
 .text.uart_console_init
                0x00001ac8       0x2c zephyr/libzephyr.a(uart_console.c.obj)
 .text.onoff_stop
                0x00001af4       0x48 zephyr/libzephyr.a(clock_control_nrf.c.obj)
 .text.onoff_start
                0x00001b3c       0x54 zephyr/libzephyr.a(clock_control_nrf.c.obj)
 .text.clk_init
                0x00001b90       0x68 zephyr/libzephyr.a(clock_control_nrf.c.obj)
 .text.clkstarted_handle.constprop.0
                0x00001bf8       0x34 zephyr/libzephyr.a(clock_control_nrf.c.obj)
 .text.clock_event_handler
                0x00001c2c       0x30 zephyr/libzephyr.a(clock_control_nrf.c.obj)
 .text.generic_hfclk_start
                0x00001c5c       0x64 zephyr/libzephyr.a(clock_control_nrf.c.obj)
 .text.generic_hfclk_stop
                0x00001cc0       0x24 zephyr/libzephyr.a(clock_control_nrf.c.obj)
 .text.z_nrf_clock_control_lf_on
                0x00001ce4      0x10c zephyr/libzephyr.a(clock_control_nrf.c.obj)
                0x00001ce4                z_nrf_clock_control_lf_on
 .text.sys_clock_timeout_handler
                0x00001df0       0x18 zephyr/libzephyr.a(nrf_rtc_timer.c.obj)
 .text.set_absolute_alarm
                0x00001e08       0x98 zephyr/libzephyr.a(nrf_rtc_timer.c.obj)
 .text.rtc_nrf_isr
                0x00001ea0       0x50 zephyr/libzephyr.a(nrf_rtc_timer.c.obj)
                0x00001ea0                rtc_nrf_isr
 .text.z_clock_driver_init
                0x00001ef0       0x54 zephyr/libzephyr.a(nrf_rtc_timer.c.obj)
                0x00001ef0                z_clock_driver_init
 .text.z_clock_set_timeout
                0x00001f44       0x64 zephyr/libzephyr.a(nrf_rtc_timer.c.obj)
                0x00001f44                z_clock_set_timeout
 .text.z_clock_elapsed
                0x00001fa8       0x34 zephyr/libzephyr.a(nrf_rtc_timer.c.obj)
                0x00001fa8                z_clock_elapsed
 .text.nrf_cc3xx_platform_abort_init
                0x00001fdc        0xc zephyr/libzephyr.a(nrf_cc3xx_platform_abort_zephyr.c.obj)
                0x00001fdc                nrf_cc3xx_platform_abort_init
 .text.mutex_unlock_platform
                0x00001fe8       0x60 zephyr/libzephyr.a(nrf_cc3xx_platform_mutex_zephyr.c.obj)
 .text.mutex_free_platform
                0x00002048       0x48 zephyr/libzephyr.a(nrf_cc3xx_platform_mutex_zephyr.c.obj)
 .text.mutex_init_platform
                0x00002090       0x70 zephyr/libzephyr.a(nrf_cc3xx_platform_mutex_zephyr.c.obj)
 .text.mutex_lock_platform
                0x00002100       0x68 zephyr/libzephyr.a(nrf_cc3xx_platform_mutex_zephyr.c.obj)
 .text.nrf_cc3xx_platform_mutex_init
                0x00002168       0x2c zephyr/libzephyr.a(nrf_cc3xx_platform_mutex_zephyr.c.obj)
                0x00002168                nrf_cc3xx_platform_mutex_init
 .text.arch_swap
                0x00002194       0x34 zephyr/arch/arch/arm/core/aarch32/libarch__arm__core__aarch32.a(swap.c.obj)
                0x00002194                arch_swap
 .text.z_arm_pendsv
                0x000021c8       0x58 zephyr/arch/arch/arm/core/aarch32/libarch__arm__core__aarch32.a(swap_helper.S.obj)
                0x000021c8                z_arm_pendsv
 .text.z_arm_svc
                0x00002220       0x20 zephyr/arch/arch/arm/core/aarch32/libarch__arm__core__aarch32.a(swap_helper.S.obj)
                0x00002220                z_arm_svc
 .text.arch_irq_enable
                0x00002240       0x20 zephyr/arch/arch/arm/core/aarch32/libarch__arm__core__aarch32.a(irq_manage.c.obj)
                0x00002240                arch_irq_enable
 .text.arch_irq_is_enabled
                0x00002260       0x1c zephyr/arch/arch/arm/core/aarch32/libarch__arm__core__aarch32.a(irq_manage.c.obj)
                0x00002260                arch_irq_is_enabled
 .text.z_arm_irq_priority_set
                0x0000227c       0x2c zephyr/arch/arch/arm/core/aarch32/libarch__arm__core__aarch32.a(irq_manage.c.obj)
                0x0000227c                z_arm_irq_priority_set
 .text.z_arm_switch_to_main_no_multithreading
                0x000022a8       0x48 zephyr/arch/arch/arm/core/aarch32/libarch__arm__core__aarch32.a(thread.c.obj)
                0x000022a8                z_arm_switch_to_main_no_multithreading
 .text.z_arm_cpu_idle_init
                0x000022f0        0xc zephyr/arch/arch/arm/core/aarch32/libarch__arm__core__aarch32.a(cpu_idle.S.obj)
                0x000022f0                z_arm_cpu_idle_init
 .text.arch_cpu_idle
                0x000022fc       0x1c zephyr/arch/arch/arm/core/aarch32/libarch__arm__core__aarch32.a(cpu_idle.S.obj)
                0x000022fc                arch_cpu_idle
 .text.arch_cpu_atomic_idle
                0x00002318       0x14 zephyr/arch/arch/arm/core/aarch32/libarch__arm__core__aarch32.a(cpu_idle.S.obj)
                0x00002318                arch_cpu_atomic_idle
 .text.z_arm_fatal_error
                0x0000232c       0x5c zephyr/arch/arch/arm/core/aarch32/libarch__arm__core__aarch32.a(fatal.c.obj)
                0x0000232c                z_arm_fatal_error
 .text.z_SysNmiOnReset
                0x00002388        0x8 zephyr/arch/arch/arm/core/aarch32/libarch__arm__core__aarch32.a(nmi_on_reset.S.obj)
                0x00002388                z_SysNmiOnReset
 .text.z_arm_prep_c
                0x00002390       0x44 zephyr/arch/arch/arm/core/aarch32/libarch__arm__core__aarch32.a(prep_c.c.obj)
                0x00002390                z_arm_prep_c
 .text._isr_wrapper
                0x000023d4       0x40 zephyr/arch/arch/arm/core/aarch32/libarch__arm__core__aarch32.a(isr_wrapper.S.obj)
                0x000023d4                _isr_wrapper
 .text._reset_section
                0x00002414       0x30 zephyr/arch/arch/arm/core/aarch32/cortex_m/libarch__arm__core__aarch32__cortex_m.a(reset.S.obj)
                0x00002414                __start
                0x00002414                z_arm_reset
 .text.__fault  0x00002444       0x14 zephyr/arch/arch/arm/core/aarch32/cortex_m/libarch__arm__core__aarch32__cortex_m.a(fault_s.S.obj)
                0x00002444                z_arm_usage_fault
                0x00002444                z_arm_mpu_fault
                0x00002444                z_arm_exc_spurious
                0x00002444                z_arm_debug_monitor
                0x00002444                z_arm_hard_fault
                0x00002444                z_arm_bus_fault
 .text.mem_manage_fault.isra.0
                0x00002458       0xac zephyr/arch/arch/arm/core/aarch32/cortex_m/libarch__arm__core__aarch32__cortex_m.a(fault.c.obj)
 .text.bus_fault.isra.0
                0x00002504       0xb4 zephyr/arch/arch/arm/core/aarch32/cortex_m/libarch__arm__core__aarch32__cortex_m.a(fault.c.obj)
 .text.usage_fault.isra.0
                0x000025b8       0xac zephyr/arch/arch/arm/core/aarch32/cortex_m/libarch__arm__core__aarch32__cortex_m.a(fault.c.obj)
 .text.z_arm_fault
                0x00002664      0x160 zephyr/arch/arch/arm/core/aarch32/cortex_m/libarch__arm__core__aarch32__cortex_m.a(fault.c.obj)
                0x00002664                z_arm_fault
 .text.z_arm_fault_init
                0x000027c4       0x18 zephyr/arch/arch/arm/core/aarch32/cortex_m/libarch__arm__core__aarch32__cortex_m.a(fault.c.obj)
                0x000027c4                z_arm_fault_init
 .text._HandlerModeExit
                0x000027dc        0x4 zephyr/arch/arch/arm/core/aarch32/cortex_m/libarch__arm__core__aarch32__cortex_m.a(exc_exit.S.obj)
                0x000027dc                z_arm_int_exit
                0x000027dc                z_arm_exc_exit
 .text.sys_arch_reboot
                0x000027e0       0x24 zephyr/arch/arch/arm/core/aarch32/cortex_m/libarch__arm__core__aarch32__cortex_m.a(scb.c.obj)
                0x000027e0                sys_arch_reboot
 .text.z_arm_interrupt_init
                0x00002804       0x18 zephyr/arch/arch/arm/core/aarch32/cortex_m/libarch__arm__core__aarch32__cortex_m.a(irq_init.c.obj)
                0x00002804                z_arm_interrupt_init
 .text.z_impl_k_thread_abort
                0x0000281c       0x44 zephyr/arch/arch/arm/core/aarch32/cortex_m/libarch__arm__core__aarch32__cortex_m.a(thread_abort.c.obj)
                0x0000281c                z_impl_k_thread_abort
 .text.z_arm_configure_static_mpu_regions
                0x00002860       0x18 zephyr/arch/arch/arm/core/aarch32/cortex_m/mpu/libarch__arm__core__aarch32__cortex_m__mpu.a(arm_core_mpu.c.obj)
                0x00002860                z_arm_configure_static_mpu_regions
 .text.region_init
                0x00002878       0x30 zephyr/arch/arch/arm/core/aarch32/cortex_m/mpu/libarch__arm__core__aarch32__cortex_m__mpu.a(arm_mpu.c.obj)
 .text.mpu_configure_region
                0x000028a8       0x50 zephyr/arch/arch/arm/core/aarch32/cortex_m/mpu/libarch__arm__core__aarch32__cortex_m__mpu.a(arm_mpu.c.obj)
 .text.mpu_configure_regions_and_partition.constprop.0
                0x000028f8      0x168 zephyr/arch/arch/arm/core/aarch32/cortex_m/mpu/libarch__arm__core__aarch32__cortex_m__mpu.a(arm_mpu.c.obj)
 .text.arm_core_mpu_enable
                0x00002a60       0x14 zephyr/arch/arch/arm/core/aarch32/cortex_m/mpu/libarch__arm__core__aarch32__cortex_m__mpu.a(arm_mpu.c.obj)
                0x00002a60                arm_core_mpu_enable
 .text.arm_core_mpu_disable
                0x00002a74       0x10 zephyr/arch/arch/arm/core/aarch32/cortex_m/mpu/libarch__arm__core__aarch32__cortex_m__mpu.a(arm_mpu.c.obj)
                0x00002a74                arm_core_mpu_disable
 .text.arm_mpu_init
                0x00002a84       0x4c zephyr/arch/arch/arm/core/aarch32/cortex_m/mpu/libarch__arm__core__aarch32__cortex_m__mpu.a(arm_mpu.c.obj)
 .text.arm_core_mpu_configure_static_mpu_regions
                0x00002ad0       0x14 zephyr/arch/arch/arm/core/aarch32/cortex_m/mpu/libarch__arm__core__aarch32__cortex_m__mpu.a(arm_mpu.c.obj)
                0x00002ad0                arm_core_mpu_configure_static_mpu_regions
 .text.__stdout_hook_install
                0x00002ae4        0xc zephyr/lib/libc/minimal/liblib__libc__minimal.a(stdout_console.c.obj)
                0x00002ae4                __stdout_hook_install
 .text.gpio_nrfx_init
                0x00002af0       0x30 zephyr/drivers/gpio/libdrivers__gpio.a(gpio_nrfx.c.obj)
 .text.gpio_nrfx_config
                0x00002b20       0xc0 zephyr/drivers/gpio/libdrivers__gpio.a(gpio_nrfx.c.obj)
 .text.nrf_gpio_cfg_sense_set
                0x00002be0       0x30 zephyr/drivers/gpio/libdrivers__gpio.a(gpio_nrfx.c.obj)
 .text.gpio_nrfx_pin_interrupt_configure
                0x00002c10      0x1a8 zephyr/drivers/gpio/libdrivers__gpio.a(gpio_nrfx.c.obj)
 .text.gpiote_event_handler
                0x00002db8       0xbc zephyr/drivers/gpio/libdrivers__gpio.a(gpio_nrfx.c.obj)
 .text.flash_nrf_pages_layout
                0x00002e74       0x10 zephyr/drivers/flash/libdrivers__flash.a(soc_flash_nrf.c.obj)
 .text.flash_nrf_get_parameters
                0x00002e84        0x8 zephyr/drivers/flash/libdrivers__flash.a(soc_flash_nrf.c.obj)
 .text.nrf_flash_init
                0x00002e8c       0x18 zephyr/drivers/flash/libdrivers__flash.a(soc_flash_nrf.c.obj)
 .text.flash_nrf_erase
                0x00002ea4       0x6c zephyr/drivers/flash/libdrivers__flash.a(soc_flash_nrf.c.obj)
 .text.flash_nrf_read
                0x00002f10       0x3c zephyr/drivers/flash/libdrivers__flash.a(soc_flash_nrf.c.obj)
 .text.flash_nrf_write
                0x00002f4c       0x70 zephyr/drivers/flash/libdrivers__flash.a(soc_flash_nrf.c.obj)
 .text.uarte_nrfx_configure
                0x00002fbc      0x180 zephyr/drivers/serial/libdrivers__serial.a(uart_nrfx_uarte.c.obj)
 .text.uarte_nrfx_poll_out
                0x0000313c       0xb8 zephyr/drivers/serial/libdrivers__serial.a(uart_nrfx_uarte.c.obj)
 .text.nrf_gpio_cfg_output
                0x000031f4       0x28 zephyr/drivers/serial/libdrivers__serial.a(uart_nrfx_uarte.c.obj)
 .text.nrf_gpio_pin_set
                0x0000321c       0x24 zephyr/drivers/serial/libdrivers__serial.a(uart_nrfx_uarte.c.obj)
 .text.uarte_0_init
                0x00003240       0xfc zephyr/drivers/serial/libdrivers__serial.a(uart_nrfx_uarte.c.obj)
 .text.fprotect_area
                0x0000333c       0x3c modules/nrf/lib/fprotect/lib..__nrf__lib__fprotect.a(fprotect_spu.c.obj)
                0x0000333c                fprotect_area
 .text.k_sys_fatal_error_handler
                0x00003378       0x14 modules/nrf/lib/fatal_error/lib..__nrf__lib__fatal_error.a(fatal_error.c.obj)
                0x00003378                k_sys_fatal_error_handler
 .text.boot_write_magic
                0x0000338c       0x1c modules/mcuboot/boot/bootutil/zephyr/lib..__mcuboot__boot__bootutil__zephyr.a(bootutil_public.c.obj)
                0x0000338c                boot_write_magic
 .text.boot_read_swap_state
                0x000033a8       0xa0 modules/mcuboot/boot/bootutil/zephyr/lib..__mcuboot__boot__bootutil__zephyr.a(bootutil_public.c.obj)
                0x000033a8                boot_read_swap_state
 .text.boot_swap_type_multi
                0x00003448       0xd0 modules/mcuboot/boot/bootutil/zephyr/lib..__mcuboot__boot__bootutil__zephyr.a(bootutil_public.c.obj)
                0x00003448                boot_swap_type_multi
 .text.nrf53_errata_42
                0x00003518       0x28 modules/hal_nordic/libmodules__hal_nordic.a(system_nrf5340_application.c.obj)
 .text.SystemCoreClockUpdate
                0x00003540       0x20 modules/hal_nordic/libmodules__hal_nordic.a(system_nrf5340_application.c.obj)
                0x00003540                SystemCoreClockUpdate
 .text.SystemInit
                0x00003560      0x104 modules/hal_nordic/libmodules__hal_nordic.a(system_nrf5340_application.c.obj)
                0x00003560                SystemInit
 .text.nrfx_clock_init
                0x00003664       0x20 modules/hal_nordic/libmodules__hal_nordic.a(nrfx_clock.c.obj)
                0x00003664                nrfx_clock_init
 .text.nrfx_clock_start
                0x00003684       0xa8 modules/hal_nordic/libmodules__hal_nordic.a(nrfx_clock.c.obj)
                0x00003684                nrfx_clock_start
 .text.nrfx_clock_stop
                0x0000372c       0xdc modules/hal_nordic/libmodules__hal_nordic.a(nrfx_clock.c.obj)
                0x0000372c                nrfx_clock_stop
 .text.nrfx_power_clock_irq_handler
                0x00003808       0xb0 modules/hal_nordic/libmodules__hal_nordic.a(nrfx_clock.c.obj)
                0x00003808                nrfx_power_clock_irq_handler
 .text.nrfx_dppi_channel_alloc
                0x000038b8       0x38 modules/hal_nordic/libmodules__hal_nordic.a(nrfx_dppi.c.obj)
                0x000038b8                nrfx_dppi_channel_alloc
 .text.nrfx_gpiote_channel_free
                0x000038f0       0x44 modules/hal_nordic/libmodules__hal_nordic.a(nrfx_gpiote.c.obj)
                0x000038f0                nrfx_gpiote_channel_free
 .text.nrfx_gpiote_channel_alloc
                0x00003934       0x70 modules/hal_nordic/libmodules__hal_nordic.a(nrfx_gpiote.c.obj)
                0x00003934                nrfx_gpiote_channel_alloc
 .text.nvmc_readonly_mode_set
                0x000039a4       0x14 modules/hal_nordic/libmodules__hal_nordic.a(nrfx_nvmc.c.obj)
 .text.nrfx_nvmc_page_erase
                0x000039b8       0x3c modules/hal_nordic/libmodules__hal_nordic.a(nrfx_nvmc.c.obj)
                0x000039b8                nrfx_nvmc_page_erase
 .text.nrfx_nvmc_word_write
                0x000039f4       0x24 modules/hal_nordic/libmodules__hal_nordic.a(nrfx_nvmc.c.obj)
                0x000039f4                nrfx_nvmc_word_write
 .text.verify_header
                0x00003a18       0x40 modules/mbedtls/lib..__modules__crypto__mbedtls.a(memory_buffer_alloc.c.obj)
 .text.verify_chain
                0x00003a58       0x3c modules/mbedtls/lib..__modules__crypto__mbedtls.a(memory_buffer_alloc.c.obj)
 .text.buffer_alloc_calloc
                0x00003a94      0x118 modules/mbedtls/lib..__modules__crypto__mbedtls.a(memory_buffer_alloc.c.obj)
 .text.buffer_alloc_free
                0x00003bac      0x110 modules/mbedtls/lib..__modules__crypto__mbedtls.a(memory_buffer_alloc.c.obj)
 .text.mbedtls_memory_buffer_alloc_init
                0x00003cbc       0x64 modules/mbedtls/lib..__modules__crypto__mbedtls.a(memory_buffer_alloc.c.obj)
                0x00003cbc                mbedtls_memory_buffer_alloc_init
 .text.mbedtls_calloc
                0x00003d20        0xc modules/mbedtls/lib..__modules__crypto__mbedtls.a(platform.c.obj)
                0x00003d20                mbedtls_calloc
 .text.mbedtls_free
                0x00003d2c        0xc modules/mbedtls/lib..__modules__crypto__mbedtls.a(platform.c.obj)
                0x00003d2c                mbedtls_free
 .text.mbedtls_platform_set_calloc_free
                0x00003d38       0x14 modules/mbedtls/lib..__modules__crypto__mbedtls.a(platform.c.obj)
                0x00003d38                mbedtls_platform_set_calloc_free
 .text.mbedtls_platform_zeroize
                0x00003d4c       0x14 modules/mbedtls/lib..__modules__crypto__mbedtls.a(platform_util.c.obj)
                0x00003d4c                mbedtls_platform_zeroize
 .text.rsa_check_context.isra.0
                0x00003d60       0xb8 modules/mbedtls/lib..__modules__crypto__mbedtls.a(rsa.c.obj)
 .text.mbedtls_rsa_check_pubkey
                0x00003e18       0x48 modules/mbedtls/lib..__modules__crypto__mbedtls.a(rsa.c.obj)
                0x00003e18                mbedtls_rsa_check_pubkey
 .text.mbedtls_rsa_public
                0x00003e60       0x7c modules/mbedtls/lib..__modules__crypto__mbedtls.a(rsa.c.obj)
                0x00003e60                mbedtls_rsa_public
 .text.mbedtls_sha256_starts_ret
                0x00003edc       0xa4 modules/mbedtls/lib..__modules__crypto__mbedtls.a(sha256.c.obj)
                0x00003edc                mbedtls_sha256_starts_ret
 .text.mbedtls_internal_sha256_process
                0x00003f80      0x6c0 modules/mbedtls/lib..__modules__crypto__mbedtls.a(sha256.c.obj)
                0x00003f80                mbedtls_internal_sha256_process
 .text.z_sys_init_run_level
                0x00004640       0x50 zephyr/kernel/libkernel.a(device.c.obj)
                0x00004640                z_sys_init_run_level
 .text.z_device_ready
                0x00004690       0x2c zephyr/kernel/libkernel.a(device.c.obj)
                0x00004690                z_device_ready
 .text.z_impl_device_get_binding
                0x000046bc       0x50 zephyr/kernel/libkernel.a(device.c.obj)
                0x000046bc                z_impl_device_get_binding
 .text.z_fatal_error
                0x0000470c       0x9c zephyr/kernel/libkernel.a(fatal.c.obj)
                0x0000470c                z_fatal_error
 .text.z_bss_zero
                0x000047a8       0x14 zephyr/kernel/libkernel.a(init.c.obj)
                0x000047a8                z_bss_zero
 .text.bg_thread_main
                0x000047bc       0x30 zephyr/kernel/libkernel.a(init.c.obj)
 .text.z_cstart
                0x000047ec       0x60 zephyr/kernel/libkernel.a(init.c.obj)
                0x000047ec                z_cstart
 .text.init_mem_slab_module
                0x0000484c       0x44 zephyr/kernel/libkernel.a(mem_slab.c.obj)
 .text.k_mem_slab_alloc
                0x00004890       0x64 zephyr/kernel/libkernel.a(mem_slab.c.obj)
                0x00004890                k_mem_slab_alloc
 .text.k_mem_slab_free
                0x000048f4       0x54 zephyr/kernel/libkernel.a(mem_slab.c.obj)
                0x000048f4                k_mem_slab_free
 .text.z_impl_k_mutex_lock
                0x00004948       0xf0 zephyr/kernel/libkernel.a(mutex.c.obj)
                0x00004948                z_impl_k_mutex_lock
 .text.z_impl_k_mutex_unlock
                0x00004a38       0x88 zephyr/kernel/libkernel.a(mutex.c.obj)
                0x00004a38                z_impl_k_mutex_unlock
 .text.z_reschedule
                0x00004ac0       0x24 zephyr/kernel/libkernel.a(sched.c.obj)
                0x00004ac0                z_reschedule
 .text.z_priq_dumb_remove
                0x00004ae4       0x2c zephyr/kernel/libkernel.a(sched.c.obj)
                0x00004ae4                z_priq_dumb_remove
 .text.update_cache
                0x00004b10       0x44 zephyr/kernel/libkernel.a(sched.c.obj)
 .text.ready_thread
                0x00004b54       0x70 zephyr/kernel/libkernel.a(sched.c.obj)
 .text.z_impl_k_thread_suspend
                0x00004bc4       0x68 zephyr/kernel/libkernel.a(sched.c.obj)
                0x00004bc4                z_impl_k_thread_suspend
 .text.z_thread_single_abort
                0x00004c2c       0xf0 zephyr/kernel/libkernel.a(sched.c.obj)
                0x00004c2c                z_thread_single_abort
 .text.unready_thread
                0x00004d1c       0x34 zephyr/kernel/libkernel.a(sched.c.obj)
 .text.pend     0x00004d50       0x4c zephyr/kernel/libkernel.a(sched.c.obj)
 .text.z_pend_curr
                0x00004d9c       0x20 zephyr/kernel/libkernel.a(sched.c.obj)
                0x00004d9c                z_pend_curr
 .text.z_set_prio
                0x00004dbc       0x88 zephyr/kernel/libkernel.a(sched.c.obj)
                0x00004dbc                z_set_prio
 .text.z_impl_k_sleep
                0x00004e44       0x24 zephyr/kernel/libkernel.a(sched.c.obj)
                0x00004e44                z_impl_k_sleep
 .text.z_impl_k_current_get
                0x00004e68        0xc zephyr/kernel/libkernel.a(sched.c.obj)
                0x00004e68                z_impl_k_current_get
 .text.z_self_abort
                0x00004e74       0x28 zephyr/kernel/libkernel.a(thread_abort.c.obj)
                0x00004e74                z_self_abort
 .text.boot_banner
                0x00004e9c       0x18 zephyr/kernel/libkernel.a(banner.c.obj)
                0x00004e9c                boot_banner
 .text.z_data_copy
                0x00004eb4       0x34 zephyr/kernel/libkernel.a(xip.c.obj)
                0x00004eb4                z_data_copy
 .text.elapsed  0x00004ee8       0x14 zephyr/kernel/libkernel.a(timeout.c.obj)
 .text.remove_timeout
                0x00004efc       0x34 zephyr/kernel/libkernel.a(timeout.c.obj)
 .text.next_timeout
                0x00004f30       0x48 zephyr/kernel/libkernel.a(timeout.c.obj)
 .text.z_add_timeout
                0x00004f78      0x110 zephyr/kernel/libkernel.a(timeout.c.obj)
                0x00004f78                z_add_timeout
 .text.z_clock_announce
                0x00005088       0xcc zephyr/kernel/libkernel.a(timeout.c.obj)
                0x00005088                z_clock_announce
 .text.statics_init
                0x00005154       0x24 zephyr/kernel/libkernel.a(kheap.c.obj)
 .text.nrf_cc3xx_platform_init_no_rng
                0x00005178       0x38 C:/nrf_workspace/test1_5/nrfxlib/crypto/nrf_cc312_platform/lib/cortex-m33/soft-float/no-interrupts/libnrf_cc312_platform_0.9.7.a(nrf_cc3xx_platform.c.obj)
                0x00005178                nrf_cc3xx_platform_init_no_rng
 .text.nrf_cc3xx_platform_abort
                0x000051b0       0x24 C:/nrf_workspace/test1_5/nrfxlib/crypto/nrf_cc312_platform/lib/cortex-m33/soft-float/no-interrupts/libnrf_cc312_platform_0.9.7.a(nrf_cc3xx_platform_abort.c.obj)
 .text.CC_PalAbort
                0x000051d4       0x40 C:/nrf_workspace/test1_5/nrfxlib/crypto/nrf_cc312_platform/lib/cortex-m33/soft-float/no-interrupts/libnrf_cc312_platform_0.9.7.a(nrf_cc3xx_platform_abort.c.obj)
                0x000051d4                CC_PalAbort
 .text.nrf_cc3xx_platform_set_abort
                0x00005214       0x10 C:/nrf_workspace/test1_5/nrfxlib/crypto/nrf_cc312_platform/lib/cortex-m33/soft-float/no-interrupts/libnrf_cc312_platform_0.9.7.a(nrf_cc3xx_platform_abort.c.obj)
                0x00005214                nrf_cc3xx_platform_set_abort
 .text.mutex_unlock
                0x00005224       0x20 C:/nrf_workspace/test1_5/nrfxlib/crypto/nrf_cc312_platform/lib/cortex-m33/soft-float/no-interrupts/libnrf_cc312_platform_0.9.7.a(nrf_cc3xx_platform_mutex.c.obj)
 .text.mutex_free
                0x00005244       0x24 C:/nrf_workspace/test1_5/nrfxlib/crypto/nrf_cc312_platform/lib/cortex-m33/soft-float/no-interrupts/libnrf_cc312_platform_0.9.7.a(nrf_cc3xx_platform_mutex.c.obj)
 .text.mutex_init
                0x00005268       0x20 C:/nrf_workspace/test1_5/nrfxlib/crypto/nrf_cc312_platform/lib/cortex-m33/soft-float/no-interrupts/libnrf_cc312_platform_0.9.7.a(nrf_cc3xx_platform_mutex.c.obj)
 .text.mutex_lock
                0x00005288       0x30 C:/nrf_workspace/test1_5/nrfxlib/crypto/nrf_cc312_platform/lib/cortex-m33/soft-float/no-interrupts/libnrf_cc312_platform_0.9.7.a(nrf_cc3xx_platform_mutex.c.obj)
 .text.nrf_cc3xx_platform_set_mutexes
                0x000052b8       0x38 C:/nrf_workspace/test1_5/nrfxlib/crypto/nrf_cc312_platform/lib/cortex-m33/soft-float/no-interrupts/libnrf_cc312_platform_0.9.7.a(nrf_cc3xx_platform_mutex.c.obj)
                0x000052b8                nrf_cc3xx_platform_set_mutexes
 .text.CC_LibInitNoRng
                0x000052f0       0x24 C:/nrf_workspace/test1_5/nrfxlib/crypto/nrf_cc312_platform/lib/cortex-m33/soft-float/no-interrupts/libnrf_cc312_platform_0.9.7.a(cc_lib.c.obj)
                0x000052f0                CC_LibInitNoRng
 .text.CC_HalInit
                0x00005314        0x4 C:/nrf_workspace/test1_5/nrfxlib/crypto/nrf_cc312_platform/lib/cortex-m33/soft-float/no-interrupts/libnrf_cc312_platform_0.9.7.a(cc_hal.c.obj)
                0x00005314                CC_HalInit
 .text.CC_PalInit
                0x00005318       0x5c C:/nrf_workspace/test1_5/nrfxlib/crypto/nrf_cc312_platform/lib/cortex-m33/soft-float/no-interrupts/libnrf_cc312_platform_0.9.7.a(cc_pal.c.obj)
                0x00005318                CC_PalInit
 .text.CC_PalTerminate
                0x00005374       0x34 C:/nrf_workspace/test1_5/nrfxlib/crypto/nrf_cc312_platform/lib/cortex-m33/soft-float/no-interrupts/libnrf_cc312_platform_0.9.7.a(cc_pal.c.obj)
                0x00005374                CC_PalTerminate
 .text.CC_PalDmaInit
                0x000053a8        0x4 C:/nrf_workspace/test1_5/nrfxlib/crypto/nrf_cc312_platform/lib/cortex-m33/soft-float/no-interrupts/libnrf_cc312_platform_0.9.7.a(cc_pal_dma.c.obj)
                0x000053a8                CC_PalDmaInit
 .text.CC_PalDmaTerminate
                0x000053ac        0x4 C:/nrf_workspace/test1_5/nrfxlib/crypto/nrf_cc312_platform/lib/cortex-m33/soft-float/no-interrupts/libnrf_cc312_platform_0.9.7.a(cc_pal_dma.c.obj)
                0x000053ac                CC_PalDmaTerminate
 .text.CC_PalMutexCreate
                0x000053b0       0x14 C:/nrf_workspace/test1_5/nrfxlib/crypto/nrf_cc312_platform/lib/cortex-m33/soft-float/no-interrupts/libnrf_cc312_platform_0.9.7.a(cc_pal_mutex.c.obj)
                0x000053b0                CC_PalMutexCreate
 .text.CC_PalMutexDestroy
                0x000053c4       0x14 C:/nrf_workspace/test1_5/nrfxlib/crypto/nrf_cc312_platform/lib/cortex-m33/soft-float/no-interrupts/libnrf_cc312_platform_0.9.7.a(cc_pal_mutex.c.obj)
                0x000053c4                CC_PalMutexDestroy
 .text.CC_PalPowerSaveModeInit
                0x000053d8       0x3c C:/nrf_workspace/test1_5/nrfxlib/crypto/nrf_cc312_platform/lib/cortex-m33/soft-float/no-interrupts/libnrf_cc312_platform_0.9.7.a(cc_pal_pm.c.obj)
                0x000053d8                CC_PalPowerSaveModeInit
 .text.flash_area_id_from_multi_image_slot
                0x00005414       0x12 app/libapp.a(flash_map_extended.c.obj)
                0x00005414                flash_area_id_from_multi_image_slot
 .text.bootutil_tlv_iter_begin
                0x00005426       0x98 app/libapp.a(tlv.c.obj)
                0x00005426                bootutil_tlv_iter_begin
 .text.bootutil_tlv_iter_next
                0x000054be       0x96 app/libapp.a(tlv.c.obj)
                0x000054be                bootutil_tlv_iter_next
 .text.boot_write_trailer
                0x00005554       0x5a app/libapp.a(bootutil_misc.c.obj)
 .text.boot_fih_memequal
                0x000055ae        0x4 app/libapp.a(bootutil_misc.c.obj)
                0x000055ae                boot_fih_memequal
 .text.boot_trailer_sz
                0x000055b2        0xa app/libapp.a(bootutil_misc.c.obj)
                0x000055b2                boot_trailer_sz
 .text.boot_status_entries
                0x000055bc       0x1a app/libapp.a(bootutil_misc.c.obj)
                0x000055bc                boot_status_entries
 .text.boot_status_off
                0x000055d6       0x16 app/libapp.a(bootutil_misc.c.obj)
                0x000055d6                boot_status_off
 .text.boot_write_copy_done
                0x000055ec       0x18 app/libapp.a(bootutil_misc.c.obj)
                0x000055ec                boot_write_copy_done
 .text.boot_write_swap_size
                0x00005604       0x1e app/libapp.a(bootutil_misc.c.obj)
                0x00005604                boot_write_swap_size
 .text.boot_read_image_size
                0x00005622       0x90 app/libapp.a(loader.c.obj)
 .text.boot_read_image_headers
                0x000056b2       0x30 app/libapp.a(loader.c.obj)
 .text.boot_read_sectors
                0x000056e2       0x3e app/libapp.a(loader.c.obj)
 .text.boot_status_reset
                0x00005720       0x12 app/libapp.a(loader.c.obj)
                0x00005720                boot_status_reset
 .text.boot_status_is_reset
                0x00005732       0x1a app/libapp.a(loader.c.obj)
                0x00005732                boot_status_is_reset
 .text.boot_write_status
                0x0000574c       0x64 app/libapp.a(loader.c.obj)
                0x0000574c                boot_write_status
 .text.boot_erase_region
                0x000057b0        0x4 app/libapp.a(loader.c.obj)
                0x000057b0                boot_erase_region
 .text.swap_erase_trailer_sectors
                0x000057b4       0x6a app/libapp.a(swap_misc.c.obj)
                0x000057b4                swap_erase_trailer_sectors
 .text.swap_status_init
                0x0000581e       0x3e app/libapp.a(swap_misc.c.obj)
                0x0000581e                swap_status_init
 .text.swap_read_status
                0x0000585c       0x76 app/libapp.a(swap_misc.c.obj)
                0x0000585c                swap_read_status
 .text.swap_set_copy_done
                0x000058d2       0x24 app/libapp.a(swap_misc.c.obj)
                0x000058d2                swap_set_copy_done
 .text.swap_set_image_ok
                0x000058f6       0x3c app/libapp.a(swap_misc.c.obj)
                0x000058f6                swap_set_image_ok
 .text.boot_status_internal_off
                0x00005932       0x2c app/libapp.a(swap_move.c.obj)
                0x00005932                boot_status_internal_off
 .text.sys_notify_validate
                0x0000595e       0x22 zephyr/libzephyr.a(notify.c.obj)
                0x0000595e                sys_notify_validate
 .text.sys_notify_finalize
                0x00005980       0x1a zephyr/libzephyr.a(notify.c.obj)
                0x00005980                sys_notify_finalize
 .text.arch_printk_char_out
                0x0000599a        0x4 zephyr/libzephyr.a(printk.c.obj)
                0x0000599a                arch_printk_char_out
 .text.printk   0x0000599e       0x1a zephyr/libzephyr.a(printk.c.obj)
                0x0000599e                printk
 .text.process_recheck
                0x000059b8       0x38 zephyr/libzephyr.a(onoff.c.obj)
 .text.notify_one
                0x000059f0       0x2c zephyr/libzephyr.a(onoff.c.obj)
 .text.transition_complete
                0x00005a1c       0x1c zephyr/libzephyr.a(onoff.c.obj)
 .text.validate_args
                0x00005a38       0x1e zephyr/libzephyr.a(onoff.c.obj)
 .text.onoff_manager_init
                0x00005a56       0x26 zephyr/libzephyr.a(onoff.c.obj)
                0x00005a56                onoff_manager_init
 .text.onoff_request
                0x00005a7c       0x92 zephyr/libzephyr.a(onoff.c.obj)
                0x00005a7c                onoff_request
 .text.chunk_field
                0x00005b0e       0x16 zephyr/libzephyr.a(heap.c.obj)
 .text.chunk_set
                0x00005b24       0x16 zephyr/libzephyr.a(heap.c.obj)
 .text.chunk_size
                0x00005b3a        0xc zephyr/libzephyr.a(heap.c.obj)
 .text.set_chunk_used
                0x00005b46       0x30 zephyr/libzephyr.a(heap.c.obj)
 .text.set_chunk_size
                0x00005b76        0x8 zephyr/libzephyr.a(heap.c.obj)
 .text.bucket_idx
                0x00005b7e       0x1a zephyr/libzephyr.a(heap.c.obj)
 .text.free_list_add
                0x00005b98       0x8a zephyr/libzephyr.a(heap.c.obj)
 .text.sys_heap_init
                0x00005c22       0xa4 zephyr/libzephyr.a(heap.c.obj)
                0x00005c22                sys_heap_init
 .text.print_digits
                0x00005cc6       0xbe zephyr/libzephyr.a(cbprintf_nano.c.obj)
 .text._ConfigAbsSyms
                0x00005d84        0x2 zephyr/libzephyr.a(configs.c.obj)
                0x00005d84                _ConfigAbsSyms
 .text.z_platform_init
                0x00005d86        0x4 zephyr/libzephyr.a(soc.c.obj)
                0x00005d86                z_platform_init
 .text.z_impl_flash_write_protection_set
                0x00005d8a        0x6 zephyr/libzephyr.a(flash_map.c.obj)
 .text.device_get_binding
                0x00005d90        0x4 zephyr/libzephyr.a(flash_map.c.obj)
 .text.get_sectors_cb
                0x00005d94       0x3c zephyr/libzephyr.a(flash_map.c.obj)
 .text.flash_area_close
                0x00005dd0        0x2 zephyr/libzephyr.a(flash_map.c.obj)
                0x00005dd0                flash_area_close
 .text.flash_area_read
                0x00005dd2       0x3a zephyr/libzephyr.a(flash_map.c.obj)
                0x00005dd2                flash_area_read
 .text.flash_area_write
                0x00005e0c       0x52 zephyr/libzephyr.a(flash_map.c.obj)
                0x00005e0c                flash_area_write
 .text.flash_area_erase
                0x00005e5e       0x4c zephyr/libzephyr.a(flash_map.c.obj)
                0x00005e5e                flash_area_erase
 .text.flash_area_align
                0x00005eaa       0x12 zephyr/libzephyr.a(flash_map.c.obj)
                0x00005eaa                flash_area_align
 .text.flash_area_erased_val
                0x00005ebc       0x12 zephyr/libzephyr.a(flash_map.c.obj)
                0x00005ebc                flash_area_erased_val
 .text.uart_poll_out
                0x00005ece        0x6 zephyr/libzephyr.a(uart_console.c.obj)
 .text.get_status
                0x00005ed4       0x12 zephyr/libzephyr.a(clock_control_nrf.c.obj)
 .text.set_off_state
                0x00005ee6       0x32 zephyr/libzephyr.a(clock_control_nrf.c.obj)
 .text.set_starting_state
                0x00005f18       0x3c zephyr/libzephyr.a(clock_control_nrf.c.obj)
 .text.set_on_state
                0x00005f54       0x26 zephyr/libzephyr.a(clock_control_nrf.c.obj)
 .text.api_blocking_start
                0x00005f7a        0x6 zephyr/libzephyr.a(clock_control_nrf.c.obj)
 .text.onoff_started_callback
                0x00005f80       0x12 zephyr/libzephyr.a(clock_control_nrf.c.obj)
 .text.hfclkaudio_start
                0x00005f92        0x6 zephyr/libzephyr.a(clock_control_nrf.c.obj)
 .text.hfclk192m_start
                0x00005f98        0x6 zephyr/libzephyr.a(clock_control_nrf.c.obj)
 .text.lfclk_start
                0x00005f9e        0x6 zephyr/libzephyr.a(clock_control_nrf.c.obj)
 .text.hfclkaudio_stop
                0x00005fa4        0x6 zephyr/libzephyr.a(clock_control_nrf.c.obj)
 .text.hfclk192m_stop
                0x00005faa        0x6 zephyr/libzephyr.a(clock_control_nrf.c.obj)
 .text.lfclk_stop
                0x00005fb0        0x6 zephyr/libzephyr.a(clock_control_nrf.c.obj)
 .text.api_stop
                0x00005fb6       0x28 zephyr/libzephyr.a(clock_control_nrf.c.obj)
 .text.api_start
                0x00005fde       0x34 zephyr/libzephyr.a(clock_control_nrf.c.obj)
 .text.z_clock_isr
                0x00006012        0x2 zephyr/libzephyr.a(sys_clock_init.c.obj)
                0x00006012                z_clock_isr
 .text.z_clock_idle_exit
                0x00006014        0x2 zephyr/libzephyr.a(sys_clock_init.c.obj)
                0x00006014                z_clock_idle_exit
 .text.sys_clock_disable
                0x00006016        0x2 zephyr/libzephyr.a(sys_clock_init.c.obj)
                0x00006016                sys_clock_disable
 .text.abort_function
                0x00006018        0x6 zephyr/libzephyr.a(nrf_cc3xx_platform_abort_zephyr.c.obj)
 .text.z_irq_spurious
                0x0000601e        0x8 zephyr/arch/arch/arm/core/aarch32/libarch__arm__core__aarch32.a(irq_manage.c.obj)
                0x0000601e                z_irq_spurious
 .text.configure_builtin_stack_guard
                0x00006026        0x8 zephyr/arch/arch/arm/core/aarch32/libarch__arm__core__aarch32.a(thread.c.obj)
                0x00006026                configure_builtin_stack_guard
 .text.z_do_kernel_oops
                0x0000602e        0x8 zephyr/arch/arch/arm/core/aarch32/libarch__arm__core__aarch32.a(fatal.c.obj)
                0x0000602e                z_do_kernel_oops
 .text.z_arm_nmi
                0x00006036        0xe zephyr/arch/arch/arm/core/aarch32/libarch__arm__core__aarch32.a(nmi.c.obj)
                0x00006036                z_arm_nmi
 .text.arm_cmse_mpu_region_get
                0x00006044       0x12 zephyr/arch/arch/arm/core/aarch32/cortex_m/cmse/libarch__arm__core__aarch32__cortex_m__cmse.a(arm_core_cmse.c.obj)
                0x00006044                arm_cmse_mpu_region_get
 .text.strcmp   0x00006056       0x18 zephyr/lib/libc/minimal/liblib__libc__minimal.a(string.c.obj)
                0x00006056                strcmp
 .text.memcmp   0x0000606e       0x20 zephyr/lib/libc/minimal/liblib__libc__minimal.a(string.c.obj)
                0x0000606e                memcmp
 .text.memcpy   0x0000608e       0x56 zephyr/lib/libc/minimal/liblib__libc__minimal.a(string.c.obj)
                0x0000608e                memcpy
 .text.memset   0x000060e4       0x46 zephyr/lib/libc/minimal/liblib__libc__minimal.a(string.c.obj)
                0x000060e4                memset
 .text._stdout_hook_default
                0x0000612a        0x6 zephyr/lib/libc/minimal/liblib__libc__minimal.a(stdout_console.c.obj)
 .text.gpio_fire_callbacks
                0x00006130       0x30 zephyr/drivers/gpio/libdrivers__gpio.a(gpio_nrfx.c.obj)
 .text.gpio_nrfx_port_get_raw
                0x00006160        0xc zephyr/drivers/gpio/libdrivers__gpio.a(gpio_nrfx.c.obj)
 .text.gpio_nrfx_port_set_masked_raw
                0x0000616c       0x12 zephyr/drivers/gpio/libdrivers__gpio.a(gpio_nrfx.c.obj)
 .text.gpio_nrfx_port_set_bits_raw
                0x0000617e        0xa zephyr/drivers/gpio/libdrivers__gpio.a(gpio_nrfx.c.obj)
 .text.gpio_nrfx_port_clear_bits_raw
                0x00006188        0xa zephyr/drivers/gpio/libdrivers__gpio.a(gpio_nrfx.c.obj)
 .text.gpio_nrfx_port_toggle_bits
                0x00006192        0xe zephyr/drivers/gpio/libdrivers__gpio.a(gpio_nrfx.c.obj)
 .text.gpio_nrfx_manage_callback
                0x000061a0       0x56 zephyr/drivers/gpio/libdrivers__gpio.a(gpio_nrfx.c.obj)
 .text.check_level_trigger_pins
                0x000061f6       0x50 zephyr/drivers/gpio/libdrivers__gpio.a(gpio_nrfx.c.obj)
 .text.cfg_level_pins
                0x00006246       0x4c zephyr/drivers/gpio/libdrivers__gpio.a(gpio_nrfx.c.obj)
 .text.flash_nrf_write_protection
                0x00006292        0x4 zephyr/drivers/flash/libdrivers__flash.a(soc_flash_nrf.c.obj)
 .text.is_regular_addr_valid
                0x00006296       0x26 zephyr/drivers/flash/libdrivers__flash.a(soc_flash_nrf.c.obj)
 .text.flash_page_foreach
                0x000062bc       0x58 zephyr/drivers/flash/libdrivers__flash.a(flash_page_layout.c.obj)
                0x000062bc                flash_page_foreach
 .text.uarte_nrfx_isr_int
                0x00006314       0x7e zephyr/drivers/serial/libdrivers__serial.a(uart_nrfx_uarte.c.obj)
 .text.uarte_nrfx_config_get
                0x00006392       0x10 zephyr/drivers/serial/libdrivers__serial.a(uart_nrfx_uarte.c.obj)
 .text.uarte_nrfx_err_check
                0x000063a2        0xe zephyr/drivers/serial/libdrivers__serial.a(uart_nrfx_uarte.c.obj)
 .text.is_tx_ready
                0x000063b0       0x1e zephyr/drivers/serial/libdrivers__serial.a(uart_nrfx_uarte.c.obj)
 .text.uarte_nrfx_poll_in
                0x000063ce       0x26 zephyr/drivers/serial/libdrivers__serial.a(uart_nrfx_uarte.c.obj)
 .text.uarte_nrfx_fifo_fill
                0x000063f4       0x90 zephyr/drivers/serial/libdrivers__serial.a(uart_nrfx_uarte.c.obj)
 .text.uarte_nrfx_fifo_read
                0x00006484       0x22 zephyr/drivers/serial/libdrivers__serial.a(uart_nrfx_uarte.c.obj)
 .text.uarte_nrfx_irq_tx_enable
                0x000064a6       0x2e zephyr/drivers/serial/libdrivers__serial.a(uart_nrfx_uarte.c.obj)
 .text.uarte_nrfx_irq_tx_disable
                0x000064d4        0xa zephyr/drivers/serial/libdrivers__serial.a(uart_nrfx_uarte.c.obj)
 .text.uarte_nrfx_irq_tx_ready_complete
                0x000064de       0x2a zephyr/drivers/serial/libdrivers__serial.a(uart_nrfx_uarte.c.obj)
 .text.uarte_nrfx_irq_rx_ready
                0x00006508       0x10 zephyr/drivers/serial/libdrivers__serial.a(uart_nrfx_uarte.c.obj)
 .text.uarte_nrfx_irq_rx_enable
                0x00006518        0xc zephyr/drivers/serial/libdrivers__serial.a(uart_nrfx_uarte.c.obj)
 .text.uarte_nrfx_irq_rx_disable
                0x00006524        0xc zephyr/drivers/serial/libdrivers__serial.a(uart_nrfx_uarte.c.obj)
 .text.uarte_nrfx_irq_err_enable
                0x00006530        0xe zephyr/drivers/serial/libdrivers__serial.a(uart_nrfx_uarte.c.obj)
 .text.uarte_nrfx_irq_err_disable
                0x0000653e        0xe zephyr/drivers/serial/libdrivers__serial.a(uart_nrfx_uarte.c.obj)
 .text.uarte_nrfx_irq_update
                0x0000654c        0x4 zephyr/drivers/serial/libdrivers__serial.a(uart_nrfx_uarte.c.obj)
 .text.uarte_nrfx_irq_callback_set
                0x00006550        0xa zephyr/drivers/serial/libdrivers__serial.a(uart_nrfx_uarte.c.obj)
 .text.uarte_nrfx_irq_is_pending
                0x0000655a       0x36 zephyr/drivers/serial/libdrivers__serial.a(uart_nrfx_uarte.c.obj)
 .text.hw_cc3xx_init
                0x00006590       0x12 modules/nrf/drivers/hw_cc310/lib..__nrf__drivers__hw_cc310.a(hw_cc310.c.obj)
 .text.bootutil_buffer_is_erased.part.0
                0x000065a2       0x22 modules/mcuboot/boot/bootutil/zephyr/lib..__mcuboot__boot__bootutil__zephyr.a(bootutil_public.c.obj)
 .text.boot_write_trailer.constprop.0
                0x000065c4       0x58 modules/mcuboot/boot/bootutil/zephyr/lib..__mcuboot__boot__bootutil__zephyr.a(bootutil_public.c.obj)
 .text.boot_swap_info_off
                0x0000661c        0x6 modules/mcuboot/boot/bootutil/zephyr/lib..__mcuboot__boot__bootutil__zephyr.a(bootutil_public.c.obj)
                0x0000661c                boot_swap_info_off
 .text.boot_magic_compatible_check
                0x00006622       0x1c modules/mcuboot/boot/bootutil/zephyr/lib..__mcuboot__boot__bootutil__zephyr.a(bootutil_public.c.obj)
                0x00006622                boot_magic_compatible_check
 .text.bootutil_buffer_is_erased
                0x0000663e        0xc modules/mcuboot/boot/bootutil/zephyr/lib..__mcuboot__boot__bootutil__zephyr.a(bootutil_public.c.obj)
                0x0000663e                bootutil_buffer_is_erased
 .text.boot_read_flag
                0x0000664a       0x3a modules/mcuboot/boot/bootutil/zephyr/lib..__mcuboot__boot__bootutil__zephyr.a(bootutil_public.c.obj)
 .text.boot_write_image_ok
                0x00006684       0x18 modules/mcuboot/boot/bootutil/zephyr/lib..__mcuboot__boot__bootutil__zephyr.a(bootutil_public.c.obj)
                0x00006684                boot_write_image_ok
 .text.boot_read_image_ok
                0x0000669c        0x8 modules/mcuboot/boot/bootutil/zephyr/lib..__mcuboot__boot__bootutil__zephyr.a(bootutil_public.c.obj)
                0x0000669c                boot_read_image_ok
 .text.boot_read_swap_state_by_id
                0x000066a4       0x28 modules/mcuboot/boot/bootutil/zephyr/lib..__mcuboot__boot__bootutil__zephyr.a(bootutil_public.c.obj)
                0x000066a4                boot_read_swap_state_by_id
 .text.boot_write_swap_info
                0x000066cc       0x1c modules/mcuboot/boot/bootutil/zephyr/lib..__mcuboot__boot__bootutil__zephyr.a(bootutil_public.c.obj)
                0x000066cc                boot_write_swap_info
 .text.nrfx_isr
                0x000066e8        0x2 modules/hal_nordic/libmodules__hal_nordic.a(nrfx_glue.c.obj)
                0x000066e8                nrfx_isr
 .text.nrfx_busy_wait
                0x000066ea        0x4 modules/hal_nordic/libmodules__hal_nordic.a(nrfx_glue.c.obj)
                0x000066ea                nrfx_busy_wait
 .text.nrfx_clock_enable
                0x000066ee       0x20 modules/hal_nordic/libmodules__hal_nordic.a(nrfx_clock.c.obj)
                0x000066ee                nrfx_clock_enable
 .text.nrfx_nvmc_flash_size_get
                0x0000670e        0x6 modules/hal_nordic/libmodules__hal_nordic.a(nrfx_nvmc.c.obj)
                0x0000670e                nrfx_nvmc_flash_size_get
 .text.nrfx_nvmc_flash_page_size_get
                0x00006714        0x6 modules/hal_nordic/libmodules__hal_nordic.a(nrfx_nvmc.c.obj)
                0x00006714                nrfx_nvmc_flash_page_size_get
 .text.nrfx_nvmc_flash_page_count_get
                0x0000671a        0x6 modules/hal_nordic/libmodules__hal_nordic.a(nrfx_nvmc.c.obj)
                0x0000671a                nrfx_nvmc_flash_page_count_get
 .text._mbedtls_init
                0x00006720        0x4 modules/mbedtls/lib..__modules__crypto__mbedtls.a(zephyr_init.c.obj)
 .text.mbedtls_asn1_get_len
                0x00006724       0x90 modules/mbedtls/lib..__modules__crypto__mbedtls.a(asn1parse.c.obj)
                0x00006724                mbedtls_asn1_get_len
 .text.mbedtls_asn1_get_tag
                0x000067b4       0x28 modules/mbedtls/lib..__modules__crypto__mbedtls.a(asn1parse.c.obj)
                0x000067b4                mbedtls_asn1_get_tag
 .text.mbedtls_asn1_get_mpi
                0x000067dc       0x26 modules/mbedtls/lib..__modules__crypto__mbedtls.a(asn1parse.c.obj)
                0x000067dc                mbedtls_asn1_get_mpi
 .text.mpi_sub_hlp
                0x00006802       0x3a modules/mbedtls/lib..__modules__crypto__mbedtls.a(bignum.c.obj)
 .text.mpi_mul_hlp
                0x0000683c      0x4ea modules/mbedtls/lib..__modules__crypto__mbedtls.a(bignum.c.obj)
 .text.mpi_bigendian_to_host.part.0
                0x00006d26       0x52 modules/mbedtls/lib..__modules__crypto__mbedtls.a(bignum.c.obj)
 .text.mpi_montmul.isra.0
                0x00006d78       0xd4 modules/mbedtls/lib..__modules__crypto__mbedtls.a(bignum.c.obj)
 .text.mbedtls_mpi_init
                0x00006e4c        0xc modules/mbedtls/lib..__modules__crypto__mbedtls.a(bignum.c.obj)
                0x00006e4c                mbedtls_mpi_init
 .text.mbedtls_mpi_free
                0x00006e58       0x24 modules/mbedtls/lib..__modules__crypto__mbedtls.a(bignum.c.obj)
                0x00006e58                mbedtls_mpi_free
 .text.mbedtls_mpi_grow
                0x00006e7c       0x4c modules/mbedtls/lib..__modules__crypto__mbedtls.a(bignum.c.obj)
                0x00006e7c                mbedtls_mpi_grow
 .text.mbedtls_mpi_copy
                0x00006ec8       0x58 modules/mbedtls/lib..__modules__crypto__mbedtls.a(bignum.c.obj)
                0x00006ec8                mbedtls_mpi_copy
 .text.mbedtls_mpi_lset
                0x00006f20       0x38 modules/mbedtls/lib..__modules__crypto__mbedtls.a(bignum.c.obj)
                0x00006f20                mbedtls_mpi_lset
 .text.mbedtls_mpi_get_bit
                0x00006f58       0x22 modules/mbedtls/lib..__modules__crypto__mbedtls.a(bignum.c.obj)
                0x00006f58                mbedtls_mpi_get_bit
 .text.mbedtls_mpi_bitlen
                0x00006f7a       0x38 modules/mbedtls/lib..__modules__crypto__mbedtls.a(bignum.c.obj)
                0x00006f7a                mbedtls_mpi_bitlen
 .text.mbedtls_mpi_size
                0x00006fb2        0xc modules/mbedtls/lib..__modules__crypto__mbedtls.a(bignum.c.obj)
                0x00006fb2                mbedtls_mpi_size
 .text.mbedtls_mpi_read_binary
                0x00006fbe       0x70 modules/mbedtls/lib..__modules__crypto__mbedtls.a(bignum.c.obj)
                0x00006fbe                mbedtls_mpi_read_binary
 .text.mbedtls_mpi_write_binary
                0x0000702e       0x6e modules/mbedtls/lib..__modules__crypto__mbedtls.a(bignum.c.obj)
                0x0000702e                mbedtls_mpi_write_binary
 .text.mbedtls_mpi_shift_l
                0x0000709c       0xa0 modules/mbedtls/lib..__modules__crypto__mbedtls.a(bignum.c.obj)
                0x0000709c                mbedtls_mpi_shift_l
 .text.mbedtls_mpi_shift_r
                0x0000713c       0x78 modules/mbedtls/lib..__modules__crypto__mbedtls.a(bignum.c.obj)
                0x0000713c                mbedtls_mpi_shift_r
 .text.mbedtls_mpi_cmp_abs
                0x000071b4       0x66 modules/mbedtls/lib..__modules__crypto__mbedtls.a(bignum.c.obj)
                0x000071b4                mbedtls_mpi_cmp_abs
 .text.mbedtls_mpi_cmp_mpi
                0x0000721a       0x86 modules/mbedtls/lib..__modules__crypto__mbedtls.a(bignum.c.obj)
                0x0000721a                mbedtls_mpi_cmp_mpi
 .text.mbedtls_mpi_cmp_int
                0x000072a0       0x2c modules/mbedtls/lib..__modules__crypto__mbedtls.a(bignum.c.obj)
                0x000072a0                mbedtls_mpi_cmp_int
 .text.mbedtls_mpi_add_abs
                0x000072cc       0xb2 modules/mbedtls/lib..__modules__crypto__mbedtls.a(bignum.c.obj)
                0x000072cc                mbedtls_mpi_add_abs
 .text.mbedtls_mpi_sub_abs
                0x0000737e       0x9c modules/mbedtls/lib..__modules__crypto__mbedtls.a(bignum.c.obj)
                0x0000737e                mbedtls_mpi_sub_abs
 .text.mbedtls_mpi_add_mpi
                0x0000741a       0x44 modules/mbedtls/lib..__modules__crypto__mbedtls.a(bignum.c.obj)
                0x0000741a                mbedtls_mpi_add_mpi
 .text.mbedtls_mpi_sub_mpi
                0x0000745e       0x46 modules/mbedtls/lib..__modules__crypto__mbedtls.a(bignum.c.obj)
                0x0000745e                mbedtls_mpi_sub_mpi
 .text.mbedtls_mpi_mul_mpi
                0x000074a4       0xc6 modules/mbedtls/lib..__modules__crypto__mbedtls.a(bignum.c.obj)
                0x000074a4                mbedtls_mpi_mul_mpi
 .text.mbedtls_mpi_mul_int
                0x0000756a       0x1a modules/mbedtls/lib..__modules__crypto__mbedtls.a(bignum.c.obj)
                0x0000756a                mbedtls_mpi_mul_int
 .text.mbedtls_mpi_div_mpi
                0x00007584      0x35c modules/mbedtls/lib..__modules__crypto__mbedtls.a(bignum.c.obj)
                0x00007584                mbedtls_mpi_div_mpi
 .text.mbedtls_mpi_mod_mpi
                0x000078e0       0x64 modules/mbedtls/lib..__modules__crypto__mbedtls.a(bignum.c.obj)
                0x000078e0                mbedtls_mpi_mod_mpi
 .text.mbedtls_mpi_exp_mod
                0x00007944      0x3fe modules/mbedtls/lib..__modules__crypto__mbedtls.a(bignum.c.obj)
                0x00007944                mbedtls_mpi_exp_mod
 .text.platform_calloc_uninit
                0x00007d42        0x4 modules/mbedtls/lib..__modules__crypto__mbedtls.a(platform.c.obj)
 .text.platform_exit_uninit
                0x00007d46        0x2 modules/mbedtls/lib..__modules__crypto__mbedtls.a(platform.c.obj)
 .text.platform_free_uninit
                0x00007d48        0x2 modules/mbedtls/lib..__modules__crypto__mbedtls.a(platform.c.obj)
 .text.mbedtls_rsa_import
                0x00007d4a       0x88 modules/mbedtls/lib..__modules__crypto__mbedtls.a(rsa.c.obj)
                0x00007d4a                mbedtls_rsa_import
 .text.mbedtls_rsa_init
                0x00007dd2       0x16 modules/mbedtls/lib..__modules__crypto__mbedtls.a(rsa.c.obj)
                0x00007dd2                mbedtls_rsa_init
 .text.mbedtls_rsa_free
                0x00007de8       0x72 modules/mbedtls/lib..__modules__crypto__mbedtls.a(rsa.c.obj)
                0x00007de8                mbedtls_rsa_free
 .text.mbedtls_sha256_init
                0x00007e5a        0x8 modules/mbedtls/lib..__modules__crypto__mbedtls.a(sha256.c.obj)
                0x00007e5a                mbedtls_sha256_init
 .text.mbedtls_sha256_update_ret
                0x00007e62       0x7a modules/mbedtls/lib..__modules__crypto__mbedtls.a(sha256.c.obj)
                0x00007e62                mbedtls_sha256_update_ret
 .text.mbedtls_sha256_finish_ret
                0x00007edc      0x104 modules/mbedtls/lib..__modules__crypto__mbedtls.a(sha256.c.obj)
                0x00007edc                mbedtls_sha256_finish_ret
 .text.z_pm_save_idle_exit
                0x00007fe0        0x4 zephyr/kernel/libkernel.a(idle.c.obj)
                0x00007fe0                z_pm_save_idle_exit
 .text.k_mem_slab_init
                0x00007fe4       0x36 zephyr/kernel/libkernel.a(mem_slab.c.obj)
                0x00007fe4                k_mem_slab_init
 .text.z_impl_k_mutex_init
                0x0000801a        0xe zephyr/kernel/libkernel.a(mutex.c.obj)
                0x0000801a                z_impl_k_mutex_init
 .text.z_reschedule_irqlock
                0x00008028       0x18 zephyr/kernel/libkernel.a(sched.c.obj)
                0x00008028                z_reschedule_irqlock
 .text.z_reschedule_unlocked
                0x00008040       0x14 zephyr/kernel/libkernel.a(sched.c.obj)
 .text.k_sched_unlock
                0x00008054        0x2 zephyr/kernel/libkernel.a(sched.c.obj)
                0x00008054                k_sched_unlock
 .text.unpend_thread_no_timeout
                0x00008056       0x18 zephyr/kernel/libkernel.a(sched.c.obj)
 .text.z_priq_dumb_best
                0x0000806e       0x14 zephyr/kernel/libkernel.a(sched.c.obj)
                0x0000806e                z_priq_dumb_best
 .text.z_ready_thread
                0x00008082       0x20 zephyr/kernel/libkernel.a(sched.c.obj)
                0x00008082                z_ready_thread
 .text.z_thread_timeout
                0x000080a2       0x40 zephyr/kernel/libkernel.a(sched.c.obj)
                0x000080a2                z_thread_timeout
 .text.add_to_waitq_locked
                0x000080e2       0x56 zephyr/kernel/libkernel.a(sched.c.obj)
 .text.z_unpend_first_thread
                0x00008138       0x4a zephyr/kernel/libkernel.a(sched.c.obj)
                0x00008138                z_unpend_first_thread
 .text.k_is_in_isr
                0x00008182        0xc zephyr/kernel/libkernel.a(thread.c.obj)
                0x00008182                k_is_in_isr
 .text.z_impl_k_busy_wait
                0x0000818e        0x8 zephyr/kernel/libkernel.a(thread.c.obj)
                0x0000818e                z_impl_k_busy_wait
 .text.k_thread_name_get
                0x00008196        0x4 zephyr/kernel/libkernel.a(thread.c.obj)
                0x00008196                k_thread_name_get
 .text.z_abort_timeout
                0x0000819a       0x2c zephyr/kernel/libkernel.a(timeout.c.obj)
                0x0000819a                z_abort_timeout
 .text.k_heap_init
                0x000081c6       0x10 zephyr/kernel/libkernel.a(kheap.c.obj)
                0x000081c6                k_heap_init
 .text._OffsetAbsSyms
                0x000081d6        0x2 zephyr/CMakeFiles/offsets.dir/./arch/arm/core/offsets/offsets.c.obj
                0x000081d6                _OffsetAbsSyms
 *(SORT_BY_ALIGNMENT(.TEXT.*))
 *(SORT_BY_ALIGNMENT(.gnu.linkonce.t.*))
 *(SORT_BY_ALIGNMENT(.glue_7t))
 .glue_7t       0x000081d8        0x0 linker stubs
 *(SORT_BY_ALIGNMENT(.glue_7))
 .glue_7        0x000081d8        0x0 linker stubs
 *(SORT_BY_ALIGNMENT(.vfp11_veneer))
 .vfp11_veneer  0x000081d8        0x0 linker stubs
 *(SORT_BY_ALIGNMENT(.v4_bx))
 .v4_bx         0x000081d8        0x0 linker stubs
                0x000081d8                _image_text_end = .

.ARM.exidx      0x000081d8        0x8
                0x000081d8                __exidx_start = .
 *(SORT_BY_ALIGNMENT(.ARM.exidx*) SORT_BY_ALIGNMENT(gnu.linkonce.armexidx.*))
 .ARM.exidx     0x000081d8        0x8 c:/nrf/v1.9.1/toolchain/opt/bin/../lib/gcc/arm-none-eabi/9.2.1/thumb/v8-m.main/nofp\libgcc.a(_udivmoddi4.o)
                0x000081e0                __exidx_end = .
                0x000081e0                _image_rodata_start = .

initlevel       0x000081e0       0x70
                0x000081e0                __init_start = .
                0x000081e0                __init_PRE_KERNEL_1_start = .
 *(SORT_BY_NAME(SORT_BY_ALIGNMENT(.init_PRE_KERNEL_1[0-9]*)))
 .init_PRE_KERNEL_10
                0x000081e0        0x8 zephyr/libzephyr.a(soc.c.obj)
 .init_PRE_KERNEL_130
                0x000081e8        0x8 zephyr/kernel/libkernel.a(mem_slab.c.obj)
 .init_PRE_KERNEL_130
                0x000081f0        0x8 zephyr/kernel/libkernel.a(kheap.c.obj)
 .init_PRE_KERNEL_140
                0x000081f8        0x8 zephyr/arch/arch/arm/core/aarch32/cortex_m/mpu/libarch__arm__core__aarch32__cortex_m__mpu.a(arm_mpu.c.obj)
 .init_PRE_KERNEL_150
                0x00008200        0x8 zephyr/libzephyr.a(clock_control_nrf.c.obj)
 .init_PRE_KERNEL_150
                0x00008208        0x8 zephyr/drivers/serial/libdrivers__serial.a(uart_nrfx_uarte.c.obj)
 .init_PRE_KERNEL_160
                0x00008210        0x8 zephyr/libzephyr.a(uart_console.c.obj)
 *(SORT_BY_NAME(SORT_BY_ALIGNMENT(.init_PRE_KERNEL_1[1-9][0-9]*)))
                0x00008218                __init_PRE_KERNEL_2_start = .
 *(SORT_BY_NAME(SORT_BY_ALIGNMENT(.init_PRE_KERNEL_2[0-9]*)))
 .init_PRE_KERNEL_20
                0x00008218        0x8 zephyr/libzephyr.a(sys_clock_init.c.obj)
 *(SORT_BY_NAME(SORT_BY_ALIGNMENT(.init_PRE_KERNEL_2[1-9][0-9]*)))
                0x00008220                __init_POST_KERNEL_start = .
 *(SORT_BY_NAME(SORT_BY_ALIGNMENT(.init_POST_KERNEL[0-9]*)))
 .init_POST_KERNEL0
                0x00008220        0x8 modules/mbedtls/lib..__modules__crypto__mbedtls.a(zephyr_init.c.obj)
 .init_POST_KERNEL40
                0x00008228       0x10 zephyr/drivers/gpio/libdrivers__gpio.a(gpio_nrfx.c.obj)
 .init_POST_KERNEL40
                0x00008238        0x8 modules/nrf/drivers/hw_cc310/lib..__nrf__drivers__hw_cc310.a(hw_cc310.c.obj)
 .init_POST_KERNEL50
                0x00008240        0x8 zephyr/drivers/flash/libdrivers__flash.a(soc_flash_nrf.c.obj)
 .init_POST_KERNEL90
                0x00008248        0x8 zephyr/libzephyr.a(soc.c.obj)
 *(SORT_BY_NAME(SORT_BY_ALIGNMENT(.init_POST_KERNEL[1-9][0-9]*)))
                0x00008250                __init_APPLICATION_start = .
 *(SORT_BY_NAME(SORT_BY_ALIGNMENT(.init_APPLICATION[0-9]*)))
 *(SORT_BY_NAME(SORT_BY_ALIGNMENT(.init_APPLICATION[1-9][0-9]*)))
                0x00008250                __init_SMP_start = .
 *(SORT_BY_NAME(SORT_BY_ALIGNMENT(.init_SMP[0-9]*)))
 *(SORT_BY_NAME(SORT_BY_ALIGNMENT(.init_SMP[1-9][0-9]*)))
                0x00008250                __init_end = .

sw_isr_table    0x00008250      0x228
                0x00008250                . = ALIGN (0x0)
 *(SORT_BY_ALIGNMENT(.gnu.linkonce.sw_isr_table*))
 .gnu.linkonce.sw_isr_table*
                0x00008250      0x228 zephyr/CMakeFiles/zephyr_final.dir/isr_tables.c.obj
                0x00008250                _sw_isr_table

initlevel_error
                0x000081e0        0x0
 *(SORT_BY_NAME(SORT_BY_ALIGNMENT(.init_[_A-Z0-9]*)))
                0x00000001                ASSERT ((SIZEOF (initlevel_error) == 0x0), Undefined initialization levels used.)

app_shmem_regions
                0x00008478        0x0
                0x00008478                __app_shmem_regions_start = .
 *(SORT_BY_NAME(SORT_BY_ALIGNMENT(.app_regions.*)))
                0x00008478                __app_shmem_regions_end = .

bt_l2cap_fixed_chan_area
                0x00008478        0x0
                0x00008478                _bt_l2cap_fixed_chan_list_start = .
 *(SORT_BY_NAME(SORT_BY_ALIGNMENT(._bt_l2cap_fixed_chan.static.*)))
                0x00008478                _bt_l2cap_fixed_chan_list_end = .

bt_gatt_service_static_area
                0x00008478        0x0
                0x00008478                _bt_gatt_service_static_list_start = .
 *(SORT_BY_NAME(SORT_BY_ALIGNMENT(._bt_gatt_service_static.static.*)))
                0x00008478                _bt_gatt_service_static_list_end = .

k_p4wq_initparam_area
                0x00008478        0x0
                0x00008478                _k_p4wq_initparam_list_start = .
 *(SORT_BY_NAME(SORT_BY_ALIGNMENT(._k_p4wq_initparam.static.*)))
                0x00008478                _k_p4wq_initparam_list_end = .

log_const_sections
                0x00008478       0x48
                0x00008478                __log_const_start = .
 *(SORT_BY_NAME(SORT_BY_ALIGNMENT(.log_const_*)))
 .log_const_clock_control
                0x00008478        0x8 zephyr/libzephyr.a(clock_control_nrf.c.obj)
                0x00008478                log_const_clock_control
 .log_const_fatal_error
                0x00008480        0x8 modules/nrf/lib/fatal_error/lib..__nrf__lib__fatal_error.a(fatal_error.c.obj)
                0x00008480                log_const_fatal_error
 .log_const_flash_nrf
                0x00008488        0x8 zephyr/drivers/flash/libdrivers__flash.a(soc_flash_nrf.c.obj)
                0x00008488                log_const_flash_nrf
 .log_const_mcuboot
                0x00008490        0x8 app/libapp.a(main.c.obj)
                0x00008490                log_const_mcuboot
 .log_const_mpu
                0x00008498        0x8 zephyr/arch/arch/arm/core/aarch32/cortex_m/mpu/libarch__arm__core__aarch32__cortex_m__mpu.a(arm_core_mpu.c.obj)
                0x00008498                log_const_mpu
 .log_const_os  0x000084a0        0x8 zephyr/kernel/libkernel.a(init.c.obj)
                0x000084a0                log_const_os
 .log_const_power
                0x000084a8        0x8 zephyr/libzephyr.a(power.c.obj)
                0x000084a8                log_const_power
 .log_const_soc
                0x000084b0        0x8 zephyr/libzephyr.a(soc.c.obj)
                0x000084b0                log_const_soc
 .log_const_uart_nrfx_uarte
                0x000084b8        0x8 zephyr/drivers/serial/libdrivers__serial.a(uart_nrfx_uarte.c.obj)
                0x000084b8                log_const_uart_nrfx_uarte
                0x000084c0                __log_const_end = .

log_backends_sections
                0x000084c0        0x0
                0x000084c0                __log_backends_start = .
 *(SORT_BY_ALIGNMENT(._log_backend.*))
                0x000084c0                __log_backends_end = .

shell_area      0x000084c0        0x0
                0x000084c0                _shell_list_start = .
 *(SORT_BY_NAME(SORT_BY_ALIGNMENT(._shell.static.*)))
                0x000084c0                _shell_list_end = .

shell_root_cmds_sections
                0x000084c0        0x0
                0x000084c0                __shell_root_cmds_start = .
 *(SORT_BY_NAME(SORT_BY_ALIGNMENT(.shell_root_cmd_*)))
                0x000084c0                __shell_root_cmds_end = .

font_entry_sections
                0x000084c0        0x0
                0x000084c0                __font_entry_start = .
 *(SORT_BY_NAME(SORT_BY_ALIGNMENT(._cfb_font.*)))
                0x000084c0                __font_entry_end = .

tracing_backend_area
                0x000084c0        0x0
                0x000084c0                _tracing_backend_list_start = .
 *(SORT_BY_NAME(SORT_BY_ALIGNMENT(._tracing_backend.static.*)))
                0x000084c0                _tracing_backend_list_end = .

tdata           0x000084c0        0x0
 *(SORT_BY_ALIGNMENT(.tdata) SORT_BY_ALIGNMENT(.tdata.*) SORT_BY_ALIGNMENT(.gnu.linkonce.td.*))

tbss            0x000084c0        0x0
 *(SORT_BY_ALIGNMENT(.tbss) SORT_BY_ALIGNMENT(.tbss.*) SORT_BY_ALIGNMENT(.gnu.linkonce.tb.*) SORT_BY_ALIGNMENT(.tcommon))
                [!provide]                PROVIDE (__tdata_start = LOADADDR (tdata))
                [!provide]                PROVIDE (__tdata_size = SIZEOF (tdata))
                [!provide]                PROVIDE (__tdata_end = (__tdata_start + __tdata_size))
                [!provide]                PROVIDE (__tbss_start = LOADADDR (tbss))
                [!provide]                PROVIDE (__tbss_size = SIZEOF (tbss))
                [!provide]                PROVIDE (__tbss_end = (__tbss_start + __tbss_size))
                [!provide]                PROVIDE (__tls_start = __tdata_start)
                [!provide]                PROVIDE (__tls_end = __tbss_end)
                [!provide]                PROVIDE (__tls_size = (__tbss_end - __tdata_start))

rodata          0x000084c0     0x1160
 *(SORT_BY_ALIGNMENT(.rodata))
 *(SORT_BY_ALIGNMENT(.rodata.*))
 .rodata.delay_machine_code.9207
                0x000084c0        0x6 zephyr/libzephyr.a(soc.c.obj)
 *fill*         0x000084c6        0x2 
 .rodata.bootutil_key_cnt
                0x000084c8        0x4 app/libapp.a(keys.c.obj)
                0x000084c8                bootutil_key_cnt
 .rodata.bootutil_keys
                0x000084cc        0x8 app/libapp.a(keys.c.obj)
                0x000084cc                bootutil_keys
 .rodata.rsa_pub_key_len
                0x000084d4        0x4 app/libapp.a(autogen-pubkey.c.obj)
                0x000084d4                rsa_pub_key_len
 .rodata.default_flash_map
                0x000084d8       0x70 zephyr/libzephyr.a(flash_map_default.c.obj)
                0x000084d8                default_flash_map
 .rodata.flash_map_entries
                0x00008548        0x4 zephyr/libzephyr.a(flash_map_default.c.obj)
                0x00008548                flash_map_entries
 .rodata.clock_control_api
                0x0000854c       0x14 zephyr/libzephyr.a(clock_control_nrf.c.obj)
 .rodata.config
                0x00008560       0x30 zephyr/libzephyr.a(clock_control_nrf.c.obj)
 .rodata.transitions.11356
                0x00008590        0xc zephyr/libzephyr.a(clock_control_nrf.c.obj)
 .rodata.apis   0x0000859c        0x8 zephyr/libzephyr.a(nrf_cc3xx_platform_abort_zephyr.c.obj)
 .rodata.mutex_apis
                0x000085a4       0x10 zephyr/libzephyr.a(nrf_cc3xx_platform_mutex_zephyr.c.obj)
 .rodata.mutexes
                0x000085b4       0x14 zephyr/libzephyr.a(nrf_cc3xx_platform_mutex_zephyr.c.obj)
 .rodata.static_regions
                0x000085c8        0xc zephyr/arch/arch/arm/core/aarch32/cortex_m/mpu/libarch__arm__core__aarch32__cortex_m__mpu.a(arm_core_mpu.c.obj)
 .rodata.mpu_config
                0x000085d4        0x8 zephyr/soc/arm/common/cortex_m/libsoc__arm__common__cortex_m.a(arm_mpu_regions.c.obj)
                0x000085d4                mpu_config
 .rodata.mpu_regions
                0x000085dc       0x20 zephyr/soc/arm/common/cortex_m/libsoc__arm__common__cortex_m.a(arm_mpu_regions.c.obj)
 .rodata.gpio_nrfx_drv_api_funcs
                0x000085fc       0x24 zephyr/drivers/gpio/libdrivers__gpio.a(gpio_nrfx.c.obj)
 .rodata.gpio_nrfx_p0_cfg
                0x00008620        0xc zephyr/drivers/gpio/libdrivers__gpio.a(gpio_nrfx.c.obj)
 .rodata.gpio_nrfx_p1_cfg
                0x0000862c        0xc zephyr/drivers/gpio/libdrivers__gpio.a(gpio_nrfx.c.obj)
 .rodata.flash_nrf_api
                0x00008638       0x18 zephyr/drivers/flash/libdrivers__flash.a(soc_flash_nrf.c.obj)
 .rodata.flash_nrf_parameters
                0x00008650        0x8 zephyr/drivers/flash/libdrivers__flash.a(soc_flash_nrf.c.obj)
 .rodata.uart_nrfx_uarte_driver_api
                0x00008658       0x4c zephyr/drivers/serial/libdrivers__serial.a(uart_nrfx_uarte.c.obj)
 .rodata.uarte_0z_config
                0x000086a4        0x8 zephyr/drivers/serial/libdrivers__serial.a(uart_nrfx_uarte.c.obj)
 .rodata.boot_img_magic
                0x000086ac       0x10 modules/mcuboot/boot/bootutil/zephyr/lib..__mcuboot__boot__bootutil__zephyr.a(bootutil_public.c.obj)
                0x000086ac                boot_img_magic
 .rodata.K      0x000086bc      0x100 modules/mbedtls/lib..__modules__crypto__mbedtls.a(sha256.c.obj)
 .rodata.levels.9426
                0x000087bc       0x14 zephyr/kernel/libkernel.a(device.c.obj)
 .rodata._k_neg_eagain
                0x000087d0        0x4 zephyr/kernel/libkernel.a(errno.c.obj)
                0x000087d0                _k_neg_eagain
 .rodata.CSWTCH.19
                0x000087d4       0x14 zephyr/kernel/libkernel.a(fatal.c.obj)
 .rodata.CSWTCH.6
                0x000087e8       0x20 C:/nrf_workspace/test1_5/nrfxlib/crypto/nrf_cc312_platform/lib/cortex-m33/soft-float/no-interrupts/libnrf_cc312_platform_0.9.7.a(nrf_cc3xx_platform.c.obj)
 .rodata.mutex_free.str1.4
                0x00008808       0x26 C:/nrf_workspace/test1_5/nrfxlib/crypto/nrf_cc312_platform/lib/cortex-m33/soft-float/no-interrupts/libnrf_cc312_platform_0.9.7.a(nrf_cc3xx_platform_mutex.c.obj)
 *fill*         0x0000882e        0x2 
 .rodata.mutex_init.str1.4
                0x00008830       0x23 C:/nrf_workspace/test1_5/nrfxlib/crypto/nrf_cc312_platform/lib/cortex-m33/soft-float/no-interrupts/libnrf_cc312_platform_0.9.7.a(nrf_cc3xx_platform_mutex.c.obj)
 *fill*         0x00008853        0x1 
 .rodata.CC_PalPowerSaveModeInit.str1.4
                0x00008854       0x20 C:/nrf_workspace/test1_5/nrfxlib/crypto/nrf_cc312_platform/lib/cortex-m33/soft-float/no-interrupts/libnrf_cc312_platform_0.9.7.a(cc_pal_pm.c.obj)
 .rodata.main.str1.1
                0x00008874      0x110 app/libapp.a(main.c.obj)
 .rodata.str1.1
                0x00008984        0x8 app/libapp.a(main.c.obj)
 .rodata.flash_device_base.str1.1
                0x0000898c       0x26 app/libapp.a(flash_map_extended.c.obj)
 .rodata.pss_zeros
                0x000089b2        0x8 app/libapp.a(image_rsa.c.obj)
 .rodata.boot_validate_slot.isra.0.str1.1
                0x000089ba       0x3a app/libapp.a(loader.c.obj)
 .rodata.boot_swap_image.str1.1
                0x000089f4       0x2f app/libapp.a(loader.c.obj)
 .rodata.context_boot_go.str1.1
                0x00008a23       0xa4 app/libapp.a(loader.c.obj)
 .rodata.swap_read_status_bytes.str1.1
                0x00008ac7       0x23 app/libapp.a(swap_move.c.obj)
 .rodata.boot_slots_compatible.str1.1
                0x00008aea       0x93 app/libapp.a(swap_move.c.obj)
 .rodata.swap_status_source.str1.1
                0x00008b7d       0xa4 app/libapp.a(swap_move.c.obj)
 .rodata.swap_run.str1.1
                0x00008c21       0x2f app/libapp.a(swap_move.c.obj)
 .rodata.rsa_pub_key
                0x00008c50      0x10e app/libapp.a(autogen-pubkey.c.obj)
                0x00008c50                rsa_pub_key
 .rodata.cbvprintf.str1.1
                0x00008d5e        0x9 zephyr/libzephyr.a(cbprintf_nano.c.obj)
 .rodata.check_erratum19.str1.1
                0x00008d67       0x88 zephyr/libzephyr.a(soc.c.obj)
 .rodata.str1.1
                0x00008def        0x4 zephyr/libzephyr.a(soc.c.obj)
 .rodata.CSWTCH.21
                0x00008df3        0x4 zephyr/libzephyr.a(soc.c.obj)
 .rodata.str1.1
                0x00008df7       0x13 zephyr/libzephyr.a(flash_map_default.c.obj)
 .rodata.str1.1
                0x00008df7        0x6 zephyr/libzephyr.a(power.c.obj)
 .rodata.sys_reboot.str1.1
                0x00008dfd       0x29 zephyr/libzephyr.a(reboot.c.obj)
 .rodata.uart_console_init.str1.1
                0x00008e26        0x7 zephyr/libzephyr.a(uart_console.c.obj)
 .rodata.str1.1
                0x00008e2d       0x35 zephyr/libzephyr.a(clock_control_nrf.c.obj)
 .rodata.str1.1
                0x00008e62        0xa zephyr/libzephyr.a(sys_clock_init.c.obj)
 .rodata.mutex_free_platform.str1.1
                0x00008e6c       0x26 zephyr/libzephyr.a(nrf_cc3xx_platform_mutex_zephyr.c.obj)
 .rodata.mutex_init_platform.str1.1
                0x00008e92       0x2d zephyr/libzephyr.a(nrf_cc3xx_platform_mutex_zephyr.c.obj)
 .rodata.z_arm_fatal_error.str1.1
                0x00008ebf       0xaf zephyr/arch/arch/arm/core/aarch32/libarch__arm__core__aarch32.a(fatal.c.obj)
 .rodata.mem_manage_fault.isra.0.str1.1
                0x00008f6e       0xfb zephyr/arch/arch/arm/core/aarch32/cortex_m/libarch__arm__core__aarch32__cortex_m.a(fault.c.obj)
 .rodata.bus_fault.isra.0.str1.1
                0x00009069       0xa6 zephyr/arch/arch/arm/core/aarch32/cortex_m/libarch__arm__core__aarch32__cortex_m.a(fault.c.obj)
 .rodata.usage_fault.isra.0.str1.1
                0x0000910f      0x11f zephyr/arch/arch/arm/core/aarch32/cortex_m/libarch__arm__core__aarch32__cortex_m.a(fault.c.obj)
 .rodata.z_arm_fault.str1.1
                0x0000922e      0x117 zephyr/arch/arch/arm/core/aarch32/cortex_m/libarch__arm__core__aarch32__cortex_m.a(fault.c.obj)
 .rodata.str1.1
                0x00009345        0x4 zephyr/arch/arch/arm/core/aarch32/cortex_m/mpu/libarch__arm__core__aarch32__cortex_m__mpu.a(arm_core_mpu.c.obj)
 .rodata.mpu_configure_region.str1.1
                0x00009349       0x2b zephyr/arch/arch/arm/core/aarch32/cortex_m/mpu/libarch__arm__core__aarch32__cortex_m__mpu.a(arm_mpu.c.obj)
 .rodata.mpu_configure_regions_and_partition.constprop.0.str1.1
                0x00009374       0x50 zephyr/arch/arch/arm/core/aarch32/cortex_m/mpu/libarch__arm__core__aarch32__cortex_m__mpu.a(arm_mpu.c.obj)
 .rodata.str1.1
                0x000093c4        0xf zephyr/soc/arm/common/cortex_m/libsoc__arm__common__cortex_m.a(arm_mpu_regions.c.obj)
 .rodata.str1.1
                0x000093d3        0xe zephyr/drivers/gpio/libdrivers__gpio.a(gpio_nrfx.c.obj)
 .rodata.flash_nrf_erase.str1.1
                0x000093e1       0x46 zephyr/drivers/flash/libdrivers__flash.a(soc_flash_nrf.c.obj)
 .rodata.flash_nrf_write.str1.1
                0x00009427       0x23 zephyr/drivers/flash/libdrivers__flash.a(soc_flash_nrf.c.obj)
 .rodata.str1.1
                0x0000944a        0xa zephyr/drivers/flash/libdrivers__flash.a(soc_flash_nrf.c.obj)
                                 0x1d (size before relaxing)
 .rodata.uarte_0_init.str1.1
                0x00009454       0x24 zephyr/drivers/serial/libdrivers__serial.a(uart_nrfx_uarte.c.obj)
 .rodata.str1.1
                0x00009478       0x10 zephyr/drivers/serial/libdrivers__serial.a(uart_nrfx_uarte.c.obj)
                                 0x17 (size before relaxing)
 .rodata.k_sys_fatal_error_handler.str1.1
                0x00009488       0x16 modules/nrf/lib/fatal_error/lib..__nrf__lib__fatal_error.a(fatal_error.c.obj)
 .rodata.str1.1
                0x0000949e        0xc modules/nrf/lib/fatal_error/lib..__nrf__lib__fatal_error.a(fatal_error.c.obj)
 .rodata.str1.1
                0x000094aa        0xb modules/nrf/drivers/hw_cc310/lib..__nrf__drivers__hw_cc310.a(hw_cc310.c.obj)
 .rodata.boot_swap_type_multi.str1.1
                0x000094b5       0x4b modules/mcuboot/boot/bootutil/zephyr/lib..__mcuboot__boot__bootutil__zephyr.a(bootutil_public.c.obj)
 .rodata.boot_swap_tables
                0x00009500       0x12 modules/mcuboot/boot/bootutil/zephyr/lib..__mcuboot__boot__bootutil__zephyr.a(bootutil_public.c.obj)
 .rodata.CSWTCH.1
                0x00009512        0x4 modules/hal_nordic/libmodules__hal_nordic.a(system_nrf5340_application.c.obj)
 .rodata.z_fatal_error.str1.1
                0x00009516       0x86 zephyr/kernel/libkernel.a(fatal.c.obj)
 .rodata.str1.1
                0x0000959c       0x4a zephyr/kernel/libkernel.a(fatal.c.obj)
 .rodata.str1.1
                0x000095e6        0x3 zephyr/kernel/libkernel.a(init.c.obj)
 .rodata.boot_banner.str1.1
                0x000095e9       0x36 zephyr/kernel/libkernel.a(banner.c.obj)
                                 0x37 (size before relaxing)
 *(SORT_BY_ALIGNMENT(.gnu.linkonce.r.*))
                0x00009620                . = ALIGN (0x4)
 *fill*         0x0000961f        0x1 
                0x00009620                _image_rodata_end = .
                0x00009620                . = ALIGN (_region_min_align)
                0x00009620                _image_rom_end = .
                0x20000000                . = 0x20000000
                0x20000000                . = ALIGN (_region_min_align)
                0x20000000                _image_ram_start = .

.ramfunc        0x20000000        0x0 load address 0x00009620
                0x20000000                . = ALIGN (_region_min_align)
                0x20000000                _ramfunc_ram_start = .
 *(SORT_BY_ALIGNMENT(.ramfunc))
 *(SORT_BY_ALIGNMENT(.ramfunc.*))
                0x20000000                . = ALIGN (_region_min_align)
                0x20000000                _ramfunc_ram_end = .
                0x00000000                _ramfunc_ram_size = (_ramfunc_ram_end - _ramfunc_ram_start)
                0x00009620                _ramfunc_rom_start = LOADADDR (.ramfunc)

datas           0x20000000       0xdc load address 0x00009620
                0x20000000                __data_ram_start = .
 *(SORT_BY_ALIGNMENT(.data))
 *(SORT_BY_ALIGNMENT(.data.*))
 .data.FIH_FAILURE
                0x20000000        0x4 app/libapp.a(fault_injection_hardening.c.obj)
                0x20000000                FIH_FAILURE
 .data.g_last_idx
                0x20000004        0x4 app/libapp.a(swap_move.c.obj)
 .data._char_out
                0x20000008        0x4 zephyr/libzephyr.a(printk.c.obj)
                0x20000008                _char_out
 .data.flash_map
                0x2000000c        0x4 zephyr/libzephyr.a(flash_map_default.c.obj)
                0x2000000c                flash_map
 .data.asym_mutex
                0x20000010        0x8 zephyr/libzephyr.a(nrf_cc3xx_platform_mutex_zephyr.c.obj)
 .data.power_mutex
                0x20000018        0x8 zephyr/libzephyr.a(nrf_cc3xx_platform_mutex_zephyr.c.obj)
 .data.rng_mutex
                0x20000020        0x8 zephyr/libzephyr.a(nrf_cc3xx_platform_mutex_zephyr.c.obj)
 .data.sym_mutex
                0x20000028        0x8 zephyr/libzephyr.a(nrf_cc3xx_platform_mutex_zephyr.c.obj)
 .data._stdout_hook
                0x20000030        0x4 zephyr/lib/libc/minimal/liblib__libc__minimal.a(stdout_console.c.obj)
 .data.uarte0_int_driven
                0x20000034       0x14 zephyr/drivers/serial/libdrivers__serial.a(uart_nrfx_uarte.c.obj)
 .data.uarte_0_data
                0x20000048       0x18 zephyr/drivers/serial/libdrivers__serial.a(uart_nrfx_uarte.c.obj)
 .data.SystemCoreClock
                0x20000060        0x4 modules/hal_nordic/libmodules__hal_nordic.a(system_nrf5340_application.c.obj)
                0x20000060                SystemCoreClock
 .data.mbedtls_calloc_func
                0x20000064        0x4 modules/mbedtls/lib..__modules__crypto__mbedtls.a(platform.c.obj)
 .data.mbedtls_exit
                0x20000068        0x4 modules/mbedtls/lib..__modules__crypto__mbedtls.a(platform.c.obj)
                0x20000068                mbedtls_exit
 .data.mbedtls_free_func
                0x2000006c        0x4 modules/mbedtls/lib..__modules__crypto__mbedtls.a(platform.c.obj)
 .data.memset_func
                0x20000070        0x4 modules/mbedtls/lib..__modules__crypto__mbedtls.a(platform_util.c.obj)
 .data.timeout_list
                0x20000074        0x8 zephyr/kernel/libkernel.a(timeout.c.obj)
 .data.platform_abort_apis
                0x2000007c        0x8 C:/nrf_workspace/test1_5/nrfxlib/crypto/nrf_cc312_platform/lib/cortex-m33/soft-float/no-interrupts/libnrf_cc312_platform_0.9.7.a(nrf_cc3xx_platform_abort.c.obj)
                0x2000007c                platform_abort_apis
 .data.asym_mutex
                0x20000084        0x8 C:/nrf_workspace/test1_5/nrfxlib/crypto/nrf_cc312_platform/lib/cortex-m33/soft-float/no-interrupts/libnrf_cc312_platform_0.9.7.a(nrf_cc3xx_platform_mutex.c.obj)
 .data.platform_mutex_apis
                0x2000008c       0x10 C:/nrf_workspace/test1_5/nrfxlib/crypto/nrf_cc312_platform/lib/cortex-m33/soft-float/no-interrupts/libnrf_cc312_platform_0.9.7.a(nrf_cc3xx_platform_mutex.c.obj)
                0x2000008c                platform_mutex_apis
 .data.platform_mutexes
                0x2000009c       0x14 C:/nrf_workspace/test1_5/nrfxlib/crypto/nrf_cc312_platform/lib/cortex-m33/soft-float/no-interrupts/libnrf_cc312_platform_0.9.7.a(nrf_cc3xx_platform_mutex.c.obj)
                0x2000009c                platform_mutexes
 .data.power_mutex
                0x200000b0        0x8 C:/nrf_workspace/test1_5/nrfxlib/crypto/nrf_cc312_platform/lib/cortex-m33/soft-float/no-interrupts/libnrf_cc312_platform_0.9.7.a(nrf_cc3xx_platform_mutex.c.obj)
 .data.rng_mutex
                0x200000b8        0x8 C:/nrf_workspace/test1_5/nrfxlib/crypto/nrf_cc312_platform/lib/cortex-m33/soft-float/no-interrupts/libnrf_cc312_platform_0.9.7.a(nrf_cc3xx_platform_mutex.c.obj)
 .data.sym_mutex
                0x200000c0        0x8 C:/nrf_workspace/test1_5/nrfxlib/crypto/nrf_cc312_platform/lib/cortex-m33/soft-float/no-interrupts/libnrf_cc312_platform_0.9.7.a(nrf_cc3xx_platform_mutex.c.obj)
 .data.CCAsymCryptoMutex
                0x200000c8        0x4 C:/nrf_workspace/test1_5/nrfxlib/crypto/nrf_cc312_platform/lib/cortex-m33/soft-float/no-interrupts/libnrf_cc312_platform_0.9.7.a(cc_pal.c.obj)
                0x200000c8                CCAsymCryptoMutex
 .data.CCPowerMutex
                0x200000cc        0x4 C:/nrf_workspace/test1_5/nrfxlib/crypto/nrf_cc312_platform/lib/cortex-m33/soft-float/no-interrupts/libnrf_cc312_platform_0.9.7.a(cc_pal.c.obj)
                0x200000cc                CCPowerMutex
 .data.CCRndCryptoMutex
                0x200000d0        0x4 C:/nrf_workspace/test1_5/nrfxlib/crypto/nrf_cc312_platform/lib/cortex-m33/soft-float/no-interrupts/libnrf_cc312_platform_0.9.7.a(cc_pal.c.obj)
                0x200000d0                CCRndCryptoMutex
 .data.CCSymCryptoMutex
                0x200000d4        0x4 C:/nrf_workspace/test1_5/nrfxlib/crypto/nrf_cc312_platform/lib/cortex-m33/soft-float/no-interrupts/libnrf_cc312_platform_0.9.7.a(cc_pal.c.obj)
                0x200000d4                CCSymCryptoMutex
 .data.pCCRndCryptoMutex
                0x200000d8        0x4 C:/nrf_workspace/test1_5/nrfxlib/crypto/nrf_cc312_platform/lib/cortex-m33/soft-float/no-interrupts/libnrf_cc312_platform_0.9.7.a(cc_pal.c.obj)
                0x200000d8                pCCRndCryptoMutex
 *(SORT_BY_ALIGNMENT(.kernel.*))
                0x00009620                __data_rom_start = LOADADDR (datas)

devices         0x200000dc       0x74 load address 0x000096fc
                0x200000dc                __device_start = .
                0x200000dc                __device_PRE_KERNEL_1_start = .
 *(SORT_BY_NAME(SORT_BY_ALIGNMENT(.device_PRE_KERNEL_1[0-9]*)))
 .device_PRE_KERNEL_150
                0x200000dc       0x10 zephyr/libzephyr.a(clock_control_nrf.c.obj)
                0x200000dc                __device_DT_N_S_soc_S_peripheral_50000000_S_clock_5000
 .device_PRE_KERNEL_150
                0x200000ec       0x10 zephyr/drivers/serial/libdrivers__serial.a(uart_nrfx_uarte.c.obj)
                0x200000ec                __device_DT_N_S_soc_S_peripheral_50000000_S_uart_8000
 *(SORT_BY_NAME(SORT_BY_ALIGNMENT(.device_PRE_KERNEL_1[1-9][0-9]*)))
                0x200000fc                __device_PRE_KERNEL_2_start = .
 *(SORT_BY_NAME(SORT_BY_ALIGNMENT(.device_PRE_KERNEL_2[0-9]*)))
 .device_PRE_KERNEL_20
                0x200000fc       0x10 zephyr/libzephyr.a(sys_clock_init.c.obj)
 *(SORT_BY_NAME(SORT_BY_ALIGNMENT(.device_PRE_KERNEL_2[1-9][0-9]*)))
                0x2000010c                __device_POST_KERNEL_start = .
 *(SORT_BY_NAME(SORT_BY_ALIGNMENT(.device_POST_KERNEL[0-9]*)))
 .device_POST_KERNEL40
                0x2000010c       0x20 zephyr/drivers/gpio/libdrivers__gpio.a(gpio_nrfx.c.obj)
                0x2000010c                __device_DT_N_S_soc_S_peripheral_50000000_S_gpio_842500
                0x2000011c                __device_DT_N_S_soc_S_peripheral_50000000_S_gpio_842800
 .device_POST_KERNEL40
                0x2000012c       0x10 modules/nrf/drivers/hw_cc310/lib..__nrf__drivers__hw_cc310.a(hw_cc310.c.obj)
 .device_POST_KERNEL50
                0x2000013c       0x10 zephyr/drivers/flash/libdrivers__flash.a(soc_flash_nrf.c.obj)
                0x2000013c                __device_DT_N_S_soc_S_peripheral_50000000_S_flash_controller_39000
 *(SORT_BY_NAME(SORT_BY_ALIGNMENT(.device_POST_KERNEL[1-9][0-9]*)))
                0x2000014c                __device_APPLICATION_start = .
 *(SORT_BY_NAME(SORT_BY_ALIGNMENT(.device_APPLICATION[0-9]*)))
 *(SORT_BY_NAME(SORT_BY_ALIGNMENT(.device_APPLICATION[1-9][0-9]*)))
                0x2000014c                __device_SMP_start = .
 *(SORT_BY_NAME(SORT_BY_ALIGNMENT(.device_SMP[0-9]*)))
 *(SORT_BY_NAME(SORT_BY_ALIGNMENT(.device_SMP[1-9][0-9]*)))
                0x2000014c                __device_end = .
 FILL mask 0x00
                0x2000014c                __device_init_status_start = .
                0x20000150                . = (. + (((((__device_end - __device_start) / 0x10) + 0x1f) / 0x20) * 0x4))
 *fill*         0x2000014c        0x4 00
                0x20000150                __device_init_status_end = .

initshell       0x20000150        0x0 load address 0x00009770
                0x20000150                __shell_module_start = .
 *(SORT_BY_ALIGNMENT(.shell_module_*))
                0x20000150                __shell_module_end = .
                0x20000150                __shell_cmd_start = .
 *(SORT_BY_ALIGNMENT(.shell_cmd_*))
                0x20000150                __shell_cmd_end = .

log_dynamic_sections
                0x20000150        0x0 load address 0x00009770
                0x20000150                __log_dynamic_start = .
 *(SORT_BY_NAME(SORT_BY_ALIGNMENT(.log_dynamic_*)))
                0x20000150                __log_dynamic_end = .

_static_thread_data_area
                0x20000150        0x0 load address 0x00009770
                0x20000150                __static_thread_data_list_start = .
 *(SORT_BY_NAME(SORT_BY_ALIGNMENT(.__static_thread_data.static.*)))
                0x20000150                __static_thread_data_list_end = .

k_timer_area    0x20000150        0x0 load address 0x00009770
                0x20000150                _k_timer_list_start = .
 *(SORT_BY_NAME(SORT_BY_ALIGNMENT(._k_timer.static.*)))
                0x20000150                _k_timer_list_end = .

k_mem_slab_area
                0x20000150        0x0 load address 0x00009770
                0x20000150                _k_mem_slab_list_start = .
 *(SORT_BY_NAME(SORT_BY_ALIGNMENT(._k_mem_slab.static.*)))
                0x20000150                _k_mem_slab_list_end = .

k_mem_pool_area